Archive member included to satisfy reference by file (symbol)

c:/program files (x86)/gnu tools arm embedded/5.4 2016q2/bin/../lib/gcc/arm-none-eabi/5.4.1/../../../../arm-none-eabi/lib/armv7e-m/softfp\libstdc++_nano.a(del_op.o)
                              common\BusIn.o (operator delete(void*))
c:/program files (x86)/gnu tools arm embedded/5.4 2016q2/bin/../lib/gcc/arm-none-eabi/5.4.1/../../../../arm-none-eabi/lib/armv7e-m/softfp\libstdc++_nano.a(si_class_type_info.o)
                              common\FileSystemLike.o (vtable for __cxxabiv1::__si_class_type_info)
c:/program files (x86)/gnu tools arm embedded/5.4 2016q2/bin/../lib/gcc/arm-none-eabi/5.4.1/../../../../arm-none-eabi/lib/armv7e-m/softfp\libstdc++_nano.a(eh_personality.o)
                              common\BusIn.o (__gxx_personality_v0)
c:/program files (x86)/gnu tools arm embedded/5.4 2016q2/bin/../lib/gcc/arm-none-eabi/5.4.1/../../../../arm-none-eabi/lib/armv7e-m/softfp\libstdc++_nano.a(vmi_class_type_info.o)
                              common\FileLike.o (vtable for __cxxabiv1::__vmi_class_type_info)
c:/program files (x86)/gnu tools arm embedded/5.4 2016q2/bin/../lib/gcc/arm-none-eabi/5.4.1/../../../../arm-none-eabi/lib/armv7e-m/softfp\libstdc++_nano.a(new_op.o)
                              common\BusIn.o (operator new(unsigned int))
c:/program files (x86)/gnu tools arm embedded/5.4 2016q2/bin/../lib/gcc/arm-none-eabi/5.4.1/../../../../arm-none-eabi/lib/armv7e-m/softfp\libstdc++_nano.a(eh_terminate.o)
                              c:/program files (x86)/gnu tools arm embedded/5.4 2016q2/bin/../lib/gcc/arm-none-eabi/5.4.1/../../../../arm-none-eabi/lib/armv7e-m/softfp\libstdc++_nano.a(eh_personality.o) (std::terminate())
c:/program files (x86)/gnu tools arm embedded/5.4 2016q2/bin/../lib/gcc/arm-none-eabi/5.4.1/../../../../arm-none-eabi/lib/armv7e-m/softfp\libstdc++_nano.a(tinfo.o)
                              c:/program files (x86)/gnu tools arm embedded/5.4 2016q2/bin/../lib/gcc/arm-none-eabi/5.4.1/../../../../arm-none-eabi/lib/armv7e-m/softfp\libstdc++_nano.a(si_class_type_info.o) (std::type_info::__is_function_p() const)
c:/program files (x86)/gnu tools arm embedded/5.4 2016q2/bin/../lib/gcc/arm-none-eabi/5.4.1/../../../../arm-none-eabi/lib/armv7e-m/softfp\libstdc++_nano.a(eh_arm.o)
                              common\BusIn.o (__cxa_end_cleanup)
c:/program files (x86)/gnu tools arm embedded/5.4 2016q2/bin/../lib/gcc/arm-none-eabi/5.4.1/../../../../arm-none-eabi/lib/armv7e-m/softfp\libstdc++_nano.a(class_type_info.o)
                              c:/program files (x86)/gnu tools arm embedded/5.4 2016q2/bin/../lib/gcc/arm-none-eabi/5.4.1/../../../../arm-none-eabi/lib/armv7e-m/softfp\libstdc++_nano.a(si_class_type_info.o) (__cxxabiv1::__class_type_info::__do_upcast(__cxxabiv1::__class_type_info const*, void**) const)
c:/program files (x86)/gnu tools arm embedded/5.4 2016q2/bin/../lib/gcc/arm-none-eabi/5.4.1/../../../../arm-none-eabi/lib/armv7e-m/softfp\libstdc++_nano.a(pure.o)
                              common\FileLike.o (__cxa_pure_virtual)
c:/program files (x86)/gnu tools arm embedded/5.4 2016q2/bin/../lib/gcc/arm-none-eabi/5.4.1/../../../../arm-none-eabi/lib/armv7e-m/softfp\libstdc++_nano.a(eh_call.o)
                              c:/program files (x86)/gnu tools arm embedded/5.4 2016q2/bin/../lib/gcc/arm-none-eabi/5.4.1/../../../../arm-none-eabi/lib/armv7e-m/softfp\libstdc++_nano.a(eh_personality.o) (__cxa_call_terminate)
c:/program files (x86)/gnu tools arm embedded/5.4 2016q2/bin/../lib/gcc/arm-none-eabi/5.4.1/../../../../arm-none-eabi/lib/armv7e-m/softfp\libstdc++_nano.a(new_handler.o)
                              c:/program files (x86)/gnu tools arm embedded/5.4 2016q2/bin/../lib/gcc/arm-none-eabi/5.4.1/../../../../arm-none-eabi/lib/armv7e-m/softfp\libstdc++_nano.a(new_op.o) (std::get_new_handler())
c:/program files (x86)/gnu tools arm embedded/5.4 2016q2/bin/../lib/gcc/arm-none-eabi/5.4.1/../../../../arm-none-eabi/lib/armv7e-m/softfp\libstdc++_nano.a(eh_catch.o)
                              c:/program files (x86)/gnu tools arm embedded/5.4 2016q2/bin/../lib/gcc/arm-none-eabi/5.4.1/../../../../arm-none-eabi/lib/armv7e-m/softfp\libstdc++_nano.a(eh_call.o) (__cxa_begin_catch)
c:/program files (x86)/gnu tools arm embedded/5.4 2016q2/bin/../lib/gcc/arm-none-eabi/5.4.1/../../../../arm-none-eabi/lib/armv7e-m/softfp\libstdc++_nano.a(eh_term_handler.o)
                              c:/program files (x86)/gnu tools arm embedded/5.4 2016q2/bin/../lib/gcc/arm-none-eabi/5.4.1/../../../../arm-none-eabi/lib/armv7e-m/softfp\libstdc++_nano.a(eh_terminate.o) (__cxxabiv1::__terminate_handler)
c:/program files (x86)/gnu tools arm embedded/5.4 2016q2/bin/../lib/gcc/arm-none-eabi/5.4.1/../../../../arm-none-eabi/lib/armv7e-m/softfp\libstdc++_nano.a(eh_unex_handler.o)
[...]
Memory Configuration

Name             Origin             Length             Attributes
FLASH            0x00000000         0x00040000         xr
RAM              0x20000010         0x00007ff0         xrw
*default*        0x00000000         0xffffffff

Linker script and memory map

LOAD c:/program files (x86)/gnu tools arm embedded/5.4 2016q2/bin/../lib/gcc/arm-none-eabi/5.4.1/armv7e-m/softfp/crti.o
LOAD c:/program files (x86)/gnu tools arm embedded/5.4 2016q2/bin/../lib/gcc/arm-none-eabi/5.4.1/armv7e-m/softfp/crtbegin.o
LOAD c:/program files (x86)/gnu tools arm embedded/5.4 2016q2/bin/../lib/gcc/arm-none-eabi/5.4.1/../../../../arm-none-eabi/lib/armv7e-m/softfp/crt0.o
LOAD common\AnalogIn.o
LOAD common\BusIn.o
LOAD common\BusInOut.o
LOAD common\BusOut.o
LOAD common\CAN.o
LOAD common\CallChain.o
LOAD common\Ethernet.o
LOAD common\FileBase.o
LOAD common\FileLike.o
LOAD common\FilePath.o
LOAD common\FileSystemLike.o
LOAD common\I2C.o
LOAD common\I2CSlave.o
LOAD common\InterruptIn.o
LOAD common\InterruptManager.o
LOAD common\LocalFileSystem.o
LOAD common\RawSerial.o
LOAD common\SPI.o
LOAD common\SPISlave.o
LOAD common\Serial.o
LOAD common\SerialBase.o
LOAD common\Stream.o
LOAD common\Ticker.o
LOAD common\Timeout.o
LOAD common\Timer.o
LOAD common\TimerEvent.o
LOAD common\assert.o
LOAD common\board.o
LOAD common\critical.o
LOAD common\error.o
LOAD common\gpio.o
LOAD common\lp_ticker_api.o
LOAD common\mbed_interface.o
LOAD common\pinmap_common.o
LOAD common\retarget.o
LOAD common\rtc_time.o
LOAD common\semihost_api.o
LOAD common\ticker_api.o
LOAD common\us_ticker_api.o
LOAD common\wait_api.o
LOAD main.o
LOAD target\cmsis\cmsis_nvic.o
LOAD target\cmsis\startup_tiva.o
LOAD target\cmsis\system_LM4F.o
LOAD target\hal\TARGET_TivaC\gpio_api.o
LOAD target\hal\TARGET_TivaC\us_ticker.o
LOAD c:/program files (x86)/gnu tools arm embedded/5.4 2016q2/bin/../lib/gcc/arm-none-eabi/5.4.1/../../../../arm-none-eabi/lib/armv7e-m/softfp\libstdc++_nano.a
LOAD c:/program files (x86)/gnu tools arm embedded/5.4 2016q2/bin/../lib/gcc/arm-none-eabi/5.4.1/../../../../arm-none-eabi/lib/armv7e-m/softfp\libm.a
START GROUP
LOAD c:/program files (x86)/gnu tools arm embedded/5.4 2016q2/bin/../lib/gcc/arm-none-eabi/5.4.1/armv7e-m/softfp\libgcc.a
LOAD c:/program files (x86)/gnu tools arm embedded/5.4 2016q2/bin/../lib/gcc/arm-none-eabi/5.4.1/../../../../arm-none-eabi/lib/armv7e-m/softfp\libg_nano.a
LOAD c:/program files (x86)/gnu tools arm embedded/5.4 2016q2/bin/../lib/gcc/arm-none-eabi/5.4.1/../../../../arm-none-eabi/lib/armv7e-m/softfp\libc_nano.a
END GROUP
START GROUP
LOAD c:/program files (x86)/gnu tools arm embedded/5.4 2016q2/bin/../lib/gcc/arm-none-eabi/5.4.1/armv7e-m/softfp\libgcc.a
LOAD c:/program files (x86)/gnu tools arm embedded/5.4 2016q2/bin/../lib/gcc/arm-none-eabi/5.4.1/../../../../arm-none-eabi/lib/armv7e-m/softfp\libc_nano.a
LOAD c:/program files (x86)/gnu tools arm embedded/5.4 2016q2/bin/../lib/gcc/arm-none-eabi/5.4.1/../../../../arm-none-eabi/lib/armv7e-m/softfp\libnosys.a
END GROUP
START GROUP
LOAD c:/program files (x86)/gnu tools arm embedded/5.4 2016q2/bin/../lib/gcc/arm-none-eabi/5.4.1/armv7e-m/softfp\libgcc.a
LOAD c:/program files (x86)/gnu tools arm embedded/5.4 2016q2/bin/../lib/gcc/arm-none-eabi/5.4.1/../../../../arm-none-eabi/lib/armv7e-m/softfp\libc_nano.a
LOAD c:/program files (x86)/gnu tools arm embedded/5.4 2016q2/bin/../lib/gcc/arm-none-eabi/5.4.1/../../../../arm-none-eabi/lib/armv7e-m/softfp\libnosys.a
END GROUP
LOAD c:/program files (x86)/gnu tools arm embedded/5.4 2016q2/bin/../lib/gcc/arm-none-eabi/5.4.1/armv7e-m/softfp/crtend.o
LOAD c:/program files (x86)/gnu tools arm embedded/5.4 2016q2/bin/../lib/gcc/arm-none-eabi/5.4.1/armv7e-m/softfp/crtn.o

.text           0x00000000     0x29fc
 *(.nvic_table)
 .nvic_table    0x00000000      0x26c target\cmsis\startup_tiva.o
                0x00000000                myvectors
 *(.text*)
 .text          0x0000026c       0x5c c:/program files (x86)/gnu tools arm embedded/5.4 2016q2/bin/../lib/gcc/arm-none-eabi/5.4.1/armv7e-m/softfp/crtbegin.o
 .text._ZN4mbed10DigitalOutC2E7PinName
                0x000002c8       0x38 common\BusOut.o
                0x000002c8                mbed::DigitalOut::DigitalOut(PinName)
                0x000002c8                mbed::DigitalOut::DigitalOut(PinName)
 .text._ZN4mbed10DigitalOut5writeEi
                0x00000300       0x1c common\BusOut.o
                0x00000300                mbed::DigitalOut::write(int)
 .text.mbed_assert_internal
                0x0000031c       0x2c common\assert.o
                0x0000031c                mbed_assert_internal
 .text.mbed_die
                0x00000348       0x18 common\board.o
                0x00000348                mbed_die
 .text.mbed_error_printf
                0x00000360       0x24 common\board.o
                0x00000360                mbed_error_printf
 .text.mbed_error_vfprintf
                0x00000384       0x18 common\board.o
                0x00000384                mbed_error_vfprintf
 .text.core_util_are_interrupts_enabled
                0x0000039c       0x28 common\critical.o
                0x0000039c                core_util_are_interrupts_enabled
 .text.core_util_critical_section_enter
                0x000003c4       0x78 common\critical.o
                0x000003c4                core_util_critical_section_enter
 .text._gpio_init_out
                0x0000043c       0x4c common\gpio.o
 .text.gpio_init_out
                0x00000488       0x24 common\gpio.o
                0x00000488                gpio_init_out
 .text.gpio_init_out_ex
                0x000004ac       0x24 common\gpio.o
                0x000004ac                gpio_init_out_ex
 .text.__rtos_malloc_lock
                0x000004d0       0x14 common\retarget.o
                0x000004d0                __rtos_malloc_lock
 .text.__rtos_malloc_unlock
                0x000004e4       0x14 common\retarget.o
                0x000004e4                __rtos_malloc_unlock
 .text.__malloc_lock
                0x000004f8       0x18 common\retarget.o
                0x000004f8                __malloc_lock
 .text.__malloc_unlock
                0x00000510       0x18 common\retarget.o
                0x00000510                __malloc_unlock
 .text.ticker_irq_handler
                0x00000528       0x84 common\ticker_api.o
                0x00000528                ticker_irq_handler
 .text.us_ticker_irq_handler
                0x000005ac       0x14 common\us_ticker_api.o
                0x000005ac                us_ticker_irq_handler
 .text.wait     0x000005c0       0x2c common\wait_api.o
                0x000005c0                wait
 .text.wait_ms  0x000005ec       0x20 common\wait_api.o
                0x000005ec                wait_ms
 .text.wait_us  0x0000060c       0x28 common\wait_api.o
                0x0000060c                wait_us
 .text._ZN4mbed10DigitalOutaSEi
                0x00000634       0x1c main.o
                0x00000634                mbed::DigitalOut::operator=(int)
 .text.main     0x00000650       0x3c main.o
                0x00000650                main
 .text.NVIC_SetVector
                0x0000068c       0x74 target\cmsis\cmsis_nvic.o
                0x0000068c                NVIC_SetVector
 .text.rst_handler
                0x00000700       0x70 target\cmsis\startup_tiva.o
                0x00000700                rst_handler
 .text.nmi_handler
                0x00000770        0x8 target\cmsis\startup_tiva.o
                0x00000770                nmi_handler
 .text.hardfault_handler
                0x00000778        0x8 target\cmsis\startup_tiva.o
                0x00000778                hardfault_handler
 .text.empty_def_handler
                0x00000780        0x8 target\cmsis\startup_tiva.o
                0x00000780                empty_def_handler
 .text.systick_def_handler
                0x00000788       0x10 target\cmsis\startup_tiva.o
                0x00000788                systick_def_handler
 .text.SystemInit
                0x00000798       0xbc target\cmsis\system_LM4F.o
                0x00000798                SystemInit
 .text.gpio_init
                0x00000854      0x178 target\hal\TARGET_TivaC\gpio_api.o
                0x00000854                gpio_init
 .text.gpio_write
                0x000009cc      0x1a4 target\hal\TARGET_TivaC\gpio_api.o
                0x000009cc                gpio_write
 .text.gpio_dir
                0x00000b70       0xec target\hal\TARGET_TivaC\gpio_api.o
                0x00000b70                gpio_dir
 .text.gpio_mode
                0x00000c5c       0x18 target\hal\TARGET_TivaC\gpio_api.o
                0x00000c5c                gpio_mode
 .text.getPortNameForPin
                0x00000c74      0x310 target\hal\TARGET_TivaC\gpio_api.o
                0x00000c74                getPortNameForPin
 .text.getPinValue
                0x00000f84      0x1a0 target\hal\TARGET_TivaC\gpio_api.o
                0x00000f84                getPinValue
 .text.NVIC_EnableIRQ
                0x00001124       0x34 target\hal\TARGET_TivaC\us_ticker.o
 .text.NVIC_ClearPendingIRQ
                0x00001158       0x34 target\hal\TARGET_TivaC\us_ticker.o
 .text.us_ticker_init
                0x0000118c       0x70 target\hal\TARGET_TivaC\us_ticker.o
                0x0000118c                us_ticker_init
 .text.us_ticker_read
                0x000011fc       0x3c target\hal\TARGET_TivaC\us_ticker.o
                0x000011fc                us_ticker_read
 .text.us_ticker_disable_interrupt
                0x00001238       0x20 target\hal\TARGET_TivaC\us_ticker.o
                0x00001238                us_ticker_disable_interrupt
 .text.us_ticker_clear_interrupt
                0x00001258       0x18 target\hal\TARGET_TivaC\us_ticker.o
                0x00001258                us_ticker_clear_interrupt
 .text.us_ticker_set_interrupt
                0x00001270       0x28 target\hal\TARGET_TivaC\us_ticker.o
                0x00001270                us_ticker_set_interrupt
 .text._ZdlPv   0x00001298        0x4 c:/program files (x86)/gnu tools arm embedded/5.4 2016q2/bin/../lib/gcc/arm-none-eabi/5.4.1/../../../../arm-none-eabi/lib/armv7e-m/softfp\libstdc++_nano.a(del_op.o)
                0x00001298                operator delete(void*)
 .text._ZN10__cxxabiv120__si_class_type_infoD2Ev
                0x0000129c       0x14 c:/program files (x86)/gnu tools arm embedded/5.4 2016q2/bin/../lib/gcc/arm-none-eabi/5.4.1/../../../../arm-none-eabi/lib/armv7e-m/softfp\libstdc++_nano.a(si_class_type_info.o)
                0x0000129c                __cxxabiv1::__si_class_type_info::~__si_class_type_info()
                0x0000129c                __cxxabiv1::__si_class_type_info::~__si_class_type_info()
 .text._ZN10__cxxabiv120__si_class_type_infoD0Ev
                0x000012b0       0x12 c:/program files (x86)/gnu tools arm embedded/5.4 2016q2/bin/../lib/gcc/arm-none-eabi/5.4.1/../../../../arm-none-eabi/lib/armv7e-m/softfp\libstdc++_nano.a(si_class_type_info.o)
                0x000012b0                __cxxabiv1::__si_class_type_info::~__si_class_type_info()
 .text._ZNK10__cxxabiv120__si_class_type_info12__do_dyncastEiNS_17__class_type_info10__sub_kindEPKS1_PKvS4_S6_RNS1_16__dyncast_resultE
                0x000012c2       0x7c c:/program files (x86)/gnu tools arm embedded/5.4 2016q2/bin/../lib/gcc/arm-none-eabi/5.4.1/../../../../arm-none-eabi/lib/armv7e-m/softfp\libstdc++_nano.a(si_class_type_info.o)
                0x000012c2                __cxxabiv1::__si_class_type_info::__do_dyncast(int, __cxxabiv1::__class_type_info::__sub_kind, __cxxabiv1::__class_type_info const*, void const*, __cxxabiv1::__class_type_info const*, void const*, __cxxabiv1::__class_type_info::__dyncast_result&) const
 .text._ZNK10__cxxabiv120__si_class_type_info20__do_find_public_srcEiPKvPKNS_17__class_type_infoES2_
                0x0000133e       0x38 c:/program files (x86)/gnu tools arm embedded/5.4 2016q2/bin/../lib/gcc/arm-none-eabi/5.4.1/../../../../arm-none-eabi/lib/armv7e-m/softfp\libstdc++_nano.a(si_class_type_info.o)
                0x0000133e                __cxxabiv1::__si_class_type_info::__do_find_public_src(int, void const*, __cxxabiv1::__class_type_info const*, void const*) const
 .text._ZNK10__cxxabiv120__si_class_type_info11__do_upcastEPKNS_17__class_type_infoEPKvRNS1_15__upcast_resultE
                0x00001376       0x2a c:/program files (x86)/gnu tools arm embedded/5.4 2016q2/bin/../lib/gcc/arm-none-eabi/5.4.1/../../../../arm-none-eabi/lib/armv7e-m/softfp\libstdc++_nano.a(si_class_type_info.o)
                0x00001376                __cxxabiv1::__si_class_type_info::__do_upcast(__cxxabiv1::__class_type_info const*, void const*, __cxxabiv1::__class_type_info::__upcast_result&) const
 .text._ZN10__cxxabiv111__terminateEPFvvE
                0x000013a0        0x8 c:/program files (x86)/gnu tools arm embedded/5.4 2016q2/bin/../lib/gcc/arm-none-eabi/5.4.1/../../../../arm-none-eabi/lib/armv7e-m/softfp\libstdc++_nano.a(eh_terminate.o)
                0x000013a0                __cxxabiv1::__terminate(void (*)())
 .text._ZSt13get_terminatev
                0x000013a8       0x10 c:/program files (x86)/gnu tools arm embedded/5.4 2016q2/bin/../lib/gcc/arm-none-eabi/5.4.1/../../../../arm-none-eabi/lib/armv7e-m/softfp\libstdc++_nano.a(eh_terminate.o)
                0x000013a8                std::get_terminate()
 .text._ZSt9terminatev
                0x000013b8        0xa c:/program files (x86)/gnu tools arm embedded/5.4 2016q2/bin/../lib/gcc/arm-none-eabi/5.4.1/../../../../arm-none-eabi/lib/armv7e-m/softfp\libstdc++_nano.a(eh_terminate.o)
                0x000013b8                std::terminate()
 .text._ZN10__cxxabiv112__unexpectedEPFvvE
                0x000013c2        0x8 c:/program files (x86)/gnu tools arm embedded/5.4 2016q2/bin/../lib/gcc/arm-none-eabi/5.4.1/../../../../arm-none-eabi/lib/armv7e-m/softfp\libstdc++_nano.a(eh_terminate.o)
                0x000013c2                __cxxabiv1::__unexpected(void (*)())
 *fill*         0x000013ca        0x2 
 .text._ZSt14get_unexpectedv
                0x000013cc       0x10 c:/program files (x86)/gnu tools arm embedded/5.4 2016q2/bin/../lib/gcc/arm-none-eabi/5.4.1/../../../../arm-none-eabi/lib/armv7e-m/softfp\libstdc++_nano.a(eh_terminate.o)
                0x000013cc                std::get_unexpected()
 .text._ZSt10unexpectedv
                0x000013dc        0xa c:/program files (x86)/gnu tools arm embedded/5.4 2016q2/bin/../lib/gcc/arm-none-eabi/5.4.1/../../../../arm-none-eabi/lib/armv7e-m/softfp\libstdc++_nano.a(eh_terminate.o)
                0x000013dc                std::unexpected()
 .text._ZNSt9type_infoD2Ev
                0x000013e6        0x2 c:/program files (x86)/gnu tools arm embedded/5.4 2016q2/bin/../lib/gcc/arm-none-eabi/5.4.1/../../../../arm-none-eabi/lib/armv7e-m/softfp\libstdc++_nano.a(tinfo.o)
                0x000013e6                std::type_info::~type_info()
                0x000013e6                std::type_info::~type_info()
 .text._ZNKSt9type_info15__is_function_pEv
                0x000013e8        0x4 c:/program files (x86)/gnu tools arm embedded/5.4 2016q2/bin/../lib/gcc/arm-none-eabi/5.4.1/../../../../arm-none-eabi/lib/armv7e-m/softfp\libstdc++_nano.a(tinfo.o)
                0x000013e8                std::type_info::__is_pointer_p() const
                0x000013e8                std::type_info::__is_function_p() const
 .text._ZNKSt9type_infoeqERKS_
                0x000013ec       0x2c c:/program files (x86)/gnu tools arm embedded/5.4 2016q2/bin/../lib/gcc/arm-none-eabi/5.4.1/../../../../arm-none-eabi/lib/armv7e-m/softfp\libstdc++_nano.a(tinfo.o)
                0x000013ec                std::type_info::operator==(std::type_info const&) const
 .text._ZN10__cxxabiv1L24__is_gxx_exception_classEPc
                0x00001418       0x3a c:/program files (x86)/gnu tools arm embedded/5.4 2016q2/bin/../lib/gcc/arm-none-eabi/5.4.1/../../../../arm-none-eabi/lib/armv7e-m/softfp\libstdc++_nano.a(eh_arm.o)
 *fill*         0x00001452        0x2 
 .text.__cxa_type_match
                0x00001454       0xbc c:/program files (x86)/gnu tools arm embedded/5.4 2016q2/bin/../lib/gcc/arm-none-eabi/5.4.1/../../../../arm-none-eabi/lib/armv7e-m/softfp\libstdc++_nano.a(eh_arm.o)
                0x00001454                __cxa_type_match
 .text.__cxa_begin_cleanup
                0x00001510       0x3a c:/program files (x86)/gnu tools arm embedded/5.4 2016q2/bin/../lib/gcc/arm-none-eabi/5.4.1/../../../../arm-none-eabi/lib/armv7e-m/softfp\libstdc++_nano.a(eh_arm.o)
                0x00001510                __cxa_begin_cleanup
 .text._ZNK10__cxxabiv117__class_type_info11__do_upcastEPKS0_PPv
                0x0000154a       0x34 c:/program files (x86)/gnu tools arm embedded/5.4 2016q2/bin/../lib/gcc/arm-none-eabi/5.4.1/../../../../arm-none-eabi/lib/armv7e-m/softfp\libstdc++_nano.a(class_type_info.o)
                0x0000154a                __cxxabiv1::__class_type_info::__do_upcast(__cxxabiv1::__class_type_info const*, void**) const
 .text._ZNK10__cxxabiv117__class_type_info20__do_find_public_srcEiPKvPKS0_S2_
                0x0000157e        0xc c:/program files (x86)/gnu tools arm embedded/5.4 2016q2/bin/../lib/gcc/arm-none-eabi/5.4.1/../../../../arm-none-eabi/lib/armv7e-m/softfp\libstdc++_nano.a(class_type_info.o)
                0x0000157e                __cxxabiv1::__class_type_info::__do_find_public_src(int, void const*, __cxxabiv1::__class_type_info const*, void const*) const
 *fill*         0x0000158a        0x2 
 .text._ZN10__cxxabiv117__class_type_infoD2Ev
                0x0000158c       0x14 c:/program files (x86)/gnu tools arm embedded/5.4 2016q2/bin/../lib/gcc/arm-none-eabi/5.4.1/../../../../arm-none-eabi/lib/armv7e-m/softfp\libstdc++_nano.a(class_type_info.o)
                0x0000158c                __cxxabiv1::__class_type_info::~__class_type_info()
                0x0000158c                __cxxabiv1::__class_type_info::~__class_type_info()
 .text._ZN10__cxxabiv117__class_type_infoD0Ev
                0x000015a0       0x12 c:/program files (x86)/gnu tools arm embedded/5.4 2016q2/bin/../lib/gcc/arm-none-eabi/5.4.1/../../../../arm-none-eabi/lib/armv7e-m/softfp\libstdc++_nano.a(class_type_info.o)
                0x000015a0                __cxxabiv1::__class_type_info::~__class_type_info()
 .text._ZNK10__cxxabiv117__class_type_info11__do_upcastEPKS0_PKvRNS0_15__upcast_resultE
                0x000015b2       0x18 c:/program files (x86)/gnu tools arm embedded/5.4 2016q2/bin/../lib/gcc/arm-none-eabi/5.4.1/../../../../arm-none-eabi/lib/armv7e-m/softfp\libstdc++_nano.a(class_type_info.o)
                0x000015b2                __cxxabiv1::__class_type_info::__do_upcast(__cxxabiv1::__class_type_info const*, void const*, __cxxabiv1::__class_type_info::__upcast_result&) const
 .text._ZNK10__cxxabiv117__class_type_info12__do_dyncastEiNS0_10__sub_kindEPKS0_PKvS3_S5_RNS0_16__dyncast_resultE
                0x000015ca       0x38 c:/program files (x86)/gnu tools arm embedded/5.4 2016q2/bin/../lib/gcc/arm-none-eabi/5.4.1/../../../../arm-none-eabi/lib/armv7e-m/softfp\libstdc++_nano.a(class_type_info.o)
                0x000015ca                __cxxabiv1::__class_type_info::__do_dyncast(int, __cxxabiv1::__class_type_info::__sub_kind, __cxxabiv1::__class_type_info const*, void const*, __cxxabiv1::__class_type_info const*, void const*, __cxxabiv1::__class_type_info::__dyncast_result&) const
 .text._ZNK10__cxxabiv117__class_type_info10__do_catchEPKSt9type_infoPPvj
                0x00001602       0x2a c:/program files (x86)/gnu tools arm embedded/5.4 2016q2/bin/../lib/gcc/arm-none-eabi/5.4.1/../../../../arm-none-eabi/lib/armv7e-m/softfp\libstdc++_nano.a(class_type_info.o)
                0x00001602                __cxxabiv1::__class_type_info::__do_catch(std::type_info const*, void**, unsigned int) const
 .text._ZN10__cxxabiv1L24__is_gxx_exception_classEPc
                0x0000162c       0x3a c:/program files (x86)/gnu tools arm embedded/5.4 2016q2/bin/../lib/gcc/arm-none-eabi/5.4.1/../../../../arm-none-eabi/lib/armv7e-m/softfp\libstdc++_nano.a(eh_call.o)
 .text.__cxa_call_unexpected
                0x00001666       0x28 c:/program files (x86)/gnu tools arm embedded/5.4 2016q2/bin/../lib/gcc/arm-none-eabi/5.4.1/../../../../arm-none-eabi/lib/armv7e-m/softfp\libstdc++_nano.a(eh_call.o)
                0x00001666                __cxa_call_unexpected
 .text._ZN10__cxxabiv1L24__is_gxx_exception_classEPc
                0x0000168e       0x3a c:/program files (x86)/gnu tools arm embedded/5.4 2016q2/bin/../lib/gcc/arm-none-eabi/5.4.1/../../../../arm-none-eabi/lib/armv7e-m/softfp\libstdc++_nano.a(eh_catch.o)
 .text.__cxa_begin_catch
                0x000016c8       0x54 c:/program files (x86)/gnu tools arm embedded/5.4 2016q2/bin/../lib/gcc/arm-none-eabi/5.4.1/../../../../arm-none-eabi/lib/armv7e-m/softfp\libstdc++_nano.a(eh_catch.o)
                0x000016c8                __cxa_begin_catch
 .text.__cxa_get_globals
                0x0000171c        0x8 c:/program files (x86)/gnu tools arm embedded/5.4 2016q2/bin/../lib/gcc/arm-none-eabi/5.4.1/../../../../arm-none-eabi/lib/armv7e-m/softfp\libstdc++_nano.a(eh_globals.o)
                0x0000171c                __cxa_get_globals
 .text          0x00001724      0x9dc c:/program files (x86)/gnu tools arm embedded/5.4 2016q2/bin/../lib/gcc/arm-none-eabi/5.4.1/armv7e-m/softfp\libgcc.a(unwind-arm.o)
                0x000019e0                _Unwind_GetCFA
                0x000019e4                __gnu_Unwind_RaiseException
                0x00001a44                __gnu_Unwind_ForcedUnwind
                0x00001a58                __gnu_Unwind_Resume
                0x00001a9c                __gnu_Unwind_Resume_or_Rethrow
                0x00001aac                _Unwind_Complete
                0x00001ab0                _Unwind_DeleteException
                0x00001abc                _Unwind_VRS_Get
                0x00001b08                _Unwind_VRS_Set
                0x00001b58                __gnu_Unwind_Backtrace
                0x00001ea4                __aeabi_unwind_cpp_pr0
                0x00001ea8                __aeabi_unwind_cpp_pr1
                0x00001eac                __aeabi_unwind_cpp_pr2
                0x00001eb0                _Unwind_VRS_Pop
 .text          0x00002100      0x1ac c:/program files (x86)/gnu tools arm embedded/5.4 2016q2/bin/../lib/gcc/arm-none-eabi/5.4.1/armv7e-m/softfp\libgcc.a(libunwind.o)
                0x00002100                __restore_core_regs
                0x00002100                restore_core_regs
                0x00002118                __gnu_Unwind_Restore_VFP
                0x00002120                __gnu_Unwind_Save_VFP
                0x00002128                __gnu_Unwind_Restore_VFP_D
                0x00002130                __gnu_Unwind_Save_VFP_D
                0x00002138                __gnu_Unwind_Restore_VFP_D_16_to_31
                0x00002140                __gnu_Unwind_Save_VFP_D_16_to_31
                0x00002148                __gnu_Unwind_Restore_WMMXD
                0x0000218c                __gnu_Unwind_Save_WMMXD
                0x000021d0                __gnu_Unwind_Restore_WMMXC
                0x000021e4                __gnu_Unwind_Save_WMMXC
                0x000021f8                ___Unwind_RaiseException
                0x000021f8                _Unwind_RaiseException
                0x0000221c                _Unwind_Resume
                0x0000221c                ___Unwind_Resume
                0x00002240                _Unwind_Resume_or_Rethrow
                0x00002240                ___Unwind_Resume_or_Rethrow
                0x00002264                _Unwind_ForcedUnwind
                0x00002264                ___Unwind_ForcedUnwind
                0x00002288                ___Unwind_Backtrace
                0x00002288                _Unwind_Backtrace
 .text          0x000022ac      0x354 c:/program files (x86)/gnu tools arm embedded/5.4 2016q2/bin/../lib/gcc/arm-none-eabi/5.4.1/armv7e-m/softfp\libgcc.a(pr-support.o)
                0x00002304                __gnu_unwind_execute
                0x000025a8                __gnu_unwind_frame
                0x000025d0                _Unwind_GetRegionStart
                0x000025dc                _Unwind_GetLanguageSpecificData
                0x000025f0                _Unwind_GetTextRelBase
                0x000025f8                _Unwind_GetDataRelBase
 .text.abort    0x00002600        0xe c:/program files (x86)/gnu tools arm embedded/5.4 2016q2/bin/../lib/gcc/arm-none-eabi/5.4.1/../../../../arm-none-eabi/lib/armv7e-m/softfp\libg_nano.a(lib_a-abort.o)
                0x00002600                abort
 *fill*         0x0000260e        0x2 
 .text.free     0x00002610       0x10 c:/program files (x86)/gnu tools arm embedded/5.4 2016q2/bin/../lib/gcc/arm-none-eabi/5.4.1/../../../../arm-none-eabi/lib/armv7e-m/softfp\libg_nano.a(lib_a-malloc.o)
                0x00002610                free
 .text.memcpy   0x00002620       0x16 c:/program files (x86)/gnu tools arm embedded/5.4 2016q2/bin/../lib/gcc/arm-none-eabi/5.4.1/../../../../arm-none-eabi/lib/armv7e-m/softfp\libg_nano.a(lib_a-memcpy-stub.o)
                0x00002620                memcpy
 *fill*         0x00002636        0x2 
 .text._free_r  0x00002638       0x9c c:/program files (x86)/gnu tools arm embedded/5.4 2016q2/bin/../lib/gcc/arm-none-eabi/5.4.1/../../../../arm-none-eabi/lib/armv7e-m/softfp\libg_nano.a(lib_a-nano-freer.o)
                0x00002638                _free_r
 .text._raise_r
                0x000026d4       0x54 c:/program files (x86)/gnu tools arm embedded/5.4 2016q2/bin/../lib/gcc/arm-none-eabi/5.4.1/../../../../arm-none-eabi/lib/armv7e-m/softfp\libg_nano.a(lib_a-signal.o)
                0x000026d4                _raise_r
 .text.raise    0x00002728       0x10 c:/program files (x86)/gnu tools arm embedded/5.4 2016q2/bin/../lib/gcc/arm-none-eabi/5.4.1/../../../../arm-none-eabi/lib/armv7e-m/softfp\libg_nano.a(lib_a-signal.o)
                0x00002728                raise
 .text._kill_r  0x00002738       0x24 c:/program files (x86)/gnu tools arm embedded/5.4 2016q2/bin/../lib/gcc/arm-none-eabi/5.4.1/../../../../arm-none-eabi/lib/armv7e-m/softfp\libg_nano.a(lib_a-signalr.o)
                0x00002738                _kill_r
 .text._getpid_r
                0x0000275c        0x4 c:/program files (x86)/gnu tools arm embedded/5.4 2016q2/bin/../lib/gcc/arm-none-eabi/5.4.1/../../../../arm-none-eabi/lib/armv7e-m/softfp\libg_nano.a(lib_a-signalr.o)
                0x0000275c                _getpid_r
 .text          0x00002760       0x14 c:/program files (x86)/gnu tools arm embedded/5.4 2016q2/bin/../lib/gcc/arm-none-eabi/5.4.1/../../../../arm-none-eabi/lib/armv7e-m/softfp\libg_nano.a(lib_a-strcmp.o)
                0x00002760                strcmp
 .text._getpid  0x00002774       0x10 c:/program files (x86)/gnu tools arm embedded/5.4 2016q2/bin/../lib/gcc/arm-none-eabi/5.4.1/../../../../arm-none-eabi/lib/armv7e-m/softfp\libnosys.a(getpid.o)
                0x00002774                _getpid
 .text._kill    0x00002784       0x10 c:/program files (x86)/gnu tools arm embedded/5.4 2016q2/bin/../lib/gcc/arm-none-eabi/5.4.1/../../../../arm-none-eabi/lib/armv7e-m/softfp\libnosys.a(kill.o)
                0x00002784                _kill
 .text._exit    0x00002794        0x4 c:/program files (x86)/gnu tools arm embedded/5.4 2016q2/bin/../lib/gcc/arm-none-eabi/5.4.1/../../../../arm-none-eabi/lib/armv7e-m/softfp\libnosys.a(_exit.o)
                0x00002794                _exit
 *(.init)
 .init          0x00002798        0x4 c:/program files (x86)/gnu tools arm embedded/5.4 2016q2/bin/../lib/gcc/arm-none-eabi/5.4.1/armv7e-m/softfp/crti.o
                0x00002798                _init
 .init          0x0000279c        0x8 c:/program files (x86)/gnu tools arm embedded/5.4 2016q2/bin/../lib/gcc/arm-none-eabi/5.4.1/armv7e-m/softfp/crtn.o
 *(.fini)
 .fini          0x000027a4        0x4 c:/program files (x86)/gnu tools arm embedded/5.4 2016q2/bin/../lib/gcc/arm-none-eabi/5.4.1/armv7e-m/softfp/crti.o
                0x000027a4                _fini
 .fini          0x000027a8        0x8 c:/program files (x86)/gnu tools arm embedded/5.4 2016q2/bin/../lib/gcc/arm-none-eabi/5.4.1/armv7e-m/softfp/crtn.o
 *crtbegin.o(.ctors)
 *crtbegin?.o(.ctors)
 *(EXCLUDE_FILE(*crtend.o *crtend?.o) .ctors)
 *(SORT(.ctors.*))
 *(.ctors)
 *crtbegin.o(.dtors)
 *crtbegin?.o(.dtors)
 *(EXCLUDE_FILE(*crtend.o *crtend?.o) .dtors)
 *(SORT(.dtors.*))
 *(.dtors)
 *(.rodata*)
 .rodata        0x000027b0       0x31 common\assert.o
 *fill*         0x000027e1        0x3 
 .rodata        0x000027e4       0x2c common\critical.o
 .rodata.us_interface
                0x00002810       0x14 common\us_ticker_api.o
 .rodata.us_data
                0x00002824        0x8 common\us_ticker_api.o
 .rodata        0x0000282c       0x40 target\hal\TARGET_TivaC\gpio_api.o
 .rodata._ZTVN10__cxxabiv120__si_class_type_infoE
                0x0000286c       0x2c c:/program files (x86)/gnu tools arm embedded/5.4 2016q2/bin/../lib/gcc/arm-none-eabi/5.4.1/../../../../arm-none-eabi/lib/armv7e-m/softfp\libstdc++_nano.a(si_class_type_info.o)
                0x0000286c                vtable for __cxxabiv1::__si_class_type_info
 .rodata._ZTIN10__cxxabiv120__si_class_type_infoE
                0x00002898        0xc c:/program files (x86)/gnu tools arm embedded/5.4 2016q2/bin/../lib/gcc/arm-none-eabi/5.4.1/../../../../arm-none-eabi/lib/armv7e-m/softfp\libstdc++_nano.a(si_class_type_info.o)
                0x00002898                typeinfo for __cxxabiv1::__si_class_type_info
 .rodata._ZTSN10__cxxabiv120__si_class_type_infoE
                0x000028a4       0x25 c:/program files (x86)/gnu tools arm embedded/5.4 2016q2/bin/../lib/gcc/arm-none-eabi/5.4.1/../../../../arm-none-eabi/lib/armv7e-m/softfp\libstdc++_nano.a(si_class_type_info.o)
                0x000028a4                typeinfo name for __cxxabiv1::__si_class_type_info
 *fill*         0x000028c9        0x3 
 .rodata._ZTISt9type_info
                0x000028cc        0x8 c:/program files (x86)/gnu tools arm embedded/5.4 2016q2/bin/../lib/gcc/arm-none-eabi/5.4.1/../../../../arm-none-eabi/lib/armv7e-m/softfp\libstdc++_nano.a(tinfo.o)
                0x000028cc                typeinfo for std::type_info
 .rodata._ZTSSt9type_info
                0x000028d4        0xd c:/program files (x86)/gnu tools arm embedded/5.4 2016q2/bin/../lib/gcc/arm-none-eabi/5.4.1/../../../../arm-none-eabi/lib/armv7e-m/softfp\libstdc++_nano.a(tinfo.o)
                0x000028d4                typeinfo name for std::type_info
 *fill*         0x000028e1        0x3 
 .rodata._ZTVN10__cxxabiv117__class_type_infoE
                0x000028e4       0x2c c:/program files (x86)/gnu tools arm embedded/5.4 2016q2/bin/../lib/gcc/arm-none-eabi/5.4.1/../../../../arm-none-eabi/lib/armv7e-m/softfp\libstdc++_nano.a(class_type_info.o)
                0x000028e4                vtable for __cxxabiv1::__class_type_info
 .rodata._ZTIN10__cxxabiv117__class_type_infoE
                0x00002910        0xc c:/program files (x86)/gnu tools arm embedded/5.4 2016q2/bin/../lib/gcc/arm-none-eabi/5.4.1/../../../../arm-none-eabi/lib/armv7e-m/softfp\libstdc++_nano.a(class_type_info.o)
                0x00002910                typeinfo for __cxxabiv1::__class_type_info
 .rodata._ZTSN10__cxxabiv117__class_type_infoE
                0x0000291c       0x22 c:/program files (x86)/gnu tools arm embedded/5.4 2016q2/bin/../lib/gcc/arm-none-eabi/5.4.1/../../../../arm-none-eabi/lib/armv7e-m/softfp\libstdc++_nano.a(class_type_info.o)
                0x0000291c                typeinfo name for __cxxabiv1::__class_type_info
 .rodata._ZTSN10__cxxabiv115__forced_unwindE
                0x0000293e       0x20 c:/program files (x86)/gnu tools arm embedded/5.4 2016q2/bin/../lib/gcc/arm-none-eabi/5.4.1/../../../../arm-none-eabi/lib/armv7e-m/softfp\libstdc++_nano.a(eh_exception.o)
                0x0000293e                typeinfo name for __cxxabiv1::__forced_unwind
 *fill*         0x0000295e        0x2 
 .rodata._ZTIN10__cxxabiv115__forced_unwindE
                0x00002960        0x8 c:/program files (x86)/gnu tools arm embedded/5.4 2016q2/bin/../lib/gcc/arm-none-eabi/5.4.1/../../../../arm-none-eabi/lib/armv7e-m/softfp\libstdc++_nano.a(eh_exception.o)
                0x00002960                typeinfo for __cxxabiv1::__forced_unwind
 .rodata._ZTSN10__cxxabiv119__foreign_exceptionE
                0x00002968       0x24 c:/program files (x86)/gnu tools arm embedded/5.4 2016q2/bin/../lib/gcc/arm-none-eabi/5.4.1/../../../../arm-none-eabi/lib/armv7e-m/softfp\libstdc++_nano.a(eh_exception.o)
                0x00002968                typeinfo name for __cxxabiv1::__foreign_exception
 .rodata._ZTIN10__cxxabiv119__foreign_exceptionE
                0x0000298c        0x8 c:/program files (x86)/gnu tools arm embedded/5.4 2016q2/bin/../lib/gcc/arm-none-eabi/5.4.1/../../../../arm-none-eabi/lib/armv7e-m/softfp\libstdc++_nano.a(eh_exception.o)
                0x0000298c                typeinfo for __cxxabiv1::__foreign_exception
 .rodata.__sf_fake_stdin
                0x00002994       0x20 c:/program files (x86)/gnu tools arm embedded/5.4 2016q2/bin/../lib/gcc/arm-none-eabi/5.4.1/../../../../arm-none-eabi/lib/armv7e-m/softfp\libg_nano.a(lib_a-findfp.o)
                0x00002994                __sf_fake_stdin
 .rodata.__sf_fake_stdout
                0x000029b4       0x20 c:/program files (x86)/gnu tools arm embedded/5.4 2016q2/bin/../lib/gcc/arm-none-eabi/5.4.1/../../../../arm-none-eabi/lib/armv7e-m/softfp\libg_nano.a(lib_a-findfp.o)
                0x000029b4                __sf_fake_stdout
 .rodata.__sf_fake_stderr
                0x000029d4       0x20 c:/program files (x86)/gnu tools arm embedded/5.4 2016q2/bin/../lib/gcc/arm-none-eabi/5.4.1/../../../../arm-none-eabi/lib/armv7e-m/softfp\libg_nano.a(lib_a-findfp.o)
                0x000029d4                __sf_fake_stderr
 .rodata.str1.1
                0x000029f4        0x2 c:/program files (x86)/gnu tools arm embedded/5.4 2016q2/bin/../lib/gcc/arm-none-eabi/5.4.1/../../../../arm-none-eabi/lib/armv7e-m/softfp\libg_nano.a(lib_a-impure.o)
 *(.eh_frame*)
 *fill*         0x000029f6        0x2 
 .eh_frame      0x000029f8        0x0 c:/program files (x86)/gnu tools arm embedded/5.4 2016q2/bin/../lib/gcc/arm-none-eabi/5.4.1/armv7e-m/softfp/crtbegin.o
 .eh_frame      0x000029f8        0x4 c:/program files (x86)/gnu tools arm embedded/5.4 2016q2/bin/../lib/gcc/arm-none-eabi/5.4.1/armv7e-m/softfp/crtend.o

.glue_7         0x000029fc        0x0
 .glue_7        0x000029fc        0x0 linker stubs

.glue_7t        0x000029fc        0x0
 .glue_7t       0x000029fc        0x0 linker stubs

.vfp11_veneer   0x000029fc        0x0
 .vfp11_veneer  0x000029fc        0x0 linker stubs

.v4_bx          0x000029fc        0x0
 .v4_bx         0x000029fc        0x0 linker stubs

.iplt           0x000029fc        0x0
 .iplt          0x000029fc        0x0 c:/program files (x86)/gnu tools arm embedded/5.4 2016q2/bin/../lib/gcc/arm-none-eabi/5.4.1/armv7e-m/softfp/crtbegin.o

.ARM.extab      0x000029fc       0x60
 *(.ARM.extab* .gnu.linkonce.armextab.*)
 .ARM.extab.text._ZN4mbed10DigitalOutC2E7PinName
                0x000029fc        0xc common\BusOut.o
 .ARM.extab.text._ZN4mbed10DigitalOut5writeEi
                0x00002a08        0xc common\BusOut.o
 .ARM.extab.text.__malloc_lock
                0x00002a14        0xc common\retarget.o
 .ARM.extab.text.__malloc_unlock
                0x00002a20        0xc common\retarget.o
 .ARM.extab.text._ZN4mbed10DigitalOutaSEi
                0x00002a2c        0xc main.o
 .ARM.extab.text.main
                0x00002a38        0xc main.o
 .ARM.extab     0x00002a44       0x18 c:/program files (x86)/gnu tools arm embedded/5.4 2016q2/bin/../lib/gcc/arm-none-eabi/5.4.1/armv7e-m/softfp\libgcc.a(pr-support.o)
                0x00002a5c                __exidx_start = .

.ARM.exidx      0x00002a5c       0xf8
 *(.ARM.exidx* .gnu.linkonce.armexidx.*)
 .ARM.exidx.text._ZN4mbed10DigitalOutC2E7PinName
                0x00002a5c        0x8 common\BusOut.o
 .ARM.exidx.text._ZN4mbed10DigitalOut5writeEi
                0x00002a64       0x10 common\BusOut.o
                                  0x8 (size before relaxing)
 .ARM.exidx.text.__rtos_malloc_lock
                0x00002a74        0x0 common\retarget.o
                                  0x8 (size before relaxing)
 .ARM.exidx.text.__rtos_malloc_unlock
                0x00002a74        0x0 common\retarget.o
                                  0x8 (size before relaxing)
 .ARM.exidx.text.__malloc_lock
                0x00002a74        0x8 common\retarget.o
 .ARM.exidx.text.__malloc_unlock
                0x00002a7c       0x10 common\retarget.o
                                  0x8 (size before relaxing)
 .ARM.exidx.text._ZN4mbed10DigitalOutaSEi
                0x00002a8c        0x8 main.o
 .ARM.exidx.text.main
                0x00002a94       0x10 main.o
                                  0x8 (size before relaxing)
 .ARM.exidx     0x00002aa4       0x78 c:/program files (x86)/gnu tools arm embedded/5.4 2016q2/bin/../lib/gcc/arm-none-eabi/5.4.1/armv7e-m/softfp\libgcc.a(unwind-arm.o)
                                 0xd8 (size before relaxing)
 .ARM.exidx     0x00002b1c       0x38 c:/program files (x86)/gnu tools arm embedded/5.4 2016q2/bin/../lib/gcc/arm-none-eabi/5.4.1/armv7e-m/softfp\libgcc.a(pr-support.o)
                                 0x48 (size before relaxing)
                0x00002b54                __exidx_end = .
                0x00002b54                _etext = .
                0x00002b54                _sidata = .

.rel.dyn        0x00002b54        0x0
 .rel.iplt      0x00002b54        0x0 c:/program files (x86)/gnu tools arm embedded/5.4 2016q2/bin/../lib/gcc/arm-none-eabi/5.4.1/armv7e-m/softfp/crtbegin.o

.data           0x20000010       0x78 load address 0x00002b54
                0x20000010                __data_start__ = .
                0x20000010                _data = .
 *(vtable)
 *(.data*)
 .data._ZN10__cxxabiv119__terminate_handlerE
                0x20000010        0x4 c:/program files (x86)/gnu tools arm embedded/5.4 2016q2/bin/../lib/gcc/arm-none-eabi/5.4.1/../../../../arm-none-eabi/lib/armv7e-m/softfp\libstdc++_nano.a(eh_term_handler.o)
                0x20000010                __cxxabiv1::__terminate_handler
 .data._ZN10__cxxabiv120__unexpected_handlerE
                0x20000014        0x4 c:/program files (x86)/gnu tools arm embedded/5.4 2016q2/bin/../lib/gcc/arm-none-eabi/5.4.1/../../../../arm-none-eabi/lib/armv7e-m/softfp\libstdc++_nano.a(eh_unex_handler.o)
                0x20000014                __cxxabiv1::__unexpected_handler
 .data.impure_data
                0x20000018       0x60 c:/program files (x86)/gnu tools arm embedded/5.4 2016q2/bin/../lib/gcc/arm-none-eabi/5.4.1/../../../../arm-none-eabi/lib/armv7e-m/softfp\libg_nano.a(lib_a-impure.o)
 .data._impure_ptr
                0x20000078        0x4 c:/program files (x86)/gnu tools arm embedded/5.4 2016q2/bin/../lib/gcc/arm-none-eabi/5.4.1/../../../../arm-none-eabi/lib/armv7e-m/softfp\libg_nano.a(lib_a-impure.o)
                0x20000078                _impure_ptr
                0x2000007c                . = ALIGN (0x4)
                0x2000007c                PROVIDE (__preinit_array_start, .)
 *(.preinit_array)
                0x2000007c                PROVIDE (__preinit_array_end, .)
                0x2000007c                . = ALIGN (0x4)
                0x2000007c                PROVIDE (__init_array_start, .)
 *(SORT(.init_array.*))
 *(.init_array)
 .init_array    0x2000007c        0x4 c:/program files (x86)/gnu tools arm embedded/5.4 2016q2/bin/../lib/gcc/arm-none-eabi/5.4.1/armv7e-m/softfp/crtbegin.o
                0x20000080                PROVIDE (__init_array_end, .)
                0x20000080                . = ALIGN (0x4)
                [!provide]                PROVIDE (__fini_array_start, .)
 *(SORT(.fini_array.*))
 *(.fini_array)
 .fini_array    0x20000080        0x4 c:/program files (x86)/gnu tools arm embedded/5.4 2016q2/bin/../lib/gcc/arm-none-eabi/5.4.1/armv7e-m/softfp/crtbegin.o
                [!provide]                PROVIDE (__fini_array_end, .)
 *(.jcr*)
 .jcr           0x20000084        0x0 c:/program files (x86)/gnu tools arm embedded/5.4 2016q2/bin/../lib/gcc/arm-none-eabi/5.4.1/armv7e-m/softfp/crtbegin.o
 .jcr           0x20000084        0x4 c:/program files (x86)/gnu tools arm embedded/5.4 2016q2/bin/../lib/gcc/arm-none-eabi/5.4.1/armv7e-m/softfp/crtend.o
                0x20000088                . = ALIGN (0x4)
                0x20000088                __data_end__ = .
                0x20000088                _edata = .

.igot.plt       0x20000088        0x0 load address 0x00002bcc
 .igot.plt      0x20000088        0x0 c:/program files (x86)/gnu tools arm embedded/5.4 2016q2/bin/../lib/gcc/arm-none-eabi/5.4.1/armv7e-m/softfp/crtbegin.o

.bss            0x20000088      0x144 load address 0x00002bcc
                0x20000088                . = ALIGN (0x4)
                0x20000088                __bss_start__ = .
                0x20000088                _bss = .
 *(.bss*)
 .bss           0x20000088       0x1c c:/program files (x86)/gnu tools arm embedded/5.4 2016q2/bin/../lib/gcc/arm-none-eabi/5.4.1/armv7e-m/softfp/crtbegin.o
 .bss.interrupt_enable_counter
                0x200000a4        0x4 common\critical.o
 .bss.critical_interrupts_disabled
                0x200000a8        0x1 common\critical.o
 *fill*         0x200000a9        0x3 
 .bss.events    0x200000ac        0x8 common\us_ticker_api.o
 .bss.pui32Stack
                0x200000b4      0x100 target\cmsis\startup_tiva.o
 .bss.us_ticker_inited
                0x200001b4        0x1 target\hal\TARGET_TivaC\us_ticker.o
 *fill*         0x200001b5        0x3 
 .bss._ZL10eh_globals
                0x200001b8        0xc c:/program files (x86)/gnu tools arm embedded/5.4 2016q2/bin/../lib/gcc/arm-none-eabi/5.4.1/../../../../arm-none-eabi/lib/armv7e-m/softfp\libstdc++_nano.a(eh_globals.o)
 .bss.__malloc_free_list
                0x200001c4        0x4 c:/program files (x86)/gnu tools arm embedded/5.4 2016q2/bin/../lib/gcc/arm-none-eabi/5.4.1/../../../../arm-none-eabi/lib/armv7e-m/softfp\libg_nano.a(lib_a-nano-mallocr.o)
                0x200001c4                __malloc_free_list
 *(COMMON)
 COMMON         0x200001c8        0x4 c:/program files (x86)/gnu tools arm embedded/5.4 2016q2/bin/../lib/gcc/arm-none-eabi/5.4.1/../../../../arm-none-eabi/lib/armv7e-m/softfp\libg_nano.a(lib_a-reent.o)
                0x200001c8                errno
                0x200001cc                . = ALIGN (0x4)
                0x200001cc                __bss_end__ = .
                0x200001cc                _ebss = .

.heap           0x200001cc        0x0
                0x200001cc                __end__ = .
                0x200001cc                end = __end__
 *(.heap*)
                0x200001cc                __HeapLimit = .

.stack_dummy    0x200001cc        0x0
 *(.stack*)
                0x20008000                __StackTop = (ORIGIN (RAM) + LENGTH (RAM))
                0x20008000                _estack = __StackTop
                0x20008000                __StackLimit = (__StackTop - SIZEOF (.stack_dummy))
                0x20008000                PROVIDE (__stack, __StackTop)
                0x00000001                ASSERT ((__StackLimit >= __HeapLimit), region RAM overflowed with stack)
OUTPUT(mbedTivaC.elf elf32-littlearm)

.ARM.attributes
                0x00000000       0x2e
 .ARM.attributes
                0x00000000       0x22 c:/program files (x86)/gnu tools arm embedded/5.4 2016q2/bin/../lib/gcc/arm-none-eabi/5.4.1/armv7e-m/softfp/crti.o
 .ARM.attributes
                0x00000022       0x32 c:/program files (x86)/gnu tools arm embedded/5.4 2016q2/bin/../lib/gcc/arm-none-eabi/5.4.1/armv7e-m/softfp/crtbegin.o
 .ARM.attributes
                0x00000054       0x37 common\BusOut.o
 .ARM.attributes
                0x0000008b       0x37 common\assert.o
 .ARM.attributes
                0x000000c2       0x37 common\board.o
 .ARM.attributes
                0x000000f9       0x37 common\critical.o
 .ARM.attributes
                0x00000130       0x37 common\gpio.o
 .ARM.attributes
                0x00000167       0x37 common\retarget.o
 .ARM.attributes
                0x0000019e       0x37 common\ticker_api.o
 .ARM.attributes
                0x000001d5       0x37 common\us_ticker_api.o
 .ARM.attributes
                0x0000020c       0x37 common\wait_api.o
 .ARM.attributes
                0x00000243       0x37 main.o
 .ARM.attributes
                0x0000027a       0x37 target\cmsis\cmsis_nvic.o
 .ARM.attributes
                0x000002b1       0x37 target\cmsis\startup_tiva.o
 .ARM.attributes
                0x000002e8       0x37 target\cmsis\system_LM4F.o
 .ARM.attributes
                0x0000031f       0x37 target\hal\TARGET_TivaC\gpio_api.o
 .ARM.attributes
                0x00000356       0x37 target\hal\TARGET_TivaC\us_ticker.o
 .ARM.attributes
                0x0000038d       0x32 c:/program files (x86)/gnu tools arm embedded/5.4 2016q2/bin/../lib/gcc/arm-none-eabi/5.4.1/../../../../arm-none-eabi/lib/armv7e-m/softfp\libstdc++_nano.a(del_op.o)
 .ARM.attributes
                0x000003bf       0x32 c:/program files (x86)/gnu tools arm embedded/5.4 2016q2/bin/../lib/gcc/arm-none-eabi/5.4.1/../../../../arm-none-eabi/lib/armv7e-m/softfp\libstdc++_nano.a(si_class_type_info.o)
 .ARM.attributes
                0x000003f1       0x32 c:/program files (x86)/gnu tools arm embedded/5.4 2016q2/bin/../lib/gcc/arm-none-eabi/5.4.1/../../../../arm-none-eabi/lib/armv7e-m/softfp\libstdc++_nano.a(eh_terminate.o)
 .ARM.attributes
                0x00000423       0x32 c:/program files (x86)/gnu tools arm embedded/5.4 2016q2/bin/../lib/gcc/arm-none-eabi/5.4.1/../../../../arm-none-eabi/lib/armv7e-m/softfp\libstdc++_nano.a(tinfo.o)
 .ARM.attributes
                0x00000455       0x32 c:/program files (x86)/gnu tools arm embedded/5.4 2016q2/bin/../lib/gcc/arm-none-eabi/5.4.1/../../../../arm-none-eabi/lib/armv7e-m/softfp\libstdc++_nano.a(eh_arm.o)
 .ARM.attributes
                0x00000487       0x32 c:/program files (x86)/gnu tools arm embedded/5.4 2016q2/bin/../lib/gcc/arm-none-eabi/5.4.1/../../../../arm-none-eabi/lib/armv7e-m/softfp\libstdc++_nano.a(class_type_info.o)
 .ARM.attributes
                0x000004b9       0x32 c:/program files (x86)/gnu tools arm embedded/5.4 2016q2/bin/../lib/gcc/arm-none-eabi/5.4.1/../../../../arm-none-eabi/lib/armv7e-m/softfp\libstdc++_nano.a(eh_call.o)
 .ARM.attributes
                0x000004eb       0x32 c:/program files (x86)/gnu tools arm embedded/5.4 2016q2/bin/../lib/gcc/arm-none-eabi/5.4.1/../../../../arm-none-eabi/lib/armv7e-m/softfp\libstdc++_nano.a(eh_catch.o)
 .ARM.attributes
                0x0000051d       0x32 c:/program files (x86)/gnu tools arm embedded/5.4 2016q2/bin/../lib/gcc/arm-none-eabi/5.4.1/../../../../arm-none-eabi/lib/armv7e-m/softfp\libstdc++_nano.a(eh_term_handler.o)
 .ARM.attributes
                0x0000054f       0x32 c:/program files (x86)/gnu tools arm embedded/5.4 2016q2/bin/../lib/gcc/arm-none-eabi/5.4.1/../../../../arm-none-eabi/lib/armv7e-m/softfp\libstdc++_nano.a(eh_unex_handler.o)
 .ARM.attributes
                0x00000581       0x32 c:/program files (x86)/gnu tools arm embedded/5.4 2016q2/bin/../lib/gcc/arm-none-eabi/5.4.1/../../../../arm-none-eabi/lib/armv7e-m/softfp\libstdc++_nano.a(eh_globals.o)
 .ARM.attributes
                0x000005b3       0x32 c:/program files (x86)/gnu tools arm embedded/5.4 2016q2/bin/../lib/gcc/arm-none-eabi/5.4.1/../../../../arm-none-eabi/lib/armv7e-m/softfp\libstdc++_nano.a(eh_exception.o)
 .ARM.attributes
                0x000005e5       0x32 c:/program files (x86)/gnu tools arm embedded/5.4 2016q2/bin/../lib/gcc/arm-none-eabi/5.4.1/armv7e-m/softfp\libgcc.a(unwind-arm.o)
 .ARM.attributes
                0x00000617       0x22 c:/program files (x86)/gnu tools arm embedded/5.4 2016q2/bin/../lib/gcc/arm-none-eabi/5.4.1/armv7e-m/softfp\libgcc.a(libunwind.o)
 .ARM.attributes
                0x00000639       0x32 c:/program files (x86)/gnu tools arm embedded/5.4 2016q2/bin/../lib/gcc/arm-none-eabi/5.4.1/armv7e-m/softfp\libgcc.a(pr-support.o)
 .ARM.attributes
                0x0000066b       0x32 c:/program files (x86)/gnu tools arm embedded/5.4 2016q2/bin/../lib/gcc/arm-none-eabi/5.4.1/../../../../arm-none-eabi/lib/armv7e-m/softfp\libg_nano.a(lib_a-abort.o)
 .ARM.attributes
                0x0000069d       0x32 c:/program files (x86)/gnu tools arm embedded/5.4 2016q2/bin/../lib/gcc/arm-none-eabi/5.4.1/../../../../arm-none-eabi/lib/armv7e-m/softfp\libg_nano.a(lib_a-findfp.o)
 .ARM.attributes
                0x000006cf       0x32 c:/program files (x86)/gnu tools arm embedded/5.4 2016q2/bin/../lib/gcc/arm-none-eabi/5.4.1/../../../../arm-none-eabi/lib/armv7e-m/softfp\libg_nano.a(lib_a-impure.o)
 .ARM.attributes
                0x00000701       0x32 c:/program files (x86)/gnu tools arm embedded/5.4 2016q2/bin/../lib/gcc/arm-none-eabi/5.4.1/../../../../arm-none-eabi/lib/armv7e-m/softfp\libg_nano.a(lib_a-malloc.o)
 .ARM.attributes
                0x00000733       0x32 c:/program files (x86)/gnu tools arm embedded/5.4 2016q2/bin/../lib/gcc/arm-none-eabi/5.4.1/../../../../arm-none-eabi/lib/armv7e-m/softfp\libg_nano.a(lib_a-memcpy-stub.o)
 .ARM.attributes
                0x00000765       0x32 c:/program files (x86)/gnu tools arm embedded/5.4 2016q2/bin/../lib/gcc/arm-none-eabi/5.4.1/../../../../arm-none-eabi/lib/armv7e-m/softfp\libg_nano.a(lib_a-nano-freer.o)
 .ARM.attributes
                0x00000797       0x32 c:/program files (x86)/gnu tools arm embedded/5.4 2016q2/bin/../lib/gcc/arm-none-eabi/5.4.1/../../../../arm-none-eabi/lib/armv7e-m/softfp\libg_nano.a(lib_a-nano-mallocr.o)
 .ARM.attributes
                0x000007c9       0x32 c:/program files (x86)/gnu tools arm embedded/5.4 2016q2/bin/../lib/gcc/arm-none-eabi/5.4.1/../../../../arm-none-eabi/lib/armv7e-m/softfp\libg_nano.a(lib_a-reent.o)
 .ARM.attributes
                0x000007fb       0x32 c:/program files (x86)/gnu tools arm embedded/5.4 2016q2/bin/../lib/gcc/arm-none-eabi/5.4.1/../../../../arm-none-eabi/lib/armv7e-m/softfp\libg_nano.a(lib_a-signal.o)
 .ARM.attributes
                0x0000082d       0x32 c:/program files (x86)/gnu tools arm embedded/5.4 2016q2/bin/../lib/gcc/arm-none-eabi/5.4.1/../../../../arm-none-eabi/lib/armv7e-m/softfp\libg_nano.a(lib_a-signalr.o)
 .ARM.attributes
                0x0000085f       0x20 c:/program files (x86)/gnu tools arm embedded/5.4 2016q2/bin/../lib/gcc/arm-none-eabi/5.4.1/../../../../arm-none-eabi/lib/armv7e-m/softfp\libg_nano.a(lib_a-strcmp.o)
 .ARM.attributes
                0x0000087f       0x32 c:/program files (x86)/gnu tools arm embedded/5.4 2016q2/bin/../lib/gcc/arm-none-eabi/5.4.1/../../../../arm-none-eabi/lib/armv7e-m/softfp\libnosys.a(getpid.o)
 .ARM.attributes
                0x000008b1       0x32 c:/program files (x86)/gnu tools arm embedded/5.4 2016q2/bin/../lib/gcc/arm-none-eabi/5.4.1/../../../../arm-none-eabi/lib/armv7e-m/softfp\libnosys.a(kill.o)
 .ARM.attributes
                0x000008e3       0x32 c:/program files (x86)/gnu tools arm embedded/5.4 2016q2/bin/../lib/gcc/arm-none-eabi/5.4.1/../../../../arm-none-eabi/lib/armv7e-m/softfp\libnosys.a(_exit.o)
 .ARM.attributes
                0x00000915       0x32 c:/program files (x86)/gnu tools arm embedded/5.4 2016q2/bin/../lib/gcc/arm-none-eabi/5.4.1/armv7e-m/softfp/crtend.o
 .ARM.attributes
                0x00000947       0x22 c:/program files (x86)/gnu tools arm embedded/5.4 2016q2/bin/../lib/gcc/arm-none-eabi/5.4.1/armv7e-m/softfp/crtn.o

.comment        0x00000000       0x6e
 .comment       0x00000000       0x6e common\BusOut.o
                                 0x6f (size before relaxing)
 .comment       0x0000006e       0x6f common\assert.o
 .comment       0x0000006e       0x6f common\board.o
 .comment       0x0000006e       0x6f common\critical.o
 .comment       0x0000006e       0x6f common\gpio.o
 .comment       0x0000006e       0x6f common\retarget.o
 .comment       0x0000006e       0x6f common\ticker_api.o
 .comment       0x0000006e       0x6f common\us_ticker_api.o
 .comment       0x0000006e       0x6f common\wait_api.o
 .comment       0x0000006e       0x6f main.o
 .comment       0x0000006e       0x6f target\cmsis\cmsis_nvic.o
 .comment       0x0000006e       0x6f target\cmsis\startup_tiva.o
 .comment       0x0000006e       0x6f target\cmsis\system_LM4F.o
 .comment       0x0000006e       0x6f target\hal\TARGET_TivaC\gpio_api.o
 .comment       0x0000006e       0x6f target\hal\TARGET_TivaC\us_ticker.o

.debug_info     0x00000000     0xa5bd
 .debug_info    0x00000000     0x1bf8 common\BusOut.o
 .debug_info    0x00001bf8       0xf7 common\assert.o
 .debug_info    0x00001cef      0x15c common\board.o
 .debug_info    0x00001e4b      0xa35 common\critical.o
 .debug_info    0x00002880      0x47b common\gpio.o
 .debug_info    0x00002cfb     0x24fd common\retarget.o
 .debug_info    0x000051f8      0x3a2 common\ticker_api.o
 .debug_info    0x0000559a      0x262 common\us_ticker_api.o
 .debug_info    0x000057fc      0x131 common\wait_api.o
 .debug_info    0x0000592d     0x1414 main.o
 .debug_info    0x00006d41      0x4f3 target\cmsis\cmsis_nvic.o
 .debug_info    0x00007234      0x18b target\cmsis\startup_tiva.o
 .debug_info    0x000073bf      0xd73 target\cmsis\system_LM4F.o
 .debug_info    0x00008132     0x11de target\hal\TARGET_TivaC\gpio_api.o
 .debug_info    0x00009310     0x12ad target\hal\TARGET_TivaC\us_ticker.o

.debug_abbrev   0x00000000     0x1c2f
 .debug_abbrev  0x00000000      0x461 common\BusOut.o
 .debug_abbrev  0x00000461       0x8b common\assert.o
 .debug_abbrev  0x000004ec      0x103 common\board.o
 .debug_abbrev  0x000005ef      0x185 common\critical.o
 .debug_abbrev  0x00000774       0xf7 common\gpio.o
 .debug_abbrev  0x0000086b      0x6ad common\retarget.o
 .debug_abbrev  0x00000f18      0x137 common\ticker_api.o
 .debug_abbrev  0x0000104f       0xfd common\us_ticker_api.o
 .debug_abbrev  0x0000114c       0x8a common\wait_api.o
 .debug_abbrev  0x000011d6      0x350 main.o
 .debug_abbrev  0x00001526      0x139 target\cmsis\cmsis_nvic.o
 .debug_abbrev  0x0000165f       0xf5 target\cmsis\startup_tiva.o
 .debug_abbrev  0x00001754      0x14d target\cmsis\system_LM4F.o
 .debug_abbrev  0x000018a1      0x1be target\hal\TARGET_TivaC\gpio_api.o
 .debug_abbrev  0x00001a5f      0x1d0 target\hal\TARGET_TivaC\us_ticker.o

.debug_aranges  0x00000000      0x578
 .debug_aranges
                0x00000000       0xb0 common\BusOut.o
 .debug_aranges
                0x000000b0       0x20 common\assert.o
 .debug_aranges
                0x000000d0       0x30 common\board.o
 .debug_aranges
                0x00000100       0x90 common\critical.o
 .debug_aranges
                0x00000190       0x50 common\gpio.o
 .debug_aranges
                0x000001e0      0x190 common\retarget.o
 .debug_aranges
                0x00000370       0x48 common\ticker_api.o
 .debug_aranges
                0x000003b8       0x28 common\us_ticker_api.o
 .debug_aranges
                0x000003e0       0x30 common\wait_api.o
 .debug_aranges
                0x00000410       0x38 main.o
 .debug_aranges
                0x00000448       0x28 target\cmsis\cmsis_nvic.o
 .debug_aranges
                0x00000470       0x40 target\cmsis\startup_tiva.o
 .debug_aranges
                0x000004b0       0x30 target\cmsis\system_LM4F.o
 .debug_aranges
                0x000004e0       0x48 target\hal\TARGET_TivaC\gpio_api.o
 .debug_aranges
                0x00000528       0x50 target\hal\TARGET_TivaC\us_ticker.o

.debug_ranges   0x00000000      0x4d0
 .debug_ranges  0x00000000       0xe8 common\BusOut.o
 .debug_ranges  0x000000e8       0x10 common\assert.o
 .debug_ranges  0x000000f8       0x20 common\board.o
 .debug_ranges  0x00000118       0x80 common\critical.o
 .debug_ranges  0x00000198       0x40 common\gpio.o
 .debug_ranges  0x000001d8      0x180 common\retarget.o
 .debug_ranges  0x00000358       0x38 common\ticker_api.o
 .debug_ranges  0x00000390       0x18 common\us_ticker_api.o
 .debug_ranges  0x000003a8       0x20 common\wait_api.o
 .debug_ranges  0x000003c8       0x28 main.o
 .debug_ranges  0x000003f0       0x18 target\cmsis\cmsis_nvic.o
 .debug_ranges  0x00000408       0x30 target\cmsis\startup_tiva.o
 .debug_ranges  0x00000438       0x20 target\cmsis\system_LM4F.o
 .debug_ranges  0x00000458       0x38 target\hal\TARGET_TivaC\gpio_api.o
 .debug_ranges  0x00000490       0x40 target\hal\TARGET_TivaC\us_ticker.o

.debug_macro    0x00000000     0x37b9
 .debug_macro   0x00000000      0x2de common\BusOut.o
 .debug_macro   0x000002de       0xfa common\assert.o
 .debug_macro   0x000003d8      0x87a common\assert.o
 .debug_macro   0x00000c52      0xd39 common\assert.o
 .debug_macro   0x0000198b       0x58 common\assert.o
 .debug_macro   0x000019e3       0x22 common\assert.o
 .debug_macro   0x00001a05      0x174 common\assert.o
 .debug_macro   0x00001b79      0x269 common\board.o
 .debug_macro   0x00001de2       0x9c common\board.o
 .debug_macro   0x00001e7e       0x97 common\board.o
 .debug_macro   0x00001f15      0x30d common\board.o
 .debug_macro   0x00002222       0xfd common\board.o
 .debug_macro   0x0000231f       0x43 common\board.o
 .debug_macro   0x00002362       0x10 common\board.o
 .debug_macro   0x00002372       0xca common\critical.o
 .debug_macro   0x0000243c       0xcf common\gpio.o
 .debug_macro   0x0000250b      0x41f common\retarget.o
 .debug_macro   0x0000292a       0x10 common\retarget.o
 .debug_macro   0x0000293a      0x241 common\retarget.o
 .debug_macro   0x00002b7b       0xef common\ticker_api.o
 .debug_macro   0x00002c6a       0xd9 common\us_ticker_api.o
 .debug_macro   0x00002d43       0xe3 common\wait_api.o
 .debug_macro   0x00002e26      0x4a5 main.o
 .debug_macro   0x000032cb       0xb5 target\cmsis\cmsis_nvic.o
 .debug_macro   0x00003380       0x16 target\cmsis\cmsis_nvic.o
 .debug_macro   0x00003396       0xd6 target\cmsis\startup_tiva.o
 .debug_macro   0x0000346c      0x152 target\cmsis\system_LM4F.o
 .debug_macro   0x000035be       0xd4 target\hal\TARGET_TivaC\gpio_api.o
 .debug_macro   0x00003692      0x127 target\hal\TARGET_TivaC\us_ticker.o

.debug_line     0x00000000     0x4f5d
 .debug_line    0x00000000      0x859 common\BusOut.o
 .debug_line    0x00000859      0x38d common\assert.o
 .debug_line    0x00000be6      0x545 common\board.o
 .debug_line    0x0000112b      0x5de common\critical.o
 .debug_line    0x00001709      0x3f3 common\gpio.o
 .debug_line    0x00001afc      0xccf common\retarget.o
 .debug_line    0x000027cb      0x438 common\ticker_api.o
 .debug_line    0x00002c03      0x3b0 common\us_ticker_api.o
 .debug_line    0x00002fb3      0x3d2 common\wait_api.o
 .debug_line    0x00003385      0x8d9 main.o
 .debug_line    0x00003c5e      0x2d4 target\cmsis\cmsis_nvic.o
 .debug_line    0x00003f32      0x31d target\cmsis\startup_tiva.o
 .debug_line    0x0000424f      0x347 target\cmsis\system_LM4F.o
 .debug_line    0x00004596      0x566 target\hal\TARGET_TivaC\gpio_api.o
 .debug_line    0x00004afc      0x461 target\hal\TARGET_TivaC\us_ticker.o

.debug_str      0x00000000    0x15073
 .debug_str     0x00000000     0xf873 common\BusOut.o
                               0xfbd2 (size before relaxing)
 .debug_str     0x0000f873      0x4f0 common\assert.o
                               0xa2b6 (size before relaxing)
 .debug_str     0x0000fd63      0x30b common\board.o
                               0xdd2a (size before relaxing)
 .debug_str     0x0001006e      0x2ef common\critical.o
                               0xa137 (size before relaxing)
 .debug_str     0x0001035d       0xcb common\gpio.o
                               0x9e71 (size before relaxing)
 .debug_str     0x00010428     0x2d43 common\retarget.o
                              0x12924 (size before relaxing)
 .debug_str     0x0001316b      0x104 common\ticker_api.o
                               0xa155 (size before relaxing)
 .debug_str     0x0001326f       0x75 common\us_ticker_api.o
                               0x9db5 (size before relaxing)
 .debug_str     0x000132e4       0x36 common\wait_api.o
                               0x9cbc (size before relaxing)
 .debug_str     0x0001331a      0xaac main.o
                              0x108f0 (size before relaxing)
 .debug_str     0x00013dc6      0x45c target\cmsis\cmsis_nvic.o
                               0x9f32 (size before relaxing)
 .debug_str     0x00014222      0x15d target\cmsis\startup_tiva.o
                               0x9bac (size before relaxing)
 .debug_str     0x0001437f      0x9f0 target\cmsis\system_LM4F.o
                               0xa407 (size before relaxing)
 .debug_str     0x00014d6f       0xe0 target\hal\TARGET_TivaC\gpio_api.o
                               0xa4b2 (size before relaxing)
 .debug_str     0x00014e4f      0x224 target\hal\TARGET_TivaC\us_ticker.o
                               0xabc0 (size before relaxing)

.debug_frame    0x00000000     0x20c4
 .debug_frame   0x00000000      0x2d4 common\BusOut.o
 .debug_frame   0x000002d4       0x34 common\assert.o
 .debug_frame   0x00000308       0x90 common\board.o
 .debug_frame   0x00000398      0x254 common\critical.o
 .debug_frame   0x000005ec      0x10c common\gpio.o
 .debug_frame   0x000006f8      0x6d8 common\retarget.o
 .debug_frame   0x00000dd0       0xec common\ticker_api.o
 .debug_frame   0x00000ebc       0x4c common\us_ticker_api.o
 .debug_frame   0x00000f08       0x7c common\wait_api.o
 .debug_frame   0x00000f84       0x9c main.o
 .debug_frame   0x00001020       0x60 target\cmsis\cmsis_nvic.o
 .debug_frame   0x00001080       0x9c target\cmsis\startup_tiva.o
 .debug_frame   0x0000111c       0x84 target\cmsis\system_LM4F.o
 .debug_frame   0x000011a0       0xf4 target\hal\TARGET_TivaC\gpio_api.o
 .debug_frame   0x00001294      0x10c target\hal\TARGET_TivaC\us_ticker.o
 .debug_frame   0x000013a0       0x20 c:/program files (x86)/gnu tools arm embedded/5.4 2016q2/bin/../lib/gcc/arm-none-eabi/5.4.1/../../../../arm-none-eabi/lib/armv7e-m/softfp\libstdc++_nano.a(del_op.o)
 .debug_frame   0x000013c0       0xd4 c:/program files (x86)/gnu tools arm embedded/5.4 2016q2/bin/../lib/gcc/arm-none-eabi/5.4.1/../../../../arm-none-eabi/lib/armv7e-m/softfp\libstdc++_nano.a(si_class_type_info.o)
 .debug_frame   0x00001494       0xb0 c:/program files (x86)/gnu tools arm embedded/5.4 2016q2/bin/../lib/gcc/arm-none-eabi/5.4.1/../../../../arm-none-eabi/lib/armv7e-m/softfp\libstdc++_nano.a(eh_terminate.o)
 .debug_frame   0x00001544       0x80 c:/program files (x86)/gnu tools arm embedded/5.4 2016q2/bin/../lib/gcc/arm-none-eabi/5.4.1/../../../../arm-none-eabi/lib/armv7e-m/softfp\libstdc++_nano.a(tinfo.o)
 .debug_frame   0x000015c4       0x74 c:/program files (x86)/gnu tools arm embedded/5.4 2016q2/bin/../lib/gcc/arm-none-eabi/5.4.1/../../../../arm-none-eabi/lib/armv7e-m/softfp\libstdc++_nano.a(eh_arm.o)
 .debug_frame   0x00001638       0xd8 c:/program files (x86)/gnu tools arm embedded/5.4 2016q2/bin/../lib/gcc/arm-none-eabi/5.4.1/../../../../arm-none-eabi/lib/armv7e-m/softfp\libstdc++_nano.a(class_type_info.o)
 .debug_frame   0x00001710       0x54 c:/program files (x86)/gnu tools arm embedded/5.4 2016q2/bin/../lib/gcc/arm-none-eabi/5.4.1/../../../../arm-none-eabi/lib/armv7e-m/softfp\libstdc++_nano.a(eh_call.o)
 .debug_frame   0x00001764       0x84 c:/program files (x86)/gnu tools arm embedded/5.4 2016q2/bin/../lib/gcc/arm-none-eabi/5.4.1/../../../../arm-none-eabi/lib/armv7e-m/softfp\libstdc++_nano.a(eh_catch.o)
 .debug_frame   0x000017e8       0x30 c:/program files (x86)/gnu tools arm embedded/5.4 2016q2/bin/../lib/gcc/arm-none-eabi/5.4.1/../../../../arm-none-eabi/lib/armv7e-m/softfp\libstdc++_nano.a(eh_globals.o)
 .debug_frame   0x00001818       0xd0 c:/program files (x86)/gnu tools arm embedded/5.4 2016q2/bin/../lib/gcc/arm-none-eabi/5.4.1/../../../../arm-none-eabi/lib/armv7e-m/softfp\libstdc++_nano.a(eh_exception.o)
 .debug_frame   0x000018e8      0x2f4 c:/program files (x86)/gnu tools arm embedded/5.4 2016q2/bin/../lib/gcc/arm-none-eabi/5.4.1/armv7e-m/softfp\libgcc.a(unwind-arm.o)
 .debug_frame   0x00001bdc      0x104 c:/program files (x86)/gnu tools arm embedded/5.4 2016q2/bin/../lib/gcc/arm-none-eabi/5.4.1/armv7e-m/softfp\libgcc.a(pr-support.o)
 .debug_frame   0x00001ce0       0x28 c:/program files (x86)/gnu tools arm embedded/5.4 2016q2/bin/../lib/gcc/arm-none-eabi/5.4.1/../../../../arm-none-eabi/lib/armv7e-m/softfp\libg_nano.a(lib_a-abort.o)
 .debug_frame   0x00001d08      0x11c c:/program files (x86)/gnu tools arm embedded/5.4 2016q2/bin/../lib/gcc/arm-none-eabi/5.4.1/../../../../arm-none-eabi/lib/armv7e-m/softfp\libg_nano.a(lib_a-findfp.o)
 .debug_frame   0x00001e24       0x30 c:/program files (x86)/gnu tools arm embedded/5.4 2016q2/bin/../lib/gcc/arm-none-eabi/5.4.1/../../../../arm-none-eabi/lib/armv7e-m/softfp\libg_nano.a(lib_a-malloc.o)
 .debug_frame   0x00001e54       0x28 c:/program files (x86)/gnu tools arm embedded/5.4 2016q2/bin/../lib/gcc/arm-none-eabi/5.4.1/../../../../arm-none-eabi/lib/armv7e-m/softfp\libg_nano.a(lib_a-memcpy-stub.o)
 .debug_frame   0x00001e7c       0x38 c:/program files (x86)/gnu tools arm embedded/5.4 2016q2/bin/../lib/gcc/arm-none-eabi/5.4.1/../../../../arm-none-eabi/lib/armv7e-m/softfp\libg_nano.a(lib_a-nano-freer.o)
 .debug_frame   0x00001eb4       0x2c c:/program files (x86)/gnu tools arm embedded/5.4 2016q2/bin/../lib/gcc/arm-none-eabi/5.4.1/../../../../arm-none-eabi/lib/armv7e-m/softfp\libg_nano.a(lib_a-nano-mallocr.o)
 .debug_frame   0x00001ee0       0x5c c:/program files (x86)/gnu tools arm embedded/5.4 2016q2/bin/../lib/gcc/arm-none-eabi/5.4.1/../../../../arm-none-eabi/lib/armv7e-m/softfp\libg_nano.a(lib_a-reent.o)
 .debug_frame   0x00001f3c       0xcc c:/program files (x86)/gnu tools arm embedded/5.4 2016q2/bin/../lib/gcc/arm-none-eabi/5.4.1/../../../../arm-none-eabi/lib/armv7e-m/softfp\libg_nano.a(lib_a-signal.o)
 .debug_frame   0x00002008       0x3c c:/program files (x86)/gnu tools arm embedded/5.4 2016q2/bin/../lib/gcc/arm-none-eabi/5.4.1/../../../../arm-none-eabi/lib/armv7e-m/softfp\libg_nano.a(lib_a-signalr.o)
 .debug_frame   0x00002044       0x20 c:/program files (x86)/gnu tools arm embedded/5.4 2016q2/bin/../lib/gcc/arm-none-eabi/5.4.1/../../../../arm-none-eabi/lib/armv7e-m/softfp\libg_nano.a(lib_a-strcmp.o)
 .debug_frame   0x00002064       0x20 c:/program files (x86)/gnu tools arm embedded/5.4 2016q2/bin/../lib/gcc/arm-none-eabi/5.4.1/../../../../arm-none-eabi/lib/armv7e-m/softfp\libnosys.a(getpid.o)
 .debug_frame   0x00002084       0x20 c:/program files (x86)/gnu tools arm embedded/5.4 2016q2/bin/../lib/gcc/arm-none-eabi/5.4.1/../../../../arm-none-eabi/lib/armv7e-m/softfp\libnosys.a(kill.o)
 .debug_frame   0x000020a4       0x20 c:/program files (x86)/gnu tools arm embedded/5.4 2016q2/bin/../lib/gcc/arm-none-eabi/5.4.1/../../../../arm-none-eabi/lib/armv7e-m/softfp\libnosys.a(_exit.o)

.stab           0x00000000       0x3c
 .stab          0x00000000       0x24 c:/program files (x86)/gnu tools arm embedded/5.4 2016q2/bin/../lib/gcc/arm-none-eabi/5.4.1/../../../../arm-none-eabi/lib/armv7e-m/softfp\libnosys.a(getpid.o)
 .stab          0x00000024       0x18 c:/program files (x86)/gnu tools arm embedded/5.4 2016q2/bin/../lib/gcc/arm-none-eabi/5.4.1/../../../../arm-none-eabi/lib/armv7e-m/softfp\libnosys.a(kill.o)
                                 0x24 (size before relaxing)

.stabstr        0x00000000       0x76
 .stabstr       0x00000000       0x76 c:/program files (x86)/gnu tools arm embedded/5.4 2016q2/bin/../lib/gcc/arm-none-eabi/5.4.1/../../../../arm-none-eabi/lib/armv7e-m/softfp\libnosys.a(getpid.o)
