Archive member included to satisfy reference by file (symbol)

c:/program files (x86)/gnu tools arm embedded/5.4 2016q2/bin/../lib/gcc/arm-none-eabi/5.4.1/../../../../arm-none-eabi/lib/armv7e-m/softfp\libstdc++_nano.a(del_opv.o)
                              common\RawSerial.o (operator delete[](void*))
c:/program files (x86)/gnu tools arm embedded/5.4 2016q2/bin/../lib/gcc/arm-none-eabi/5.4.1/../../../../arm-none-eabi/lib/armv7e-m/softfp\libstdc++_nano.a(del_op.o)
                              common\BusIn.o (operator delete(void*))
c:/program files (x86)/gnu tools arm embedded/5.4 2016q2/bin/../lib/gcc/arm-none-eabi/5.4.1/../../../../arm-none-eabi/lib/armv7e-m/softfp\libstdc++_nano.a(si_class_type_info.o)
                              common\FileSystemLike.o (vtable for __cxxabiv1::__si_class_type_info)
c:/program files (x86)/gnu tools arm embedded/5.4 2016q2/bin/../lib/gcc/arm-none-eabi/5.4.1/../../../../arm-none-eabi/lib/armv7e-m/softfp\libstdc++_nano.a(eh_personality.o)
                              common\BusIn.o (__gxx_personality_v0)
c:/program files (x86)/gnu tools arm embedded/5.4 2016q2/bin/../lib/gcc/arm-none-eabi/5.4.1/../../../../arm-none-eabi/lib/armv7e-m/softfp\libstdc++_nano.a(vmi_class_type_info.o)
                              common\FileLike.o (vtable for __cxxabiv1::__vmi_class_type_info)
c:/program files (x86)/gnu tools arm embedded/5.4 2016q2/bin/../lib/gcc/arm-none-eabi/5.4.1/../../../../arm-none-eabi/lib/armv7e-m/softfp\libstdc++_nano.a(new_op.o)
                              common\BusIn.o (operator new(unsigned int))
c:/program files (x86)/gnu tools arm embedded/5.4 2016q2/bin/../lib/gcc/arm-none-eabi/5.4.1/../../../../arm-none-eabi/lib/armv7e-m/softfp\libstdc++_nano.a(new_opv.o)
                              common\RawSerial.o (operator new[](unsigned int))
c:/program files (x86)/gnu tools arm embedded/5.4 2016q2/bin/../lib/gcc/arm-none-eabi/5.4.1/../../../../arm-none-eabi/lib/armv7e-m/softfp\libstdc++_nano.a(eh_terminate.o)
                              c:/program files (x86)/gnu tools arm embedded/5.4 2016q2/bin/../lib/gcc/arm-none-eabi/5.4.1/../../../../arm-none-eabi/lib/armv7e-m/softfp\libstdc++_nano.a(eh_personality.o) (std::terminate())
c:/program files (x86)/gnu tools arm embedded/5.4 2016q2/bin/../lib/gcc/arm-none-eabi/5.4.1/../../../../arm-none-eabi/lib/armv7e-m/softfp\libstdc++_nano.a(tinfo.o)
                              c:/program files (x86)/gnu tools arm embedded/5.4 2016q2/bin/../lib/gcc/arm-none-eabi/5.4.1/../../../../arm-none-eabi/lib/armv7e-m/softfp\libstdc++_nano.a(si_class_type_info.o) (std::type_info::__is_function_p() const)
c:/program files (x86)/gnu tools arm embedded/5.4 2016q2/bin/../lib/gcc/arm-none-eabi/5.4.1/../../../../arm-none-eabi/lib/armv7e-m/softfp\libstdc++_nano.a(eh_arm.o)
                              common\BusIn.o (__cxa_end_cleanup)
c:/program files (x86)/gnu tools arm embedded/5.4 2016q2/bin/../lib/gcc/arm-none-eabi/5.4.1/../../../../arm-none-eabi/lib/armv7e-m/softfp\libstdc++_nano.a(eh_aux_runtime.o)
                              flash-esp8266\bufferedSerial\buffer\MyBuffer.o (__cxa_throw_bad_array_new_length)
c:/program files (x86)/gnu tools arm embedded/5.4 2016q2/bin/../lib/gcc/arm-none-eabi/5.4.1/../../../../arm-none-eabi/lib/armv7e-m/softfp\libstdc++_nano.a(class_type_info.o)
                              c:/program files (x86)/gnu tools arm embedded/5.4 2016q2/bin/../lib/gcc/arm-none-eabi/5.4.1/../../../../arm-none-eabi/lib/armv7e-m/softfp\libstdc++_nano.a(si_class_type_info.o) (__cxxabiv1::__class_type_info::__do_upcast(__cxxabiv1::__class_type_info const*, void**) const)
c:/program files (x86)/gnu tools arm embedded/5.4 2016q2/bin/../lib/gcc/arm-none-eabi/5.4.1/../../../../arm-none-eabi/lib/armv7e-m/softfp\libstdc++_nano.a(pure.o)
                              common\FileLike.o (__cxa_pure_virtual)
c:/program files (x86)/gnu tools arm embedded/5.4 2016q2/bin/../lib/gcc/arm-none-eabi/5.4.1/../../../../arm-none-eabi/lib/armv7e-m/softfp\libstdc++_nano.a(eh_call.o)
                              c:/program files (x86)/gnu tools arm embedded/5.4 2016q2/bin/../lib/gcc/arm-none-eabi/5.4.1/../../../../arm-none-eabi/lib/armv7e-m/softfp\libstdc++_nano.a(eh_personality.o) (__cxa_call_terminate)
c:/program files (x86)/gnu tools arm embedded/5.4 2016q2/bin/../lib/gcc/arm-none-eabi/5.4.1/../../../../arm-none-eabi/lib/armv7e-m/softfp\libstdc++_nano.a(new_handler.o)
                              c:/program files (x86)/gnu tools arm embedded/5.4 2016q2/bin/../lib/gcc/arm-none-eabi/5.4.1/../../../../arm-none-eabi/lib/armv7e-m/softfp\libstdc++_nano.a(new_op.o) (std::get_new_handler())
c:/program files (x86)/gnu tools arm embedded/5.4 2016q2/bin/../lib/gcc/arm-none-eabi/5.4.1/../../../../arm-none-eabi/lib/armv7e-m/softfp\libstdc++_nano.a(eh_catch.o)
[...]
Memory Configuration

Name             Origin             Length             Attributes
FLASH            0x00000000         0x00040000         xr
RAM              0x20000268         0x00007ef4         xrw
*default*        0x00000000         0xffffffff

Linker script and memory map

LOAD c:/program files (x86)/gnu tools arm embedded/5.4 2016q2/bin/../lib/gcc/arm-none-eabi/5.4.1/armv7e-m/softfp/crti.o
LOAD c:/program files (x86)/gnu tools arm embedded/5.4 2016q2/bin/../lib/gcc/arm-none-eabi/5.4.1/armv7e-m/softfp/crtbegin.o
LOAD c:/program files (x86)/gnu tools arm embedded/5.4 2016q2/bin/../lib/gcc/arm-none-eabi/5.4.1/../../../../arm-none-eabi/lib/armv7e-m/softfp/crt0.o
LOAD common\AnalogIn.o
LOAD common\BusIn.o
LOAD common\BusInOut.o
LOAD common\BusOut.o
LOAD common\CAN.o
LOAD common\CallChain.o
LOAD common\Ethernet.o
LOAD common\FileBase.o
LOAD common\FileLike.o
LOAD common\FilePath.o
LOAD common\FileSystemLike.o
LOAD common\I2C.o
LOAD common\I2CSlave.o
LOAD common\InterruptIn.o
LOAD common\InterruptManager.o
LOAD common\LocalFileSystem.o
LOAD common\RawSerial.o
LOAD common\SPI.o
LOAD common\SPISlave.o
LOAD common\Serial.o
LOAD common\SerialBase.o
LOAD common\Stream.o
LOAD common\Ticker.o
LOAD common\Timeout.o
LOAD common\Timer.o
LOAD common\TimerEvent.o
LOAD common\assert.o
LOAD common\board.o
LOAD common\critical.o
LOAD common\error.o
LOAD common\gpio.o
LOAD common\lp_ticker_api.o
LOAD common\mbed_interface.o
LOAD common\pinmap_common.o
LOAD common\retarget.o
LOAD common\rtc_time.o
LOAD common\semihost_api.o
LOAD common\ticker_api.o
LOAD common\us_ticker_api.o
LOAD common\wait_api.o
LOAD flash-esp8266\bufferedSerial\BufferedSerial.o
LOAD flash-esp8266\bufferedSerial\buffer\MyBuffer.o
LOAD main.o
LOAD target\cmsis\cmsis_nvic.o
LOAD target\cmsis\startup_tiva.o
LOAD target\cmsis\system_LM4F.o
LOAD target\hal\TARGET_TivaC\gpio_api.o
LOAD target\hal\TARGET_TivaC\serial_api.o
LOAD target\hal\TARGET_TivaC\us_ticker.o
LOAD c:/program files (x86)/gnu tools arm embedded/5.4 2016q2/bin/../lib/gcc/arm-none-eabi/5.4.1/../../../../arm-none-eabi/lib/armv7e-m/softfp\libstdc++_nano.a
LOAD c:/program files (x86)/gnu tools arm embedded/5.4 2016q2/bin/../lib/gcc/arm-none-eabi/5.4.1/../../../../arm-none-eabi/lib/armv7e-m/softfp\libm.a
START GROUP
LOAD c:/program files (x86)/gnu tools arm embedded/5.4 2016q2/bin/../lib/gcc/arm-none-eabi/5.4.1/armv7e-m/softfp\libgcc.a
LOAD c:/program files (x86)/gnu tools arm embedded/5.4 2016q2/bin/../lib/gcc/arm-none-eabi/5.4.1/../../../../arm-none-eabi/lib/armv7e-m/softfp\libg_nano.a
LOAD c:/program files (x86)/gnu tools arm embedded/5.4 2016q2/bin/../lib/gcc/arm-none-eabi/5.4.1/../../../../arm-none-eabi/lib/armv7e-m/softfp\libc_nano.a
END GROUP
START GROUP
LOAD c:/program files (x86)/gnu tools arm embedded/5.4 2016q2/bin/../lib/gcc/arm-none-eabi/5.4.1/armv7e-m/softfp\libgcc.a
LOAD c:/program files (x86)/gnu tools arm embedded/5.4 2016q2/bin/../lib/gcc/arm-none-eabi/5.4.1/../../../../arm-none-eabi/lib/armv7e-m/softfp\libc_nano.a
LOAD c:/program files (x86)/gnu tools arm embedded/5.4 2016q2/bin/../lib/gcc/arm-none-eabi/5.4.1/../../../../arm-none-eabi/lib/armv7e-m/softfp\libnosys.a
END GROUP
START GROUP
LOAD c:/program files (x86)/gnu tools arm embedded/5.4 2016q2/bin/../lib/gcc/arm-none-eabi/5.4.1/armv7e-m/softfp\libgcc.a
LOAD c:/program files (x86)/gnu tools arm embedded/5.4 2016q2/bin/../lib/gcc/arm-none-eabi/5.4.1/../../../../arm-none-eabi/lib/armv7e-m/softfp\libc_nano.a
LOAD c:/program files (x86)/gnu tools arm embedded/5.4 2016q2/bin/../lib/gcc/arm-none-eabi/5.4.1/../../../../arm-none-eabi/lib/armv7e-m/softfp\libnosys.a
END GROUP
LOAD c:/program files (x86)/gnu tools arm embedded/5.4 2016q2/bin/../lib/gcc/arm-none-eabi/5.4.1/armv7e-m/softfp/crtend.o
LOAD c:/program files (x86)/gnu tools arm embedded/5.4 2016q2/bin/../lib/gcc/arm-none-eabi/5.4.1/armv7e-m/softfp/crtn.o

.text           0x00000000    0x3ebf0
 *(.nvic_table)
 .nvic_table    0x00000000      0x26c target\cmsis\startup_tiva.o
                0x00000000                myvectors
 *(.text*)
 .text          0x0000026c       0x5c c:/program files (x86)/gnu tools arm embedded/5.4 2016q2/bin/../lib/gcc/arm-none-eabi/5.4.1/armv7e-m/softfp/crtbegin.o
 .text._ZN4mbed9DigitalInC2E7PinName
                0x000002c8       0x38 common\BusIn.o
                0x000002c8                mbed::DigitalIn::DigitalIn(PinName)
                0x000002c8                mbed::DigitalIn::DigitalIn(PinName)
 .text._ZN4mbed9DigitalIn4readEv
                0x00000300       0x1c common\BusIn.o
                0x00000300                mbed::DigitalIn::read()
 .text._ZN4mbed10DigitalOutC2E7PinName
                0x0000031c       0x38 common\BusOut.o
                0x0000031c                mbed::DigitalOut::DigitalOut(PinName)
                0x0000031c                mbed::DigitalOut::DigitalOut(PinName)
 .text._ZN4mbed10DigitalOut5writeEi
                0x00000354       0x1c common\BusOut.o
                0x00000354                mbed::DigitalOut::write(int)
 .text._ZN4mbed10DigitalOut4readEv
                0x00000370       0x1c common\BusOut.o
                0x00000370                mbed::DigitalOut::read()
 .text._ZN4mbed8CallbackIFvvEE4callEv
                0x0000038c       0x28 common\CallChain.o
                0x0000038c                mbed::Callback<void ()>::call()
 .text._ZN4mbed8CallbackIFvvEE6attachERKS2_
                0x000003b4       0x30 common\CallChain.o
                0x000003b4                mbed::Callback<void ()>::attach(mbed::Callback<void ()> const&)
 .text._ZN4mbed10SerialBaseD2Ev
                0x000003e4       0x28 common\RawSerial.o
                0x000003e4                mbed::SerialBase::~SerialBase()
                0x000003e4                mbed::SerialBase::~SerialBase()
 .text._ZN4mbed10SerialBaseD0Ev
                0x0000040c       0x20 common\RawSerial.o
                0x0000040c                mbed::SerialBase::~SerialBase()
 .text._ZN4mbed9RawSerialC2E7PinNameS1_
                0x0000042c       0x34 common\RawSerial.o
                0x0000042c                mbed::RawSerial::RawSerial(PinName, PinName)
                0x0000042c                mbed::RawSerial::RawSerial(PinName, PinName)
 .text._ZN4mbed9RawSerial4lockEv
                0x00000460       0x14 common\RawSerial.o
                0x00000460                mbed::RawSerial::lock()
 .text._ZN4mbed9RawSerial6unlockEv
                0x00000474       0x14 common\RawSerial.o
                0x00000474                mbed::RawSerial::unlock()
 .text._ZN4mbed9RawSerialD2Ev
                0x00000488       0x30 common\RawSerial.o
                0x00000488                mbed::RawSerial::~RawSerial()
                0x00000488                mbed::RawSerial::~RawSerial()
 .text._ZN4mbed9RawSerialD0Ev
                0x000004b8       0x20 common\RawSerial.o
                0x000004b8                mbed::RawSerial::~RawSerial()
 .text._ZN4mbed10SerialBaseC2E7PinNameS1_
                0x000004d8       0x78 common\SerialBase.o
                0x000004d8                mbed::SerialBase::SerialBase(PinName, PinName)
                0x000004d8                mbed::SerialBase::SerialBase(PinName, PinName)
 .text._ZN4mbed10SerialBase6attachENS_8CallbackIFvvEEENS0_7IrqTypeE
                0x00000550       0x70 common\SerialBase.o
                0x00000550                mbed::SerialBase::attach(mbed::Callback<void ()>, mbed::SerialBase::IrqType)
 .text._ZN4mbed10SerialBase12_irq_handlerEm9SerialIrq
                0x000005c0       0x28 common\SerialBase.o
                0x000005c0                mbed::SerialBase::_irq_handler(unsigned long, SerialIrq)
 .text._ZN4mbed10SerialBase4lockEv
                0x000005e8       0x14 common\SerialBase.o
                0x000005e8                mbed::SerialBase::lock()
 .text._ZN4mbed10SerialBase6unlockEv
                0x000005fc       0x14 common\SerialBase.o
                0x000005fc                mbed::SerialBase::unlock()
 .text._ZN4mbed8CallbackIFvvEEC2EPS1_
                0x00000610       0x1c common\SerialBase.o
                0x00000610                mbed::Callback<void ()>::Callback(void (*)())
                0x00000610                mbed::Callback<void ()>::Callback(void (*)())
 .text._ZNK4mbed8CallbackIFvvEEcvbEv
                0x0000062c       0x24 common\SerialBase.o
                0x0000062c                mbed::Callback<void ()>::operator bool() const
 .text._ZN4mbed8CallbackIFvvEE6attachEPS1_
                0x00000650       0x34 common\SerialBase.o
                0x00000650                mbed::Callback<void ()>::attach(void (*)())
 .text._ZN4mbed8CallbackIFvvEE12_staticthunkEPvS3_
                0x00000684       0x18 common\SerialBase.o
                0x00000684                mbed::Callback<void ()>::_staticthunk(void*, void*)
 .text._ZN4mbed5TimerC2Ev
                0x0000069c       0x34 common\Timer.o
                0x0000069c                mbed::Timer::Timer()
                0x0000069c                mbed::Timer::Timer()
 .text._ZN4mbed5Timer5startEv
                0x000006d0       0x38 common\Timer.o
                0x000006d0                mbed::Timer::start()
 .text._ZN4mbed5Timer7read_usEv
                0x00000708       0x2c common\Timer.o
                0x00000708                mbed::Timer::read_us()
 .text._ZN4mbed5Timer7read_msEv
                0x00000734       0x28 common\Timer.o
                0x00000734                mbed::Timer::read_ms()
 .text._ZN4mbed5Timer9slicetimeEv
                0x0000075c       0x3c common\Timer.o
                0x0000075c                mbed::Timer::slicetime()
 .text._ZN4mbed5Timer5resetEv
                0x00000798       0x30 common\Timer.o
                0x00000798                mbed::Timer::reset()
 .text.mbed_assert_internal
                0x000007c8       0x2c common\assert.o
                0x000007c8                mbed_assert_internal
 .text.mbed_die
                0x000007f4       0x18 common\board.o
                0x000007f4                mbed_die
 .text.mbed_error_printf
                0x0000080c       0x24 common\board.o
                0x0000080c                mbed_error_printf
 .text.mbed_error_vfprintf
                0x00000830       0x84 common\board.o
                0x00000830                mbed_error_vfprintf
 .text.core_util_are_interrupts_enabled
                0x000008b4       0x28 common\critical.o
                0x000008b4                core_util_are_interrupts_enabled
 .text.core_util_critical_section_enter
                0x000008dc       0x78 common\critical.o
                0x000008dc                core_util_critical_section_enter
 .text.core_util_critical_section_exit
                0x00000954       0x80 common\critical.o
                0x00000954                core_util_critical_section_exit
 .text.error    0x000009d4       0x1c common\error.o
                0x000009d4                error
 .text._gpio_init_in
                0x000009f0       0x40 common\gpio.o
 .text._gpio_init_out
                0x00000a30       0x4c common\gpio.o
 .text.gpio_init_in
                0x00000a7c       0x24 common\gpio.o
                0x00000a7c                gpio_init_in
 .text.gpio_init_in_ex
                0x00000aa0       0x28 common\gpio.o
                0x00000aa0                gpio_init_in_ex
 .text.gpio_init_out
                0x00000ac8       0x24 common\gpio.o
                0x00000ac8                gpio_init_out
 .text.gpio_init_out_ex
                0x00000aec       0x24 common\gpio.o
                0x00000aec                gpio_init_out_ex
 .text._ZL11init_serialv
                0x00000b10       0x24 common\retarget.o
 .text._close   0x00000b34       0x50 common\retarget.o
                0x00000b34                _close
 .text._write   0x00000b84       0x8c common\retarget.o
                0x00000b84                _write
 .text._read    0x00000c10       0x78 common\retarget.o
                0x00000c10                _read
 .text._isatty  0x00000c88       0x44 common\retarget.o
                0x00000c88                _isatty
 .text._lseek   0x00000ccc       0x4c common\retarget.o
                0x00000ccc                _lseek
 .text._fstat   0x00000d18       0x40 common\retarget.o
                0x00000d18                _fstat
 .text.exit     0x00000d58       0x14 common\retarget.o
                0x00000d58                exit
 .text.__rtos_malloc_lock
                0x00000d6c       0x14 common\retarget.o
                0x00000d6c                __rtos_malloc_lock
 .text.__rtos_malloc_unlock
                0x00000d80       0x14 common\retarget.o
                0x00000d80                __rtos_malloc_unlock
 .text.__malloc_lock
                0x00000d94       0x18 common\retarget.o
                0x00000d94                __malloc_lock
 .text.__malloc_unlock
                0x00000dac       0x18 common\retarget.o
                0x00000dac                __malloc_unlock
 .text.ticker_irq_handler
                0x00000dc4       0x84 common\ticker_api.o
                0x00000dc4                ticker_irq_handler
 .text.ticker_read
                0x00000e48       0x1c common\ticker_api.o
                0x00000e48                ticker_read
 .text.get_us_ticker_data
                0x00000e64       0x14 common\us_ticker_api.o
                0x00000e64                get_us_ticker_data
 .text.us_ticker_irq_handler
                0x00000e78       0x14 common\us_ticker_api.o
                0x00000e78                us_ticker_irq_handler
 .text.wait     0x00000e8c       0x2c common\wait_api.o
                0x00000e8c                wait
 .text.wait_ms  0x00000eb8       0x20 common\wait_api.o
                0x00000eb8                wait_ms
 .text.wait_us  0x00000ed8       0x28 common\wait_api.o
                0x00000ed8                wait_us
 .text._ZN14BufferedSerialC2E7PinNameS0_mmPKc
                0x00000f00       0xa8 flash-esp8266\bufferedSerial\BufferedSerial.o
                0x00000f00                BufferedSerial::BufferedSerial(PinName, PinName, unsigned long, unsigned long, char const*)
                0x00000f00                BufferedSerial::BufferedSerial(PinName, PinName, unsigned long, unsigned long, char const*)
 .text._ZN14BufferedSerialD2Ev
                0x00000fa8       0x80 flash-esp8266\bufferedSerial\BufferedSerial.o
                0x00000fa8                BufferedSerial::~BufferedSerial()
                0x00000fa8                BufferedSerial::~BufferedSerial()
 .text._ZN14BufferedSerialD0Ev
                0x00001028       0x20 flash-esp8266\bufferedSerial\BufferedSerial.o
                0x00001028                BufferedSerial::~BufferedSerial()
 .text._ZN14BufferedSerial8readableEv
                0x00001048       0x1c flash-esp8266\bufferedSerial\BufferedSerial.o
                0x00001048                BufferedSerial::readable()
 .text._ZN14BufferedSerial9writeableEv
                0x00001064       0x18 flash-esp8266\bufferedSerial\BufferedSerial.o
                0x00001064                BufferedSerial::writeable()
 .text._ZN14BufferedSerial4getcEv
                0x0000107c       0x1c flash-esp8266\bufferedSerial\BufferedSerial.o
                0x0000107c                BufferedSerial::getc()
 .text._ZN14BufferedSerial4putcEi
                0x00001098       0x2c flash-esp8266\bufferedSerial\BufferedSerial.o
                0x00001098                BufferedSerial::putc(int)
 .text._ZN14BufferedSerial4putsEPKc
                0x000010c4       0x5c flash-esp8266\bufferedSerial\BufferedSerial.o
                0x000010c4                BufferedSerial::puts(char const*)
 .text._ZN14BufferedSerial6printfEPKcz
                0x00001120       0xc0 flash-esp8266\bufferedSerial\BufferedSerial.o
                0x00001120                BufferedSerial::printf(char const*, ...)
 .text._ZN14BufferedSerial5writeEPKvj
                0x000011e0       0x5c flash-esp8266\bufferedSerial\BufferedSerial.o
                0x000011e0                BufferedSerial::write(void const*, unsigned int)
 .text._ZN14BufferedSerial5rxIrqEv
                0x0000123c       0x48 flash-esp8266\bufferedSerial\BufferedSerial.o
                0x0000123c                BufferedSerial::rxIrq()
 .text._ZN14BufferedSerial5txIrqEv
                0x00001284       0x80 flash-esp8266\bufferedSerial\BufferedSerial.o
                0x00001284                BufferedSerial::txIrq()
 .text._ZN14BufferedSerial5primeEv
                0x00001304       0x6c flash-esp8266\bufferedSerial\BufferedSerial.o
                0x00001304                BufferedSerial::prime()
 .text._ZN4mbed10SerialBase6attachI14BufferedSerialEEvPT_MS3_FvvENS0_7IrqTypeE
                0x00001370       0x38 flash-esp8266\bufferedSerial\BufferedSerial.o
                0x00001370                void mbed::SerialBase::attach<BufferedSerial>(BufferedSerial*, void (BufferedSerial::*)(), mbed::SerialBase::IrqType)
 .text._ZN8MyBufferIcE9availableEv
                0x000013a8       0x28 flash-esp8266\bufferedSerial\BufferedSerial.o
                0x000013a8                MyBuffer<char>::available()
 .text._ZN8MyBufferIcEcviEv
                0x000013d0       0x18 flash-esp8266\bufferedSerial\BufferedSerial.o
                0x000013d0                MyBuffer<char>::operator int()
 .text._ZN8MyBufferIcEaSEc
                0x000013e8       0x24 flash-esp8266\bufferedSerial\BufferedSerial.o
                0x000013e8                MyBuffer<char>::operator=(char)
 .text._ZN8MyBufferIcE3getEv
                0x0000140c       0x44 flash-esp8266\bufferedSerial\BufferedSerial.o
                0x0000140c                MyBuffer<char>::get()
 .text._ZN4mbed8CallbackIFvvEEC2I14BufferedSerialEEPT_MS5_FvvE
                0x00001450       0x28 flash-esp8266\bufferedSerial\BufferedSerial.o
                0x00001450                mbed::Callback<void ()>::Callback<BufferedSerial>(BufferedSerial*, void (BufferedSerial::*)())
                0x00001450                mbed::Callback<void ()>::Callback<BufferedSerial>(BufferedSerial*, void (BufferedSerial::*)())
 .text._ZN8MyBufferIcE3putEc
                0x00001478       0x44 flash-esp8266\bufferedSerial\BufferedSerial.o
                0x00001478                MyBuffer<char>::put(char)
 .text._ZN4mbed8CallbackIFvvEE6attachI14BufferedSerialEEvPT_MS5_FvvE
                0x000014bc       0x34 flash-esp8266\bufferedSerial\BufferedSerial.o
                0x000014bc                void mbed::Callback<void ()>::attach<BufferedSerial>(BufferedSerial*, void (BufferedSerial::*)())
 .text._ZN4mbed8CallbackIFvvEE12_methodthunkI14BufferedSerialEEvPvS5_
                0x000014f0       0x48 flash-esp8266\bufferedSerial\BufferedSerial.o
                0x000014f0                void mbed::Callback<void ()>::_methodthunk<BufferedSerial>(void*, void*)
 .text._ZN8MyBufferIcEC2Em
                0x00001538       0x34 flash-esp8266\bufferedSerial\buffer\MyBuffer.o
                0x00001538                MyBuffer<char>::MyBuffer(unsigned long)
                0x00001538                MyBuffer<char>::MyBuffer(unsigned long)
 .text._ZN8MyBufferIcED2Ev
                0x0000156c       0x28 flash-esp8266\bufferedSerial\buffer\MyBuffer.o
                0x0000156c                MyBuffer<char>::~MyBuffer()
                0x0000156c                MyBuffer<char>::~MyBuffer()
 .text._ZN8MyBufferIcE5clearEv
                0x00001594       0x2c flash-esp8266\bufferedSerial\buffer\MyBuffer.o
                0x00001594                MyBuffer<char>::clear()
 .text._ZN4mbed9DigitalIncviEv
                0x000015c0       0x18 main.o
                0x000015c0                mbed::DigitalIn::operator int()
 .text._ZN4mbed10DigitalOutaSEi
                0x000015d8       0x1c main.o
                0x000015d8                mbed::DigitalOut::operator=(int)
 .text._ZN4mbed10DigitalOutcviEv
                0x000015f4       0x18 main.o
                0x000015f4                mbed::DigitalOut::operator int()
 .text._ZN10SLIPPacketI14BufferedSerialED2Ev
                0x0000160c       0x1c main.o
                0x0000160c                SLIPPacket<BufferedSerial>::~SLIPPacket()
                0x0000160c                SLIPPacket<BufferedSerial>::~SLIPPacket()
 .text._ZN10ESPCommandI14BufferedSerialED2Ev
                0x00001628       0x1c main.o
                0x00001628                ESPCommand<BufferedSerial>::~ESPCommand()
                0x00001628                ESPCommand<BufferedSerial>::~ESPCommand()
 .text.main     0x00001644      0x104 main.o
                0x00001644                main
 .text._ZN10ESPCommandI14BufferedSerialEC2E7PinNameS2_S2_
                0x00001748       0x54 main.o
                0x00001748                ESPCommand<BufferedSerial>::ESPCommand(PinName, PinName, PinName)
                0x00001748                ESPCommand<BufferedSerial>::ESPCommand(PinName, PinName, PinName)
 .text._ZN10ESPCommandI14BufferedSerialE11flash_writeEmPKhm
                0x0000179c       0xf4 main.o
                0x0000179c                ESPCommand<BufferedSerial>::flash_write(unsigned long, unsigned char const*, unsigned long)
 .text._ZN10SLIPPacketI14BufferedSerialEC2E7PinNameS2_
                0x00001890       0x34 main.o
                0x00001890                SLIPPacket<BufferedSerial>::SLIPPacket(PinName, PinName)
                0x00001890                SLIPPacket<BufferedSerial>::SLIPPacket(PinName, PinName)
 .text._ZN10ESPCommandI14BufferedSerialE4syncEv
                0x000018c4       0x20 main.o
                0x000018c4                ESPCommand<BufferedSerial>::sync()
 .text._ZN10ESPCommandI14BufferedSerialE11flash_startEmmm
                0x000018e4       0xa8 main.o
                0x000018e4                ESPCommand<BufferedSerial>::flash_start(unsigned long, unsigned long, unsigned long)
 .text._ZN10ESPCommandI14BufferedSerialE10flash_dataEPKhmm
                0x0000198c       0xe0 main.o
                0x0000198c                ESPCommand<BufferedSerial>::flash_data(unsigned char const*, unsigned long, unsigned long)
 .text._ZN10ESPCommandI14BufferedSerialE12flash_finishEv
                0x00001a6c       0x60 main.o
                0x00001a6c                ESPCommand<BufferedSerial>::flash_finish()
 .text._ZN10ESPCommandI14BufferedSerialE10sync_frameEv
                0x00001acc      0x160 main.o
                0x00001acc                ESPCommand<BufferedSerial>::sync_frame()
 .text._ZN10ESPCommandI14BufferedSerialE13command_startEct
                0x00001c2c       0x68 main.o
                0x00001c2c                ESPCommand<BufferedSerial>::command_start(char, unsigned short)
 .text._ZN10SLIPPacketI14BufferedSerialE4sendEPKvi
                0x00001c94       0x4c main.o
                0x00001c94                SLIPPacket<BufferedSerial>::send(void const*, int)
 .text._ZN10ESPCommandI14BufferedSerialE14command_finishEv
                0x00001ce0       0x30 main.o
                0x00001ce0                ESPCommand<BufferedSerial>::command_finish()
 .text._ZN10SLIPPacketI14BufferedSerialE5flushEv
                0x00001d10       0x34 main.o
                0x00001d10                SLIPPacket<BufferedSerial>::flush()
 .text._ZN10SLIPPacketI14BufferedSerialE4putcEh
                0x00001d44       0x78 main.o
                0x00001d44                SLIPPacket<BufferedSerial>::putc(unsigned char)
 .text._ZN10ESPCommandI14BufferedSerialE13command_flushEv
                0x00001dbc       0x94 main.o
                0x00001dbc                ESPCommand<BufferedSerial>::command_flush()
 .text._ZN10SLIPPacketI14BufferedSerialE9req_startEv
                0x00001e50       0x20 main.o
                0x00001e50                SLIPPacket<BufferedSerial>::req_start()
 .text._ZN10SLIPPacketI14BufferedSerialE10req_finishEv
                0x00001e70       0x20 main.o
                0x00001e70                SLIPPacket<BufferedSerial>::req_finish()
 .text._ZN10SLIPPacketI14BufferedSerialE9checkputcEh
                0x00001e90       0x44 main.o
                0x00001e90                SLIPPacket<BufferedSerial>::checkputc(unsigned char)
 .text._ZN10SLIPPacketI14BufferedSerialE10resp_startEv
                0x00001ed4       0x24 main.o
                0x00001ed4                SLIPPacket<BufferedSerial>::resp_start()
 .text._ZN10SLIPPacketI14BufferedSerialE4getcEv
                0x00001ef8       0x50 main.o
                0x00001ef8                SLIPPacket<BufferedSerial>::getc()
 .text._ZN10SLIPPacketI14BufferedSerialE4recvEPvi
                0x00001f48       0x50 main.o
                0x00001f48                SLIPPacket<BufferedSerial>::recv(void*, int)
 .text._ZN10SLIPPacketI14BufferedSerialE11resp_finishEv
                0x00001f98       0x24 main.o
                0x00001f98                SLIPPacket<BufferedSerial>::resp_finish()
 .text._ZN10SLIPPacketI14BufferedSerialE9checkgetcEv
                0x00001fbc       0x70 main.o
                0x00001fbc                SLIPPacket<BufferedSerial>::checkgetc()
 .text.NVIC_SetVector
                0x0000202c       0x74 target\cmsis\cmsis_nvic.o
                0x0000202c                NVIC_SetVector
 .text.rst_handler
                0x000020a0       0x70 target\cmsis\startup_tiva.o
                0x000020a0                rst_handler
 .text.nmi_handler
                0x00002110        0x8 target\cmsis\startup_tiva.o
                0x00002110                nmi_handler
 .text.hardfault_handler
                0x00002118        0x8 target\cmsis\startup_tiva.o
                0x00002118                hardfault_handler
 .text.empty_def_handler
                0x00002120        0x8 target\cmsis\startup_tiva.o
                0x00002120                empty_def_handler
 .text.TIMERA_handler
                0x00002128       0x10 target\cmsis\startup_tiva.o
                0x00002128                TIMERA_handler
 .text.SystemInit
                0x00002138       0xbc target\cmsis\system_LM4F.o
                0x00002138                SystemInit
 .text.gpio_init
                0x000021f4       0xf4 target\hal\TARGET_TivaC\gpio_api.o
                0x000021f4                gpio_init
 .text.gpio_write
                0x000022e8      0x1a4 target\hal\TARGET_TivaC\gpio_api.o
                0x000022e8                gpio_write
 .text.gpio_dir
                0x0000248c      0x290 target\hal\TARGET_TivaC\gpio_api.o
                0x0000248c                gpio_dir
 .text.gpio_mode
                0x0000271c      0x3b0 target\hal\TARGET_TivaC\gpio_api.o
                0x0000271c                gpio_mode
 .text.gpio_read
                0x00002acc       0xc4 target\hal\TARGET_TivaC\gpio_api.o
                0x00002acc                gpio_read
 .text.getPortNameForPin
                0x00002b90      0x310 target\hal\TARGET_TivaC\gpio_api.o
 .text.getPinValue
                0x00002ea0      0x1a0 target\hal\TARGET_TivaC\gpio_api.o
                0x00002ea0                getPinValue
 .text.NVIC_EnableIRQ
                0x00003040       0x34 target\hal\TARGET_TivaC\serial_api.o
 .text.NVIC_DisableIRQ
                0x00003074       0x34 target\hal\TARGET_TivaC\serial_api.o
 .text.serial_init
                0x000030a8      0x1d0 target\hal\TARGET_TivaC\serial_api.o
                0x000030a8                serial_init
 .text.serial_irq_set
                0x00003278      0x128 target\hal\TARGET_TivaC\serial_api.o
                0x00003278                serial_irq_set
 .text.serial_irq_handler
                0x000033a0       0x34 target\hal\TARGET_TivaC\serial_api.o
                0x000033a0                serial_irq_handler
 .text.serial_getc
                0x000033d4       0x2c target\hal\TARGET_TivaC\serial_api.o
                0x000033d4                serial_getc
 .text.serial_putc
                0x00003400       0x2c target\hal\TARGET_TivaC\serial_api.o
                0x00003400                serial_putc
 .text.serial_readable
                0x0000342c       0x3c target\hal\TARGET_TivaC\serial_api.o
                0x0000342c                serial_readable
 .text.serial_writable
                0x00003468       0x3c target\hal\TARGET_TivaC\serial_api.o
                0x00003468                serial_writable
 .text.serial_baud
                0x000034a4       0x4c target\hal\TARGET_TivaC\serial_api.o
                0x000034a4                serial_baud
 .text.getUartParam
                0x000034f0      0x1b8 target\hal\TARGET_TivaC\serial_api.o
 .text.uart_irq
                0x000036a8       0x7c target\hal\TARGET_TivaC\serial_api.o
 .text.UART0_Irq
                0x00003724       0x20 target\hal\TARGET_TivaC\serial_api.o
 .text.UART1_Irq
                0x00003744       0x20 target\hal\TARGET_TivaC\serial_api.o
 .text.UART2_Irq
                0x00003764       0x20 target\hal\TARGET_TivaC\serial_api.o
 .text.UART3_Irq
                0x00003784       0x20 target\hal\TARGET_TivaC\serial_api.o
 .text.UART4_Irq
                0x000037a4       0x20 target\hal\TARGET_TivaC\serial_api.o
 .text.UART5_Irq
                0x000037c4       0x20 target\hal\TARGET_TivaC\serial_api.o
 .text.UART6_Irq
                0x000037e4       0x20 target\hal\TARGET_TivaC\serial_api.o
 .text.UART7_Irq
                0x00003804       0x20 target\hal\TARGET_TivaC\serial_api.o
 .text.UART0_Init
                0x00003824       0x90 target\hal\TARGET_TivaC\serial_api.o
 .text.UART1_Init
                0x000038b4       0x84 target\hal\TARGET_TivaC\serial_api.o
 .text.UART2_Init
                0x00003938       0x84 target\hal\TARGET_TivaC\serial_api.o
 .text.UART3_Init
                0x000039bc       0x84 target\hal\TARGET_TivaC\serial_api.o
 .text.UART4_Init
                0x00003a40       0x84 target\hal\TARGET_TivaC\serial_api.o
 .text.UART5_Init
                0x00003ac4       0x84 target\hal\TARGET_TivaC\serial_api.o
 .text.UART6_Init
                0x00003b48       0x84 target\hal\TARGET_TivaC\serial_api.o
 .text.UART7_Init
                0x00003bcc       0x84 target\hal\TARGET_TivaC\serial_api.o
 .text.NVIC_EnableIRQ
                0x00003c50       0x34 target\hal\TARGET_TivaC\us_ticker.o
 .text.NVIC_ClearPendingIRQ
                0x00003c84       0x34 target\hal\TARGET_TivaC\us_ticker.o
 .text.us_ticker_init
                0x00003cb8       0x68 target\hal\TARGET_TivaC\us_ticker.o
                0x00003cb8                us_ticker_init
 .text.us_ticker_read
                0x00003d20       0x3c target\hal\TARGET_TivaC\us_ticker.o
                0x00003d20                us_ticker_read
 .text.us_ticker_disable_interrupt
                0x00003d5c       0x20 target\hal\TARGET_TivaC\us_ticker.o
                0x00003d5c                us_ticker_disable_interrupt
 .text.us_ticker_clear_interrupt
                0x00003d7c       0x18 target\hal\TARGET_TivaC\us_ticker.o
                0x00003d7c                us_ticker_clear_interrupt
 .text.us_ticker_set_interrupt
                0x00003d94       0x28 target\hal\TARGET_TivaC\us_ticker.o
                0x00003d94                us_ticker_set_interrupt
 .text._ZdaPv   0x00003dbc        0x4 c:/program files (x86)/gnu tools arm embedded/5.4 2016q2/bin/../lib/gcc/arm-none-eabi/5.4.1/../../../../arm-none-eabi/lib/armv7e-m/softfp\libstdc++_nano.a(del_opv.o)
                0x00003dbc                operator delete[](void*)
 .text._ZdlPv   0x00003dc0        0x4 c:/program files (x86)/gnu tools arm embedded/5.4 2016q2/bin/../lib/gcc/arm-none-eabi/5.4.1/../../../../arm-none-eabi/lib/armv7e-m/softfp\libstdc++_nano.a(del_op.o)
                0x00003dc0                operator delete(void*)
 .text._ZN10__cxxabiv120__si_class_type_infoD2Ev
                0x00003dc4       0x14 c:/program files (x86)/gnu tools arm embedded/5.4 2016q2/bin/../lib/gcc/arm-none-eabi/5.4.1/../../../../arm-none-eabi/lib/armv7e-m/softfp\libstdc++_nano.a(si_class_type_info.o)
                0x00003dc4                __cxxabiv1::__si_class_type_info::~__si_class_type_info()
                0x00003dc4                __cxxabiv1::__si_class_type_info::~__si_class_type_info()
 .text._ZN10__cxxabiv120__si_class_type_infoD0Ev
                0x00003dd8       0x12 c:/program files (x86)/gnu tools arm embedded/5.4 2016q2/bin/../lib/gcc/arm-none-eabi/5.4.1/../../../../arm-none-eabi/lib/armv7e-m/softfp\libstdc++_nano.a(si_class_type_info.o)
                0x00003dd8                __cxxabiv1::__si_class_type_info::~__si_class_type_info()
 .text._ZNK10__cxxabiv120__si_class_type_info12__do_dyncastEiNS_17__class_type_info10__sub_kindEPKS1_PKvS4_S6_RNS1_16__dyncast_resultE
                0x00003dea       0x7c c:/program files (x86)/gnu tools arm embedded/5.4 2016q2/bin/../lib/gcc/arm-none-eabi/5.4.1/../../../../arm-none-eabi/lib/armv7e-m/softfp\libstdc++_nano.a(si_class_type_info.o)
                0x00003dea                __cxxabiv1::__si_class_type_info::__do_dyncast(int, __cxxabiv1::__class_type_info::__sub_kind, __cxxabiv1::__class_type_info const*, void const*, __cxxabiv1::__class_type_info const*, void const*, __cxxabiv1::__class_type_info::__dyncast_result&) const
 .text._ZNK10__cxxabiv120__si_class_type_info20__do_find_public_srcEiPKvPKNS_17__class_type_infoES2_
                0x00003e66       0x38 c:/program files (x86)/gnu tools arm embedded/5.4 2016q2/bin/../lib/gcc/arm-none-eabi/5.4.1/../../../../arm-none-eabi/lib/armv7e-m/softfp\libstdc++_nano.a(si_class_type_info.o)
                0x00003e66                __cxxabiv1::__si_class_type_info::__do_find_public_src(int, void const*, __cxxabiv1::__class_type_info const*, void const*) const
 .text._ZNK10__cxxabiv120__si_class_type_info11__do_upcastEPKNS_17__class_type_infoEPKvRNS1_15__upcast_resultE
                0x00003e9e       0x2a c:/program files (x86)/gnu tools arm embedded/5.4 2016q2/bin/../lib/gcc/arm-none-eabi/5.4.1/../../../../arm-none-eabi/lib/armv7e-m/softfp\libstdc++_nano.a(si_class_type_info.o)
                0x00003e9e                __cxxabiv1::__si_class_type_info::__do_upcast(__cxxabiv1::__class_type_info const*, void const*, __cxxabiv1::__class_type_info::__upcast_result&) const
 .text._ZL12read_uleb128PKhPm
                0x00003ec8       0x22 c:/program files (x86)/gnu tools arm embedded/5.4 2016q2/bin/../lib/gcc/arm-none-eabi/5.4.1/../../../../arm-none-eabi/lib/armv7e-m/softfp\libstdc++_nano.a(eh_personality.o)
 .text._ZL12read_sleb128PKhPl
                0x00003eea       0x30 c:/program files (x86)/gnu tools arm embedded/5.4 2016q2/bin/../lib/gcc/arm-none-eabi/5.4.1/../../../../arm-none-eabi/lib/armv7e-m/softfp\libstdc++_nano.a(eh_personality.o)
 .text._ZL28read_encoded_value_with_basehjPKhPj
                0x00003f1a       0x88 c:/program files (x86)/gnu tools arm embedded/5.4 2016q2/bin/../lib/gcc/arm-none-eabi/5.4.1/../../../../arm-none-eabi/lib/armv7e-m/softfp\libstdc++_nano.a(eh_personality.o)
 .text._ZL21base_of_encoded_valuehP15_Unwind_Context
                0x00003fa2       0x48 c:/program files (x86)/gnu tools arm embedded/5.4 2016q2/bin/../lib/gcc/arm-none-eabi/5.4.1/../../../../arm-none-eabi/lib/armv7e-m/softfp\libstdc++_nano.a(eh_personality.o)
 .text._ZL18read_encoded_valueP15_Unwind_ContexthPKhPj
                0x00003fea       0x20 c:/program files (x86)/gnu tools arm embedded/5.4 2016q2/bin/../lib/gcc/arm-none-eabi/5.4.1/../../../../arm-none-eabi/lib/armv7e-m/softfp\libstdc++_nano.a(eh_personality.o)
 .text._ZL17parse_lsda_headerP15_Unwind_ContextPKhP16lsda_header_info
                0x0000400a       0x60 c:/program files (x86)/gnu tools arm embedded/5.4 2016q2/bin/../lib/gcc/arm-none-eabi/5.4.1/../../../../arm-none-eabi/lib/armv7e-m/softfp\libstdc++_nano.a(eh_personality.o)
 .text._Unwind_GetGR
                0x0000406a       0x18 c:/program files (x86)/gnu tools arm embedded/5.4 2016q2/bin/../lib/gcc/arm-none-eabi/5.4.1/../../../../arm-none-eabi/lib/armv7e-m/softfp\libstdc++_nano.a(eh_personality.o)
 *fill*         0x00004082        0x2 
 .text.__gxx_personality_v0
                0x00004084      0x378 c:/program files (x86)/gnu tools arm embedded/5.4 2016q2/bin/../lib/gcc/arm-none-eabi/5.4.1/../../../../arm-none-eabi/lib/armv7e-m/softfp\libstdc++_nano.a(eh_personality.o)
                0x00004084                __gxx_personality_v0
 .text._Znwj    0x000043fc       0x22 c:/program files (x86)/gnu tools arm embedded/5.4 2016q2/bin/../lib/gcc/arm-none-eabi/5.4.1/../../../../arm-none-eabi/lib/armv7e-m/softfp\libstdc++_nano.a(new_op.o)
                0x000043fc                operator new(unsigned int)
 .text._Znaj    0x0000441e        0x4 c:/program files (x86)/gnu tools arm embedded/5.4 2016q2/bin/../lib/gcc/arm-none-eabi/5.4.1/../../../../arm-none-eabi/lib/armv7e-m/softfp\libstdc++_nano.a(new_opv.o)
                0x0000441e                operator new[](unsigned int)
 .text._ZN10__cxxabiv111__terminateEPFvvE
                0x00004422        0x8 c:/program files (x86)/gnu tools arm embedded/5.4 2016q2/bin/../lib/gcc/arm-none-eabi/5.4.1/../../../../arm-none-eabi/lib/armv7e-m/softfp\libstdc++_nano.a(eh_terminate.o)
                0x00004422                __cxxabiv1::__terminate(void (*)())
 *fill*         0x0000442a        0x2 
 .text._ZSt13get_terminatev
                0x0000442c       0x10 c:/program files (x86)/gnu tools arm embedded/5.4 2016q2/bin/../lib/gcc/arm-none-eabi/5.4.1/../../../../arm-none-eabi/lib/armv7e-m/softfp\libstdc++_nano.a(eh_terminate.o)
                0x0000442c                std::get_terminate()
 .text._ZSt9terminatev
                0x0000443c        0xa c:/program files (x86)/gnu tools arm embedded/5.4 2016q2/bin/../lib/gcc/arm-none-eabi/5.4.1/../../../../arm-none-eabi/lib/armv7e-m/softfp\libstdc++_nano.a(eh_terminate.o)
                0x0000443c                std::terminate()
 .text._ZN10__cxxabiv112__unexpectedEPFvvE
                0x00004446        0x8 c:/program files (x86)/gnu tools arm embedded/5.4 2016q2/bin/../lib/gcc/arm-none-eabi/5.4.1/../../../../arm-none-eabi/lib/armv7e-m/softfp\libstdc++_nano.a(eh_terminate.o)
                0x00004446                __cxxabiv1::__unexpected(void (*)())
 *fill*         0x0000444e        0x2 
 .text._ZSt14get_unexpectedv
                0x00004450       0x10 c:/program files (x86)/gnu tools arm embedded/5.4 2016q2/bin/../lib/gcc/arm-none-eabi/5.4.1/../../../../arm-none-eabi/lib/armv7e-m/softfp\libstdc++_nano.a(eh_terminate.o)
                0x00004450                std::get_unexpected()
 .text._ZSt10unexpectedv
                0x00004460        0xa c:/program files (x86)/gnu tools arm embedded/5.4 2016q2/bin/../lib/gcc/arm-none-eabi/5.4.1/../../../../arm-none-eabi/lib/armv7e-m/softfp\libstdc++_nano.a(eh_terminate.o)
                0x00004460                std::unexpected()
 .text._ZNSt9type_infoD2Ev
                0x0000446a        0x2 c:/program files (x86)/gnu tools arm embedded/5.4 2016q2/bin/../lib/gcc/arm-none-eabi/5.4.1/../../../../arm-none-eabi/lib/armv7e-m/softfp\libstdc++_nano.a(tinfo.o)
                0x0000446a                std::type_info::~type_info()
                0x0000446a                std::type_info::~type_info()
 .text._ZNKSt9type_info15__is_function_pEv
                0x0000446c        0x4 c:/program files (x86)/gnu tools arm embedded/5.4 2016q2/bin/../lib/gcc/arm-none-eabi/5.4.1/../../../../arm-none-eabi/lib/armv7e-m/softfp\libstdc++_nano.a(tinfo.o)
                0x0000446c                std::type_info::__is_pointer_p() const
                0x0000446c                std::type_info::__is_function_p() const
 .text._ZNKSt9type_infoeqERKS_
                0x00004470       0x2c c:/program files (x86)/gnu tools arm embedded/5.4 2016q2/bin/../lib/gcc/arm-none-eabi/5.4.1/../../../../arm-none-eabi/lib/armv7e-m/softfp\libstdc++_nano.a(tinfo.o)
                0x00004470                std::type_info::operator==(std::type_info const&) const
 .text.__cxa_end_cleanup
                0x0000449c        0xc c:/program files (x86)/gnu tools arm embedded/5.4 2016q2/bin/../lib/gcc/arm-none-eabi/5.4.1/../../../../arm-none-eabi/lib/armv7e-m/softfp\libstdc++_nano.a(eh_arm.o)
                0x0000449c                __cxa_end_cleanup
 .text._ZN10__cxxabiv1L24__is_gxx_exception_classEPc
                0x000044a8       0x3a c:/program files (x86)/gnu tools arm embedded/5.4 2016q2/bin/../lib/gcc/arm-none-eabi/5.4.1/../../../../arm-none-eabi/lib/armv7e-m/softfp\libstdc++_nano.a(eh_arm.o)
 *fill*         0x000044e2        0x2 
 .text.__cxa_type_match
                0x000044e4       0xbc c:/program files (x86)/gnu tools arm embedded/5.4 2016q2/bin/../lib/gcc/arm-none-eabi/5.4.1/../../../../arm-none-eabi/lib/armv7e-m/softfp\libstdc++_nano.a(eh_arm.o)
                0x000044e4                __cxa_type_match
 .text.__cxa_begin_cleanup
                0x000045a0       0x3a c:/program files (x86)/gnu tools arm embedded/5.4 2016q2/bin/../lib/gcc/arm-none-eabi/5.4.1/../../../../arm-none-eabi/lib/armv7e-m/softfp\libstdc++_nano.a(eh_arm.o)
                0x000045a0                __cxa_begin_cleanup
 .text.__gnu_end_cleanup
                0x000045da       0x32 c:/program files (x86)/gnu tools arm embedded/5.4 2016q2/bin/../lib/gcc/arm-none-eabi/5.4.1/../../../../arm-none-eabi/lib/armv7e-m/softfp\libstdc++_nano.a(eh_arm.o)
                0x000045da                __gnu_end_cleanup
 .text._ZNK10__cxxabiv117__class_type_info11__do_upcastEPKS0_PPv
                0x0000460c       0x34 c:/program files (x86)/gnu tools arm embedded/5.4 2016q2/bin/../lib/gcc/arm-none-eabi/5.4.1/../../../../arm-none-eabi/lib/armv7e-m/softfp\libstdc++_nano.a(class_type_info.o)
                0x0000460c                __cxxabiv1::__class_type_info::__do_upcast(__cxxabiv1::__class_type_info const*, void**) const
 .text._ZNK10__cxxabiv117__class_type_info20__do_find_public_srcEiPKvPKS0_S2_
                0x00004640        0xc c:/program files (x86)/gnu tools arm embedded/5.4 2016q2/bin/../lib/gcc/arm-none-eabi/5.4.1/../../../../arm-none-eabi/lib/armv7e-m/softfp\libstdc++_nano.a(class_type_info.o)
                0x00004640                __cxxabiv1::__class_type_info::__do_find_public_src(int, void const*, __cxxabiv1::__class_type_info const*, void const*) const
 .text._ZN10__cxxabiv117__class_type_infoD2Ev
                0x0000464c       0x14 c:/program files (x86)/gnu tools arm embedded/5.4 2016q2/bin/../lib/gcc/arm-none-eabi/5.4.1/../../../../arm-none-eabi/lib/armv7e-m/softfp\libstdc++_nano.a(class_type_info.o)
                0x0000464c                __cxxabiv1::__class_type_info::~__class_type_info()
                0x0000464c                __cxxabiv1::__class_type_info::~__class_type_info()
 .text._ZN10__cxxabiv117__class_type_infoD0Ev
                0x00004660       0x12 c:/program files (x86)/gnu tools arm embedded/5.4 2016q2/bin/../lib/gcc/arm-none-eabi/5.4.1/../../../../arm-none-eabi/lib/armv7e-m/softfp\libstdc++_nano.a(class_type_info.o)
                0x00004660                __cxxabiv1::__class_type_info::~__class_type_info()
 .text._ZNK10__cxxabiv117__class_type_info11__do_upcastEPKS0_PKvRNS0_15__upcast_resultE
                0x00004672       0x18 c:/program files (x86)/gnu tools arm embedded/5.4 2016q2/bin/../lib/gcc/arm-none-eabi/5.4.1/../../../../arm-none-eabi/lib/armv7e-m/softfp\libstdc++_nano.a(class_type_info.o)
                0x00004672                __cxxabiv1::__class_type_info::__do_upcast(__cxxabiv1::__class_type_info const*, void const*, __cxxabiv1::__class_type_info::__upcast_result&) const
 .text._ZNK10__cxxabiv117__class_type_info12__do_dyncastEiNS0_10__sub_kindEPKS0_PKvS3_S5_RNS0_16__dyncast_resultE
                0x0000468a       0x38 c:/program files (x86)/gnu tools arm embedded/5.4 2016q2/bin/../lib/gcc/arm-none-eabi/5.4.1/../../../../arm-none-eabi/lib/armv7e-m/softfp\libstdc++_nano.a(class_type_info.o)
                0x0000468a                __cxxabiv1::__class_type_info::__do_dyncast(int, __cxxabiv1::__class_type_info::__sub_kind, __cxxabiv1::__class_type_info const*, void const*, __cxxabiv1::__class_type_info const*, void const*, __cxxabiv1::__class_type_info::__dyncast_result&) const
 .text._ZNK10__cxxabiv117__class_type_info10__do_catchEPKSt9type_infoPPvj
                0x000046c2       0x2a c:/program files (x86)/gnu tools arm embedded/5.4 2016q2/bin/../lib/gcc/arm-none-eabi/5.4.1/../../../../arm-none-eabi/lib/armv7e-m/softfp\libstdc++_nano.a(class_type_info.o)
                0x000046c2                __cxxabiv1::__class_type_info::__do_catch(std::type_info const*, void**, unsigned int) const
 .text._ZN10__cxxabiv1L24__is_gxx_exception_classEPc
                0x000046ec       0x3a c:/program files (x86)/gnu tools arm embedded/5.4 2016q2/bin/../lib/gcc/arm-none-eabi/5.4.1/../../../../arm-none-eabi/lib/armv7e-m/softfp\libstdc++_nano.a(eh_call.o)
 .text.__cxa_call_terminate
                0x00004726       0x1e c:/program files (x86)/gnu tools arm embedded/5.4 2016q2/bin/../lib/gcc/arm-none-eabi/5.4.1/../../../../arm-none-eabi/lib/armv7e-m/softfp\libstdc++_nano.a(eh_call.o)
                0x00004726                __cxa_call_terminate
 .text.__cxa_call_unexpected
                0x00004744       0x28 c:/program files (x86)/gnu tools arm embedded/5.4 2016q2/bin/../lib/gcc/arm-none-eabi/5.4.1/../../../../arm-none-eabi/lib/armv7e-m/softfp\libstdc++_nano.a(eh_call.o)
                0x00004744                __cxa_call_unexpected
 .text._ZSt15get_new_handlerv
                0x0000476c       0x10 c:/program files (x86)/gnu tools arm embedded/5.4 2016q2/bin/../lib/gcc/arm-none-eabi/5.4.1/../../../../arm-none-eabi/lib/armv7e-m/softfp\libstdc++_nano.a(new_handler.o)
                0x0000476c                std::get_new_handler()
 .text._ZN10__cxxabiv1L24__is_gxx_exception_classEPc
                0x0000477c       0x3a c:/program files (x86)/gnu tools arm embedded/5.4 2016q2/bin/../lib/gcc/arm-none-eabi/5.4.1/../../../../arm-none-eabi/lib/armv7e-m/softfp\libstdc++_nano.a(eh_catch.o)
 .text.__cxa_begin_catch
                0x000047b6       0x54 c:/program files (x86)/gnu tools arm embedded/5.4 2016q2/bin/../lib/gcc/arm-none-eabi/5.4.1/../../../../arm-none-eabi/lib/armv7e-m/softfp\libstdc++_nano.a(eh_catch.o)
                0x000047b6                __cxa_begin_catch
 *fill*         0x0000480a        0x2 
 .text.__cxa_get_globals
                0x0000480c        0x8 c:/program files (x86)/gnu tools arm embedded/5.4 2016q2/bin/../lib/gcc/arm-none-eabi/5.4.1/../../../../arm-none-eabi/lib/armv7e-m/softfp\libstdc++_nano.a(eh_globals.o)
                0x0000480c                __cxa_get_globals
 .text          0x00004814      0x9dc c:/program files (x86)/gnu tools arm embedded/5.4 2016q2/bin/../lib/gcc/arm-none-eabi/5.4.1/armv7e-m/softfp\libgcc.a(unwind-arm.o)
                0x00004ad0                _Unwind_GetCFA
                0x00004ad4                __gnu_Unwind_RaiseException
                0x00004b34                __gnu_Unwind_ForcedUnwind
                0x00004b48                __gnu_Unwind_Resume
                0x00004b8c                __gnu_Unwind_Resume_or_Rethrow
                0x00004b9c                _Unwind_Complete
                0x00004ba0                _Unwind_DeleteException
                0x00004bac                _Unwind_VRS_Get
                0x00004bf8                _Unwind_VRS_Set
                0x00004c48                __gnu_Unwind_Backtrace
                0x00004f94                __aeabi_unwind_cpp_pr0
                0x00004f98                __aeabi_unwind_cpp_pr1
                0x00004f9c                __aeabi_unwind_cpp_pr2
                0x00004fa0                _Unwind_VRS_Pop
 .text          0x000051f0      0x1ac c:/program files (x86)/gnu tools arm embedded/5.4 2016q2/bin/../lib/gcc/arm-none-eabi/5.4.1/armv7e-m/softfp\libgcc.a(libunwind.o)
                0x000051f0                __restore_core_regs
                0x000051f0                restore_core_regs
                0x00005208                __gnu_Unwind_Restore_VFP
                0x00005210                __gnu_Unwind_Save_VFP
                0x00005218                __gnu_Unwind_Restore_VFP_D
                0x00005220                __gnu_Unwind_Save_VFP_D
                0x00005228                __gnu_Unwind_Restore_VFP_D_16_to_31
                0x00005230                __gnu_Unwind_Save_VFP_D_16_to_31
                0x00005238                __gnu_Unwind_Restore_WMMXD
                0x0000527c                __gnu_Unwind_Save_WMMXD
                0x000052c0                __gnu_Unwind_Restore_WMMXC
                0x000052d4                __gnu_Unwind_Save_WMMXC
                0x000052e8                ___Unwind_RaiseException
                0x000052e8                _Unwind_RaiseException
                0x0000530c                _Unwind_Resume
                0x0000530c                ___Unwind_Resume
                0x00005330                _Unwind_Resume_or_Rethrow
                0x00005330                ___Unwind_Resume_or_Rethrow
                0x00005354                _Unwind_ForcedUnwind
                0x00005354                ___Unwind_ForcedUnwind
                0x00005378                ___Unwind_Backtrace
                0x00005378                _Unwind_Backtrace
 .text          0x0000539c      0x354 c:/program files (x86)/gnu tools arm embedded/5.4 2016q2/bin/../lib/gcc/arm-none-eabi/5.4.1/armv7e-m/softfp\libgcc.a(pr-support.o)
                0x000053f4                __gnu_unwind_execute
                0x00005698                __gnu_unwind_frame
                0x000056c0                _Unwind_GetRegionStart
                0x000056cc                _Unwind_GetLanguageSpecificData
                0x000056e0                _Unwind_GetTextRelBase
                0x000056e8                _Unwind_GetDataRelBase
 .text.abort    0x000056f0        0xe c:/program files (x86)/gnu tools arm embedded/5.4 2016q2/bin/../lib/gcc/arm-none-eabi/5.4.1/../../../../arm-none-eabi/lib/armv7e-m/softfp\libg_nano.a(lib_a-abort.o)
                0x000056f0                abort
 *fill*         0x000056fe        0x2 
 .text.__errno  0x00005700        0xc c:/program files (x86)/gnu tools arm embedded/5.4 2016q2/bin/../lib/gcc/arm-none-eabi/5.4.1/../../../../arm-none-eabi/lib/armv7e-m/softfp\libg_nano.a(lib_a-errno.o)
                0x00005700                __errno
 .text.__sflush_r
                0x0000570c      0x110 c:/program files (x86)/gnu tools arm embedded/5.4 2016q2/bin/../lib/gcc/arm-none-eabi/5.4.1/../../../../arm-none-eabi/lib/armv7e-m/softfp\libg_nano.a(lib_a-fflush.o)
                0x0000570c                __sflush_r
 .text._fflush_r
                0x0000581c       0x54 c:/program files (x86)/gnu tools arm embedded/5.4 2016q2/bin/../lib/gcc/arm-none-eabi/5.4.1/../../../../arm-none-eabi/lib/armv7e-m/softfp\libg_nano.a(lib_a-fflush.o)
                0x0000581c                _fflush_r
 .text._cleanup_r
                0x00005870        0xc c:/program files (x86)/gnu tools arm embedded/5.4 2016q2/bin/../lib/gcc/arm-none-eabi/5.4.1/../../../../arm-none-eabi/lib/armv7e-m/softfp\libg_nano.a(lib_a-findfp.o)
                0x00005870                _cleanup_r
 .text.std.isra.0
                0x0000587c       0x48 c:/program files (x86)/gnu tools arm embedded/5.4 2016q2/bin/../lib/gcc/arm-none-eabi/5.4.1/../../../../arm-none-eabi/lib/armv7e-m/softfp\libg_nano.a(lib_a-findfp.o)
 .text.__sfmoreglue
                0x000058c4       0x2c c:/program files (x86)/gnu tools arm embedded/5.4 2016q2/bin/../lib/gcc/arm-none-eabi/5.4.1/../../../../arm-none-eabi/lib/armv7e-m/softfp\libg_nano.a(lib_a-findfp.o)
                0x000058c4                __sfmoreglue
 .text.__sinit  0x000058f0       0x60 c:/program files (x86)/gnu tools arm embedded/5.4 2016q2/bin/../lib/gcc/arm-none-eabi/5.4.1/../../../../arm-none-eabi/lib/armv7e-m/softfp\libg_nano.a(lib_a-findfp.o)
                0x000058f0                __sinit
 .text.__sfp    0x00005950       0x78 c:/program files (x86)/gnu tools arm embedded/5.4 2016q2/bin/../lib/gcc/arm-none-eabi/5.4.1/../../../../arm-none-eabi/lib/armv7e-m/softfp\libg_nano.a(lib_a-findfp.o)
                0x00005950                __sfp
 .text._fwalk_reent
                0x000059c8       0x3c c:/program files (x86)/gnu tools arm embedded/5.4 2016q2/bin/../lib/gcc/arm-none-eabi/5.4.1/../../../../arm-none-eabi/lib/armv7e-m/softfp\libg_nano.a(lib_a-fwalk.o)
                0x000059c8                _fwalk_reent
 .text.__swhatbuf_r
                0x00005a04       0x46 c:/program files (x86)/gnu tools arm embedded/5.4 2016q2/bin/../lib/gcc/arm-none-eabi/5.4.1/../../../../arm-none-eabi/lib/armv7e-m/softfp\libg_nano.a(lib_a-makebuf.o)
                0x00005a04                __swhatbuf_r
 *fill*         0x00005a4a        0x2 
 .text.__smakebuf_r
                0x00005a4c       0x78 c:/program files (x86)/gnu tools arm embedded/5.4 2016q2/bin/../lib/gcc/arm-none-eabi/5.4.1/../../../../arm-none-eabi/lib/armv7e-m/softfp\libg_nano.a(lib_a-makebuf.o)
                0x00005a4c                __smakebuf_r
 .text.malloc   0x00005ac4       0x10 c:/program files (x86)/gnu tools arm embedded/5.4 2016q2/bin/../lib/gcc/arm-none-eabi/5.4.1/../../../../arm-none-eabi/lib/armv7e-m/softfp\libg_nano.a(lib_a-malloc.o)
                0x00005ac4                malloc
 .text.free     0x00005ad4       0x10 c:/program files (x86)/gnu tools arm embedded/5.4 2016q2/bin/../lib/gcc/arm-none-eabi/5.4.1/../../../../arm-none-eabi/lib/armv7e-m/softfp\libg_nano.a(lib_a-malloc.o)
                0x00005ad4                free
 *fill*         0x00005ae4        0xc 
 .text          0x00005af0       0xa0 c:/program files (x86)/gnu tools arm embedded/5.4 2016q2/bin/../lib/gcc/arm-none-eabi/5.4.1/../../../../arm-none-eabi/lib/armv7e-m/softfp\libg_nano.a(lib_a-memchr.o)
                0x00005af0                memchr
 .text.memcpy   0x00005b90       0x16 c:/program files (x86)/gnu tools arm embedded/5.4 2016q2/bin/../lib/gcc/arm-none-eabi/5.4.1/../../../../arm-none-eabi/lib/armv7e-m/softfp\libg_nano.a(lib_a-memcpy-stub.o)
                0x00005b90                memcpy
 .text.memset   0x00005ba6       0x10 c:/program files (x86)/gnu tools arm embedded/5.4 2016q2/bin/../lib/gcc/arm-none-eabi/5.4.1/../../../../arm-none-eabi/lib/armv7e-m/softfp\libg_nano.a(lib_a-memset.o)
                0x00005ba6                memset
 *fill*         0x00005bb6        0x2 
 .text._free_r  0x00005bb8       0x9c c:/program files (x86)/gnu tools arm embedded/5.4 2016q2/bin/../lib/gcc/arm-none-eabi/5.4.1/../../../../arm-none-eabi/lib/armv7e-m/softfp\libg_nano.a(lib_a-nano-freer.o)
                0x00005bb8                _free_r
 .text._malloc_r
                0x00005c54       0xbc c:/program files (x86)/gnu tools arm embedded/5.4 2016q2/bin/../lib/gcc/arm-none-eabi/5.4.1/../../../../arm-none-eabi/lib/armv7e-m/softfp\libg_nano.a(lib_a-nano-mallocr.o)
                0x00005c54                _malloc_r
 .text.__sfputc_r
                0x00005d10       0x30 c:/program files (x86)/gnu tools arm embedded/5.4 2016q2/bin/../lib/gcc/arm-none-eabi/5.4.1/../../../../arm-none-eabi/lib/armv7e-m/softfp\libg_nano.a(lib_a-nano-vfprintf.o)
 .text.__sfputs_r
                0x00005d40       0x24 c:/program files (x86)/gnu tools arm embedded/5.4 2016q2/bin/../lib/gcc/arm-none-eabi/5.4.1/../../../../arm-none-eabi/lib/armv7e-m/softfp\libg_nano.a(lib_a-nano-vfprintf.o)
                0x00005d40                __sfputs_r
 .text._vfprintf_r
                0x00005d64      0x238 c:/program files (x86)/gnu tools arm embedded/5.4 2016q2/bin/../lib/gcc/arm-none-eabi/5.4.1/../../../../arm-none-eabi/lib/armv7e-m/softfp\libg_nano.a(lib_a-nano-vfprintf.o)
                0x00005d64                _vfprintf_r
                0x00005d64                _vfiprintf_r
 .text._printf_common
                0x00005f9c       0xec c:/program files (x86)/gnu tools arm embedded/5.4 2016q2/bin/../lib/gcc/arm-none-eabi/5.4.1/../../../../arm-none-eabi/lib/armv7e-m/softfp\libg_nano.a(lib_a-nano-vfprintf_i.o)
                0x00005f9c                _printf_common
 .text._printf_i
                0x00006088      0x24c c:/program files (x86)/gnu tools arm embedded/5.4 2016q2/bin/../lib/gcc/arm-none-eabi/5.4.1/../../../../arm-none-eabi/lib/armv7e-m/softfp\libg_nano.a(lib_a-nano-vfprintf_i.o)
                0x00006088                _printf_i
 .text.printf   0x000062d4       0x30 c:/program files (x86)/gnu tools arm embedded/5.4 2016q2/bin/../lib/gcc/arm-none-eabi/5.4.1/../../../../arm-none-eabi/lib/armv7e-m/softfp\libg_nano.a(lib_a-printf.o)
                0x000062d4                iprintf
                0x000062d4                printf
 .text._puts_r  0x00006304       0xb4 c:/program files (x86)/gnu tools arm embedded/5.4 2016q2/bin/../lib/gcc/arm-none-eabi/5.4.1/../../../../arm-none-eabi/lib/armv7e-m/softfp\libg_nano.a(lib_a-puts.o)
                0x00006304                _puts_r
 .text.puts     0x000063b8       0x10 c:/program files (x86)/gnu tools arm embedded/5.4 2016q2/bin/../lib/gcc/arm-none-eabi/5.4.1/../../../../arm-none-eabi/lib/armv7e-m/softfp\libg_nano.a(lib_a-puts.o)
                0x000063b8                puts
 .text._sbrk_r  0x000063c8       0x20 c:/program files (x86)/gnu tools arm embedded/5.4 2016q2/bin/../lib/gcc/arm-none-eabi/5.4.1/../../../../arm-none-eabi/lib/armv7e-m/softfp\libg_nano.a(lib_a-sbrkr.o)
                0x000063c8                _sbrk_r
 .text._raise_r
                0x000063e8       0x54 c:/program files (x86)/gnu tools arm embedded/5.4 2016q2/bin/../lib/gcc/arm-none-eabi/5.4.1/../../../../arm-none-eabi/lib/armv7e-m/softfp\libg_nano.a(lib_a-signal.o)
                0x000063e8                _raise_r
 .text.raise    0x0000643c       0x10 c:/program files (x86)/gnu tools arm embedded/5.4 2016q2/bin/../lib/gcc/arm-none-eabi/5.4.1/../../../../arm-none-eabi/lib/armv7e-m/softfp\libg_nano.a(lib_a-signal.o)
                0x0000643c                raise
 .text._kill_r  0x0000644c       0x24 c:/program files (x86)/gnu tools arm embedded/5.4 2016q2/bin/../lib/gcc/arm-none-eabi/5.4.1/../../../../arm-none-eabi/lib/armv7e-m/softfp\libg_nano.a(lib_a-signalr.o)
                0x0000644c                _kill_r
 .text._getpid_r
                0x00006470        0x4 c:/program files (x86)/gnu tools arm embedded/5.4 2016q2/bin/../lib/gcc/arm-none-eabi/5.4.1/../../../../arm-none-eabi/lib/armv7e-m/softfp\libg_nano.a(lib_a-signalr.o)
                0x00006470                _getpid_r
 .text.__sread  0x00006474       0x22 c:/program files (x86)/gnu tools arm embedded/5.4 2016q2/bin/../lib/gcc/arm-none-eabi/5.4.1/../../../../arm-none-eabi/lib/armv7e-m/softfp\libg_nano.a(lib_a-stdio.o)
                0x00006474                __sread
 .text.__swrite
                0x00006496       0x38 c:/program files (x86)/gnu tools arm embedded/5.4 2016q2/bin/../lib/gcc/arm-none-eabi/5.4.1/../../../../arm-none-eabi/lib/armv7e-m/softfp\libg_nano.a(lib_a-stdio.o)
                0x00006496                __swrite
 .text.__sseek  0x000064ce       0x24 c:/program files (x86)/gnu tools arm embedded/5.4 2016q2/bin/../lib/gcc/arm-none-eabi/5.4.1/../../../../arm-none-eabi/lib/armv7e-m/softfp\libg_nano.a(lib_a-stdio.o)
                0x000064ce                __sseek
 .text.__sclose
                0x000064f2        0x8 c:/program files (x86)/gnu tools arm embedded/5.4 2016q2/bin/../lib/gcc/arm-none-eabi/5.4.1/../../../../arm-none-eabi/lib/armv7e-m/softfp\libg_nano.a(lib_a-stdio.o)
                0x000064f2                __sclose
 .text          0x000064fa       0x14 c:/program files (x86)/gnu tools arm embedded/5.4 2016q2/bin/../lib/gcc/arm-none-eabi/5.4.1/../../../../arm-none-eabi/lib/armv7e-m/softfp\libg_nano.a(lib_a-strcmp.o)
                0x000064fa                strcmp
 .text._vsprintf_r
                0x0000650e       0x30 c:/program files (x86)/gnu tools arm embedded/5.4 2016q2/bin/../lib/gcc/arm-none-eabi/5.4.1/../../../../arm-none-eabi/lib/armv7e-m/softfp\libg_nano.a(lib_a-vsprintf.o)
                0x0000650e                _vsprintf_r
                0x0000650e                _vsiprintf_r
 *fill*         0x0000653e        0x2 
 .text.vsprintf
                0x00006540       0x14 c:/program files (x86)/gnu tools arm embedded/5.4 2016q2/bin/../lib/gcc/arm-none-eabi/5.4.1/../../../../arm-none-eabi/lib/armv7e-m/softfp\libg_nano.a(lib_a-vsprintf.o)
                0x00006540                vsiprintf
                0x00006540                vsprintf
 .text.__swbuf_r
                0x00006554       0xa8 c:/program files (x86)/gnu tools arm embedded/5.4 2016q2/bin/../lib/gcc/arm-none-eabi/5.4.1/../../../../arm-none-eabi/lib/armv7e-m/softfp\libg_nano.a(lib_a-wbuf.o)
                0x00006554                __swbuf_r
 .text._write_r
                0x000065fc       0x24 c:/program files (x86)/gnu tools arm embedded/5.4 2016q2/bin/../lib/gcc/arm-none-eabi/5.4.1/../../../../arm-none-eabi/lib/armv7e-m/softfp\libg_nano.a(lib_a-writer.o)
                0x000065fc                _write_r
 .text.__swsetup_r
                0x00006620       0xdc c:/program files (x86)/gnu tools arm embedded/5.4 2016q2/bin/../lib/gcc/arm-none-eabi/5.4.1/../../../../arm-none-eabi/lib/armv7e-m/softfp\libg_nano.a(lib_a-wsetup.o)
                0x00006620                __swsetup_r
 .text._close_r
                0x000066fc       0x20 c:/program files (x86)/gnu tools arm embedded/5.4 2016q2/bin/../lib/gcc/arm-none-eabi/5.4.1/../../../../arm-none-eabi/lib/armv7e-m/softfp\libg_nano.a(lib_a-closer.o)
                0x000066fc                _close_r
 .text._fstat_r
                0x0000671c       0x24 c:/program files (x86)/gnu tools arm embedded/5.4 2016q2/bin/../lib/gcc/arm-none-eabi/5.4.1/../../../../arm-none-eabi/lib/armv7e-m/softfp\libg_nano.a(lib_a-fstatr.o)
                0x0000671c                _fstat_r
 .text._isatty_r
                0x00006740       0x20 c:/program files (x86)/gnu tools arm embedded/5.4 2016q2/bin/../lib/gcc/arm-none-eabi/5.4.1/../../../../arm-none-eabi/lib/armv7e-m/softfp\libg_nano.a(lib_a-isattyr.o)
                0x00006740                _isatty_r
 .text._lseek_r
                0x00006760       0x24 c:/program files (x86)/gnu tools arm embedded/5.4 2016q2/bin/../lib/gcc/arm-none-eabi/5.4.1/../../../../arm-none-eabi/lib/armv7e-m/softfp\libg_nano.a(lib_a-lseekr.o)
                0x00006760                _lseek_r
 .text.memmove  0x00006784       0x36 c:/program files (x86)/gnu tools arm embedded/5.4 2016q2/bin/../lib/gcc/arm-none-eabi/5.4.1/../../../../arm-none-eabi/lib/armv7e-m/softfp\libg_nano.a(lib_a-memmove.o)
                0x00006784                memmove
 .text._realloc_r
                0x000067ba       0x4c c:/program files (x86)/gnu tools arm embedded/5.4 2016q2/bin/../lib/gcc/arm-none-eabi/5.4.1/../../../../arm-none-eabi/lib/armv7e-m/softfp\libg_nano.a(lib_a-nano-reallocr.o)
                0x000067ba                _realloc_r
 .text.__ssputs_r
                0x00006806       0xb2 c:/program files (x86)/gnu tools arm embedded/5.4 2016q2/bin/../lib/gcc/arm-none-eabi/5.4.1/../../../../arm-none-eabi/lib/armv7e-m/softfp\libg_nano.a(lib_a-nano-svfprintf.o)
                0x00006806                __ssputs_r
 .text._svfprintf_r
                0x000068b8      0x1e8 c:/program files (x86)/gnu tools arm embedded/5.4 2016q2/bin/../lib/gcc/arm-none-eabi/5.4.1/../../../../arm-none-eabi/lib/armv7e-m/softfp\libg_nano.a(lib_a-nano-svfprintf.o)
                0x000068b8                _svfiprintf_r
                0x000068b8                _svfprintf_r
 .text._read_r  0x00006aa0       0x24 c:/program files (x86)/gnu tools arm embedded/5.4 2016q2/bin/../lib/gcc/arm-none-eabi/5.4.1/../../../../arm-none-eabi/lib/armv7e-m/softfp\libg_nano.a(lib_a-readr.o)
                0x00006aa0                _read_r
 .text._malloc_usable_size_r
                0x00006ac4       0x14 c:/program files (x86)/gnu tools arm embedded/5.4 2016q2/bin/../lib/gcc/arm-none-eabi/5.4.1/../../../../arm-none-eabi/lib/armv7e-m/softfp\libg_nano.a(lib_a-nano-msizer.o)
                0x00006ac4                _malloc_usable_size_r
 .text._getpid  0x00006ad8       0x10 c:/program files (x86)/gnu tools arm embedded/5.4 2016q2/bin/../lib/gcc/arm-none-eabi/5.4.1/../../../../arm-none-eabi/lib/armv7e-m/softfp\libnosys.a(getpid.o)
                0x00006ad8                _getpid
 .text._kill    0x00006ae8       0x10 c:/program files (x86)/gnu tools arm embedded/5.4 2016q2/bin/../lib/gcc/arm-none-eabi/5.4.1/../../../../arm-none-eabi/lib/armv7e-m/softfp\libnosys.a(kill.o)
                0x00006ae8                _kill
 .text._sbrk    0x00006af8       0x1c c:/program files (x86)/gnu tools arm embedded/5.4 2016q2/bin/../lib/gcc/arm-none-eabi/5.4.1/../../../../arm-none-eabi/lib/armv7e-m/softfp\libnosys.a(sbrk.o)
                0x00006af8                _sbrk
 .text._exit    0x00006b14        0x4 c:/program files (x86)/gnu tools arm embedded/5.4 2016q2/bin/../lib/gcc/arm-none-eabi/5.4.1/../../../../arm-none-eabi/lib/armv7e-m/softfp\libnosys.a(_exit.o)
                0x00006b14                _exit
 *(.init)
 .init          0x00006b18        0x4 c:/program files (x86)/gnu tools arm embedded/5.4 2016q2/bin/../lib/gcc/arm-none-eabi/5.4.1/armv7e-m/softfp/crti.o
                0x00006b18                _init
 .init          0x00006b1c        0x8 c:/program files (x86)/gnu tools arm embedded/5.4 2016q2/bin/../lib/gcc/arm-none-eabi/5.4.1/armv7e-m/softfp/crtn.o
 *(.fini)
 .fini          0x00006b24        0x4 c:/program files (x86)/gnu tools arm embedded/5.4 2016q2/bin/../lib/gcc/arm-none-eabi/5.4.1/armv7e-m/softfp/crti.o
                0x00006b24                _fini
 .fini          0x00006b28        0x8 c:/program files (x86)/gnu tools arm embedded/5.4 2016q2/bin/../lib/gcc/arm-none-eabi/5.4.1/armv7e-m/softfp/crtn.o
 *crtbegin.o(.ctors)
 *crtbegin?.o(.ctors)
 *(EXCLUDE_FILE(*crtend.o *crtend?.o) .ctors)
 *(SORT(.ctors.*))
 *(.ctors)
 *crtbegin.o(.dtors)
 *crtbegin?.o(.dtors)
 *(EXCLUDE_FILE(*crtend.o *crtend?.o) .dtors)
 *(SORT(.dtors.*))
 *(.dtors)
 *(.rodata*)
 .rodata._ZTVN4mbed9RawSerialE
                0x00006b30       0x18 common\RawSerial.o
                0x00006b30                vtable for mbed::RawSerial
 .rodata._ZTIN4mbed9RawSerialE
                0x00006b48        0xc common\RawSerial.o
                0x00006b48                typeinfo for mbed::RawSerial
 .rodata._ZTSN4mbed9RawSerialE
                0x00006b54       0x12 common\RawSerial.o
                0x00006b54                typeinfo name for mbed::RawSerial
 *fill*         0x00006b66        0x2 
 .rodata._ZTVN4mbed10SerialBaseE
                0x00006b68       0x18 common\SerialBase.o
                0x00006b68                vtable for mbed::SerialBase
 .rodata._ZTIN4mbed10SerialBaseE
                0x00006b80        0x8 common\SerialBase.o
                0x00006b80                typeinfo for mbed::SerialBase
 .rodata._ZTSN4mbed10SerialBaseE
                0x00006b88       0x14 common\SerialBase.o
                0x00006b88                typeinfo name for mbed::SerialBase
 .rodata        0x00006b9c       0x31 common\assert.o
 *fill*         0x00006bcd        0x3 
 .rodata        0x00006bd0       0x2c common\critical.o
 .rodata.us_interface
                0x00006bfc       0x14 common\us_ticker_api.o
 .rodata.us_data
                0x00006c10        0x8 common\us_ticker_api.o
 .rodata        0x00006c18       0x6e flash-esp8266\bufferedSerial\BufferedSerial.o
 *fill*         0x00006c86        0x2 
 .rodata._ZTV14BufferedSerial
                0x00006c88       0x34 flash-esp8266\bufferedSerial\BufferedSerial.o
                0x00006c88                vtable for BufferedSerial
 .rodata._ZTI14BufferedSerial
                0x00006cbc        0xc flash-esp8266\bufferedSerial\BufferedSerial.o
                0x00006cbc                typeinfo for BufferedSerial
 .rodata._ZTS14BufferedSerial
                0x00006cc8       0x11 flash-esp8266\bufferedSerial\BufferedSerial.o
                0x00006cc8                typeinfo name for BufferedSerial
 *fill*         0x00006cd9        0x3 
 .rodata        0x00006cdc       0xf2 main.o
 *fill*         0x00006dce        0x2 
 .rodata.._122  0x00006dd0      0x6b0 main.o
 .rodata.._123  0x00007480    0x364a0 main.o
 .rodata.._124  0x0003d920       0x80 main.o
 .rodata.._125  0x0003d9a0     0x1000 main.o
 .rodata        0x0003e9a0       0x40 target\hal\TARGET_TivaC\gpio_api.o
 .rodata        0x0003e9e0       0x47 target\hal\TARGET_TivaC\serial_api.o
 *fill*         0x0003ea27        0x1 
 .rodata._ZTVN10__cxxabiv120__si_class_type_infoE
                0x0003ea28       0x2c c:/program files (x86)/gnu tools arm embedded/5.4 2016q2/bin/../lib/gcc/arm-none-eabi/5.4.1/../../../../arm-none-eabi/lib/armv7e-m/softfp\libstdc++_nano.a(si_class_type_info.o)
                0x0003ea28                vtable for __cxxabiv1::__si_class_type_info
 .rodata._ZTIN10__cxxabiv120__si_class_type_infoE
                0x0003ea54        0xc c:/program files (x86)/gnu tools arm embedded/5.4 2016q2/bin/../lib/gcc/arm-none-eabi/5.4.1/../../../../arm-none-eabi/lib/armv7e-m/softfp\libstdc++_nano.a(si_class_type_info.o)
                0x0003ea54                typeinfo for __cxxabiv1::__si_class_type_info
 .rodata._ZTSN10__cxxabiv120__si_class_type_infoE
                0x0003ea60       0x25 c:/program files (x86)/gnu tools arm embedded/5.4 2016q2/bin/../lib/gcc/arm-none-eabi/5.4.1/../../../../arm-none-eabi/lib/armv7e-m/softfp\libstdc++_nano.a(si_class_type_info.o)
                0x0003ea60                typeinfo name for __cxxabiv1::__si_class_type_info
 *fill*         0x0003ea85        0x3 
 .rodata._ZTISt9type_info
                0x0003ea88        0x8 c:/program files (x86)/gnu tools arm embedded/5.4 2016q2/bin/../lib/gcc/arm-none-eabi/5.4.1/../../../../arm-none-eabi/lib/armv7e-m/softfp\libstdc++_nano.a(tinfo.o)
                0x0003ea88                typeinfo for std::type_info
 .rodata._ZTSSt9type_info
                0x0003ea90        0xd c:/program files (x86)/gnu tools arm embedded/5.4 2016q2/bin/../lib/gcc/arm-none-eabi/5.4.1/../../../../arm-none-eabi/lib/armv7e-m/softfp\libstdc++_nano.a(tinfo.o)
                0x0003ea90                typeinfo name for std::type_info
 *fill*         0x0003ea9d        0x3 
 .rodata._ZTVN10__cxxabiv117__class_type_infoE
                0x0003eaa0       0x2c c:/program files (x86)/gnu tools arm embedded/5.4 2016q2/bin/../lib/gcc/arm-none-eabi/5.4.1/../../../../arm-none-eabi/lib/armv7e-m/softfp\libstdc++_nano.a(class_type_info.o)
                0x0003eaa0                vtable for __cxxabiv1::__class_type_info
 .rodata._ZTIN10__cxxabiv117__class_type_infoE
                0x0003eacc        0xc c:/program files (x86)/gnu tools arm embedded/5.4 2016q2/bin/../lib/gcc/arm-none-eabi/5.4.1/../../../../arm-none-eabi/lib/armv7e-m/softfp\libstdc++_nano.a(class_type_info.o)
                0x0003eacc                typeinfo for __cxxabiv1::__class_type_info
 .rodata._ZTSN10__cxxabiv117__class_type_infoE
                0x0003ead8       0x22 c:/program files (x86)/gnu tools arm embedded/5.4 2016q2/bin/../lib/gcc/arm-none-eabi/5.4.1/../../../../arm-none-eabi/lib/armv7e-m/softfp\libstdc++_nano.a(class_type_info.o)
                0x0003ead8                typeinfo name for __cxxabiv1::__class_type_info
 .rodata._ZTSN10__cxxabiv115__forced_unwindE
                0x0003eafa       0x20 c:/program files (x86)/gnu tools arm embedded/5.4 2016q2/bin/../lib/gcc/arm-none-eabi/5.4.1/../../../../arm-none-eabi/lib/armv7e-m/softfp\libstdc++_nano.a(eh_exception.o)
                0x0003eafa                typeinfo name for __cxxabiv1::__forced_unwind
 *fill*         0x0003eb1a        0x2 
 .rodata._ZTIN10__cxxabiv115__forced_unwindE
                0x0003eb1c        0x8 c:/program files (x86)/gnu tools arm embedded/5.4 2016q2/bin/../lib/gcc/arm-none-eabi/5.4.1/../../../../arm-none-eabi/lib/armv7e-m/softfp\libstdc++_nano.a(eh_exception.o)
                0x0003eb1c                typeinfo for __cxxabiv1::__forced_unwind
 .rodata._ZTSN10__cxxabiv119__foreign_exceptionE
                0x0003eb24       0x24 c:/program files (x86)/gnu tools arm embedded/5.4 2016q2/bin/../lib/gcc/arm-none-eabi/5.4.1/../../../../arm-none-eabi/lib/armv7e-m/softfp\libstdc++_nano.a(eh_exception.o)
                0x0003eb24                typeinfo name for __cxxabiv1::__foreign_exception
 .rodata._ZTIN10__cxxabiv119__foreign_exceptionE
                0x0003eb48        0x8 c:/program files (x86)/gnu tools arm embedded/5.4 2016q2/bin/../lib/gcc/arm-none-eabi/5.4.1/../../../../arm-none-eabi/lib/armv7e-m/softfp\libstdc++_nano.a(eh_exception.o)
                0x0003eb48                typeinfo for __cxxabiv1::__foreign_exception
 .rodata.__sf_fake_stdin
                0x0003eb50       0x20 c:/program files (x86)/gnu tools arm embedded/5.4 2016q2/bin/../lib/gcc/arm-none-eabi/5.4.1/../../../../arm-none-eabi/lib/armv7e-m/softfp\libg_nano.a(lib_a-findfp.o)
                0x0003eb50                __sf_fake_stdin
 .rodata.__sf_fake_stdout
                0x0003eb70       0x20 c:/program files (x86)/gnu tools arm embedded/5.4 2016q2/bin/../lib/gcc/arm-none-eabi/5.4.1/../../../../arm-none-eabi/lib/armv7e-m/softfp\libg_nano.a(lib_a-findfp.o)
                0x0003eb70                __sf_fake_stdout
 .rodata.__sf_fake_stderr
                0x0003eb90       0x20 c:/program files (x86)/gnu tools arm embedded/5.4 2016q2/bin/../lib/gcc/arm-none-eabi/5.4.1/../../../../arm-none-eabi/lib/armv7e-m/softfp\libg_nano.a(lib_a-findfp.o)
                0x0003eb90                __sf_fake_stderr
 .rodata.str1.1
                0x0003ebb0        0x2 c:/program files (x86)/gnu tools arm embedded/5.4 2016q2/bin/../lib/gcc/arm-none-eabi/5.4.1/../../../../arm-none-eabi/lib/armv7e-m/softfp\libg_nano.a(lib_a-impure.o)
 *fill*         0x0003ebb2        0x2 
 .rodata._global_impure_ptr
                0x0003ebb4        0x4 c:/program files (x86)/gnu tools arm embedded/5.4 2016q2/bin/../lib/gcc/arm-none-eabi/5.4.1/../../../../arm-none-eabi/lib/armv7e-m/softfp\libg_nano.a(lib_a-impure.o)
                0x0003ebb4                _global_impure_ptr
 .rodata.str1.1
                0x0003ebb8       0x11 c:/program files (x86)/gnu tools arm embedded/5.4 2016q2/bin/../lib/gcc/arm-none-eabi/5.4.1/../../../../arm-none-eabi/lib/armv7e-m/softfp\libg_nano.a(lib_a-nano-vfprintf.o)
 .rodata.str1.1
                0x0003ebc9       0x22 c:/program files (x86)/gnu tools arm embedded/5.4 2016q2/bin/../lib/gcc/arm-none-eabi/5.4.1/../../../../arm-none-eabi/lib/armv7e-m/softfp\libg_nano.a(lib_a-nano-vfprintf_i.o)
 .rodata.str1.1
                0x0003ebeb       0x11 c:/program files (x86)/gnu tools arm embedded/5.4 2016q2/bin/../lib/gcc/arm-none-eabi/5.4.1/../../../../arm-none-eabi/lib/armv7e-m/softfp\libg_nano.a(lib_a-nano-svfprintf.o)
 *(.eh_frame*)
 *fill*         0x0003ebeb        0x1 
 .eh_frame      0x0003ebec        0x0 c:/program files (x86)/gnu tools arm embedded/5.4 2016q2/bin/../lib/gcc/arm-none-eabi/5.4.1/armv7e-m/softfp/crtbegin.o
 .eh_frame      0x0003ebec        0x4 c:/program files (x86)/gnu tools arm embedded/5.4 2016q2/bin/../lib/gcc/arm-none-eabi/5.4.1/armv7e-m/softfp/crtend.o

.glue_7         0x0003ebf0        0x0
 .glue_7        0x0003ebf0        0x0 linker stubs

.glue_7t        0x0003ebf0        0x0
 .glue_7t       0x0003ebf0        0x0 linker stubs

.vfp11_veneer   0x0003ebf0        0x0
 .vfp11_veneer  0x0003ebf0        0x0 linker stubs

.v4_bx          0x0003ebf0        0x0
 .v4_bx         0x0003ebf0        0x0 linker stubs

.iplt           0x0003ebf0        0x0
 .iplt          0x0003ebf0        0x0 c:/program files (x86)/gnu tools arm embedded/5.4 2016q2/bin/../lib/gcc/arm-none-eabi/5.4.1/armv7e-m/softfp/crtbegin.o

.ARM.extab      0x0003ebf0      0x35c
 *(.ARM.extab* .gnu.linkonce.armextab.*)
 .ARM.extab.text._ZN4mbed9DigitalInC2E7PinName
                0x0003ebf0        0xc common\BusIn.o
 .ARM.extab.text._ZN4mbed9DigitalIn4readEv
                0x0003ebfc        0xc common\BusIn.o
 .ARM.extab.text._ZN4mbed10DigitalOutC2E7PinName
                0x0003ec08        0xc common\BusOut.o
 .ARM.extab.text._ZN4mbed10DigitalOut5writeEi
                0x0003ec14        0xc common\BusOut.o
 .ARM.extab.text._ZN4mbed10DigitalOut4readEv
                0x0003ec20        0xc common\BusOut.o
 .ARM.extab.text._ZN4mbed8CallbackIFvvEE4callEv
                0x0003ec2c        0xc common\CallChain.o
 .ARM.extab.text._ZN4mbed8CallbackIFvvEE6attachERKS2_
                0x0003ec38        0x0 common\CallChain.o
 .ARM.extab.text._ZN4mbed10SerialBaseD2Ev
                0x0003ec38        0x0 common\RawSerial.o
 .ARM.extab.text._ZN4mbed10SerialBaseD0Ev
                0x0003ec38        0x0 common\RawSerial.o
 .ARM.extab.text._ZN4mbed9RawSerialC2E7PinNameS1_
                0x0003ec38        0xc common\RawSerial.o
 .ARM.extab.text._ZN4mbed9RawSerialD2Ev
                0x0003ec44        0x0 common\RawSerial.o
 .ARM.extab.text._ZN4mbed9RawSerialD0Ev
                0x0003ec44        0x0 common\RawSerial.o
 .ARM.extab.text._ZN4mbed10SerialBaseC2E7PinNameS1_
                0x0003ec44        0xc common\SerialBase.o
 .ARM.extab.text._ZN4mbed10SerialBase6attachENS_8CallbackIFvvEEENS0_7IrqTypeE
                0x0003ec50        0xc common\SerialBase.o
 .ARM.extab.text._ZN4mbed10SerialBase12_irq_handlerEm9SerialIrq
                0x0003ec5c        0xc common\SerialBase.o
 .ARM.extab.text._ZN4mbed8CallbackIFvvEEC2EPS1_
                0x0003ec68        0x0 common\SerialBase.o
 .ARM.extab.text._ZNK4mbed8CallbackIFvvEEcvbEv
                0x0003ec68        0x0 common\SerialBase.o
 .ARM.extab.text._ZN4mbed8CallbackIFvvEE6attachEPS1_
                0x0003ec68        0x0 common\SerialBase.o
 .ARM.extab.text._ZN4mbed8CallbackIFvvEE12_staticthunkEPvS3_
                0x0003ec68        0xc common\SerialBase.o
 .ARM.extab.text._ZN4mbed5TimerC2Ev
                0x0003ec74        0xc common\Timer.o
 .ARM.extab.text._ZN4mbed5Timer5startEv
                0x0003ec80        0xc common\Timer.o
 .ARM.extab.text._ZN4mbed5Timer7read_usEv
                0x0003ec8c        0xc common\Timer.o
 .ARM.extab.text._ZN4mbed5Timer7read_msEv
                0x0003ec98        0xc common\Timer.o
 .ARM.extab.text._ZN4mbed5Timer9slicetimeEv
                0x0003eca4        0xc common\Timer.o
 .ARM.extab.text._ZN4mbed5Timer5resetEv
                0x0003ecb0        0xc common\Timer.o
 .ARM.extab.text._close
                0x0003ecbc        0xc common\retarget.o
 .ARM.extab.text._write
                0x0003ecc8        0xc common\retarget.o
 .ARM.extab.text._read
                0x0003ecd4        0xc common\retarget.o
 .ARM.extab.text._isatty
                0x0003ece0        0xc common\retarget.o
 .ARM.extab.text._lseek
                0x0003ecec        0xc common\retarget.o
 .ARM.extab.text._fstat
                0x0003ecf8        0xc common\retarget.o
 .ARM.extab.text.__malloc_lock
                0x0003ed04        0xc common\retarget.o
 .ARM.extab.text.__malloc_unlock
                0x0003ed10        0xc common\retarget.o
 .ARM.extab.text._ZN14BufferedSerialC2E7PinNameS0_mmPKc
                0x0003ed1c       0x27 flash-esp8266\bufferedSerial\BufferedSerial.o
 *fill*         0x0003ed43        0x1 
 .ARM.extab.text._ZN14BufferedSerialD2Ev
                0x0003ed44       0x10 flash-esp8266\bufferedSerial\BufferedSerial.o
 .ARM.extab.text._ZN14BufferedSerial4getcEv
                0x0003ed54        0xc flash-esp8266\bufferedSerial\BufferedSerial.o
 .ARM.extab.text._ZN14BufferedSerial4putcEi
                0x0003ed60        0xc flash-esp8266\bufferedSerial\BufferedSerial.o
 .ARM.extab.text._ZN14BufferedSerial4putsEPKc
                0x0003ed6c        0xc flash-esp8266\bufferedSerial\BufferedSerial.o
 .ARM.extab.text._ZN14BufferedSerial6printfEPKcz
                0x0003ed78        0xc flash-esp8266\bufferedSerial\BufferedSerial.o
 .ARM.extab.text._ZN14BufferedSerial5writeEPKvj
                0x0003ed84        0xc flash-esp8266\bufferedSerial\BufferedSerial.o
 .ARM.extab.text._ZN14BufferedSerial5rxIrqEv
                0x0003ed90        0xc flash-esp8266\bufferedSerial\BufferedSerial.o
 .ARM.extab.text._ZN14BufferedSerial5txIrqEv
                0x0003ed9c        0xc flash-esp8266\bufferedSerial\BufferedSerial.o
 .ARM.extab.text._ZN14BufferedSerial5primeEv
                0x0003eda8        0xc flash-esp8266\bufferedSerial\BufferedSerial.o
 .ARM.extab.text._ZN4mbed10SerialBase6attachI14BufferedSerialEEvPT_MS3_FvvENS0_7IrqTypeE
                0x0003edb4        0xc flash-esp8266\bufferedSerial\BufferedSerial.o
 .ARM.extab.text._ZN8MyBufferIcE9availableEv
                0x0003edc0        0x0 flash-esp8266\bufferedSerial\BufferedSerial.o
 .ARM.extab.text._ZN8MyBufferIcEcviEv
                0x0003edc0        0x0 flash-esp8266\bufferedSerial\BufferedSerial.o
 .ARM.extab.text._ZN8MyBufferIcEaSEc
                0x0003edc0        0x0 flash-esp8266\bufferedSerial\BufferedSerial.o
 .ARM.extab.text._ZN8MyBufferIcE3getEv
                0x0003edc0        0x0 flash-esp8266\bufferedSerial\BufferedSerial.o
 .ARM.extab.text._ZN4mbed8CallbackIFvvEEC2I14BufferedSerialEEPT_MS5_FvvE
                0x0003edc0        0x0 flash-esp8266\bufferedSerial\BufferedSerial.o
 .ARM.extab.text._ZN8MyBufferIcE3putEc
                0x0003edc0        0x0 flash-esp8266\bufferedSerial\BufferedSerial.o
 .ARM.extab.text._ZN4mbed8CallbackIFvvEE6attachI14BufferedSerialEEvPT_MS5_FvvE
                0x0003edc0        0x0 flash-esp8266\bufferedSerial\BufferedSerial.o
 .ARM.extab.text._ZN4mbed8CallbackIFvvEE12_methodthunkI14BufferedSerialEEvPvS5_
                0x0003edc0        0xc flash-esp8266\bufferedSerial\BufferedSerial.o
 .ARM.extab.text._ZN8MyBufferIcEC2Em
                0x0003edcc        0xc flash-esp8266\bufferedSerial\buffer\MyBuffer.o
 .ARM.extab.text._ZN8MyBufferIcED2Ev
                0x0003edd8        0x0 flash-esp8266\bufferedSerial\buffer\MyBuffer.o
 .ARM.extab.text._ZN8MyBufferIcE5clearEv
                0x0003edd8        0x0 flash-esp8266\bufferedSerial\buffer\MyBuffer.o
 .ARM.extab.text._ZN4mbed9DigitalIncviEv
                0x0003edd8        0xc main.o
 .ARM.extab.text._ZN4mbed10DigitalOutaSEi
                0x0003ede4        0xc main.o
 .ARM.extab.text._ZN4mbed10DigitalOutcviEv
                0x0003edf0        0xc main.o
 .ARM.extab.text._ZN10SLIPPacketI14BufferedSerialED2Ev
                0x0003edfc        0x0 main.o
 .ARM.extab.text._ZN10ESPCommandI14BufferedSerialED2Ev
                0x0003edfc        0x0 main.o
 .ARM.extab.text.main
                0x0003edfc       0x1f main.o
 *fill*         0x0003ee1b        0x1 
 .ARM.extab.text._ZN10ESPCommandI14BufferedSerialEC2E7PinNameS2_S2_
                0x0003ee1c       0x1c main.o
 .ARM.extab.text._ZN10ESPCommandI14BufferedSerialE11flash_writeEmPKhm
                0x0003ee38        0xc main.o
 .ARM.extab.text._ZN10SLIPPacketI14BufferedSerialEC2E7PinNameS2_
                0x0003ee44        0xc main.o
 .ARM.extab.text._ZN10ESPCommandI14BufferedSerialE4syncEv
                0x0003ee50        0xc main.o
 .ARM.extab.text._ZN10ESPCommandI14BufferedSerialE11flash_startEmmm
                0x0003ee5c        0xc main.o
 .ARM.extab.text._ZN10ESPCommandI14BufferedSerialE10flash_dataEPKhmm
                0x0003ee68        0xc main.o
 .ARM.extab.text._ZN10ESPCommandI14BufferedSerialE12flash_finishEv
                0x0003ee74        0xc main.o
 .ARM.extab.text._ZN10ESPCommandI14BufferedSerialE10sync_frameEv
                0x0003ee80        0xc main.o
 .ARM.extab.text._ZN10ESPCommandI14BufferedSerialE13command_startEct
                0x0003ee8c        0xc main.o
 .ARM.extab.text._ZN10SLIPPacketI14BufferedSerialE4sendEPKvi
                0x0003ee98        0xc main.o
 .ARM.extab.text._ZN10ESPCommandI14BufferedSerialE14command_finishEv
                0x0003eea4        0xc main.o
 .ARM.extab.text._ZN10SLIPPacketI14BufferedSerialE5flushEv
                0x0003eeb0        0xc main.o
 .ARM.extab.text._ZN10SLIPPacketI14BufferedSerialE4putcEh
                0x0003eebc        0xc main.o
 .ARM.extab.text._ZN10ESPCommandI14BufferedSerialE13command_flushEv
                0x0003eec8        0xc main.o
 .ARM.extab.text._ZN10SLIPPacketI14BufferedSerialE9req_startEv
                0x0003eed4        0xc main.o
 .ARM.extab.text._ZN10SLIPPacketI14BufferedSerialE10req_finishEv
                0x0003eee0        0xc main.o
 .ARM.extab.text._ZN10SLIPPacketI14BufferedSerialE9checkputcEh
                0x0003eeec        0xc main.o
 .ARM.extab.text._ZN10SLIPPacketI14BufferedSerialE10resp_startEv
                0x0003eef8        0xc main.o
 .ARM.extab.text._ZN10SLIPPacketI14BufferedSerialE4getcEv
                0x0003ef04        0xc main.o
 .ARM.extab.text._ZN10SLIPPacketI14BufferedSerialE4recvEPvi
                0x0003ef10        0xc main.o
 .ARM.extab.text._ZN10SLIPPacketI14BufferedSerialE11resp_finishEv
                0x0003ef1c        0xc main.o
 .ARM.extab.text._ZN10SLIPPacketI14BufferedSerialE9checkgetcEv
                0x0003ef28        0xc main.o
 .ARM.extab     0x0003ef34       0x18 c:/program files (x86)/gnu tools arm embedded/5.4 2016q2/bin/../lib/gcc/arm-none-eabi/5.4.1/armv7e-m/softfp\libgcc.a(pr-support.o)
                0x0003ef4c                __exidx_start = .

.ARM.exidx      0x0003ef4c      0x310
 *(.ARM.exidx* .gnu.linkonce.armexidx.*)
 .ARM.exidx.text._ZN4mbed9DigitalInC2E7PinName
                0x0003ef4c        0x8 common\BusIn.o
 .ARM.exidx.text._ZN4mbed9DigitalIn4readEv
                0x0003ef54        0x8 common\BusIn.o
 .ARM.exidx.text._ZN4mbed10DigitalOutC2E7PinName
                0x0003ef5c        0x8 common\BusOut.o
 .ARM.exidx.text._ZN4mbed10DigitalOut5writeEi
                0x0003ef64        0x8 common\BusOut.o
 .ARM.exidx.text._ZN4mbed10DigitalOut4readEv
                0x0003ef6c        0x8 common\BusOut.o
 .ARM.exidx.text._ZN4mbed8CallbackIFvvEE4callEv
                0x0003ef74        0x8 common\CallChain.o
 .ARM.exidx.text._ZN4mbed8CallbackIFvvEE6attachERKS2_
                0x0003ef7c        0x8 common\CallChain.o
 .ARM.exidx.text._ZN4mbed10SerialBaseD2Ev
                0x0003ef84        0x0 common\RawSerial.o
                                  0x8 (size before relaxing)
 .ARM.exidx.text._ZN4mbed10SerialBaseD0Ev
                0x0003ef84        0x0 common\RawSerial.o
                                  0x8 (size before relaxing)
 .ARM.exidx.text._ZN4mbed9RawSerialC2E7PinNameS1_
                0x0003ef84        0x8 common\RawSerial.o
 .ARM.exidx.text._ZN4mbed9RawSerial4lockEv
                0x0003ef8c        0x8 common\RawSerial.o
 .ARM.exidx.text._ZN4mbed9RawSerial6unlockEv
                0x0003ef94        0x0 common\RawSerial.o
                                  0x8 (size before relaxing)
 .ARM.exidx.text._ZN4mbed9RawSerialD2Ev
                0x0003ef94        0x0 common\RawSerial.o
                                  0x8 (size before relaxing)
 .ARM.exidx.text._ZN4mbed9RawSerialD0Ev
                0x0003ef94        0x0 common\RawSerial.o
                                  0x8 (size before relaxing)
 .ARM.exidx.text._ZN4mbed10SerialBaseC2E7PinNameS1_
                0x0003ef94        0x8 common\SerialBase.o
 .ARM.exidx.text._ZN4mbed10SerialBase6attachENS_8CallbackIFvvEEENS0_7IrqTypeE
                0x0003ef9c        0x8 common\SerialBase.o
 .ARM.exidx.text._ZN4mbed10SerialBase12_irq_handlerEm9SerialIrq
                0x0003efa4        0x8 common\SerialBase.o
 .ARM.exidx.text._ZN4mbed10SerialBase4lockEv
                0x0003efac        0x8 common\SerialBase.o
 .ARM.exidx.text._ZN4mbed10SerialBase6unlockEv
                0x0003efb4        0x0 common\SerialBase.o
                                  0x8 (size before relaxing)
 .ARM.exidx.text._ZN4mbed8CallbackIFvvEEC2EPS1_
                0x0003efb4        0x0 common\SerialBase.o
                                  0x8 (size before relaxing)
 .ARM.exidx.text._ZNK4mbed8CallbackIFvvEEcvbEv
                0x0003efb4        0x0 common\SerialBase.o
                                  0x8 (size before relaxing)
 .ARM.exidx.text._ZN4mbed8CallbackIFvvEE6attachEPS1_
                0x0003efb4        0x0 common\SerialBase.o
                                  0x8 (size before relaxing)
 .ARM.exidx.text._ZN4mbed8CallbackIFvvEE12_staticthunkEPvS3_
                0x0003efb4        0x8 common\SerialBase.o
 .ARM.exidx.text._ZN4mbed5TimerC2Ev
                0x0003efbc        0x8 common\Timer.o
 .ARM.exidx.text._ZN4mbed5Timer5startEv
                0x0003efc4        0x8 common\Timer.o
 .ARM.exidx.text._ZN4mbed5Timer7read_usEv
                0x0003efcc        0x8 common\Timer.o
 .ARM.exidx.text._ZN4mbed5Timer7read_msEv
                0x0003efd4        0x8 common\Timer.o
 .ARM.exidx.text._ZN4mbed5Timer9slicetimeEv
                0x0003efdc        0x8 common\Timer.o
 .ARM.exidx.text._ZN4mbed5Timer5resetEv
                0x0003efe4       0x10 common\Timer.o
                                  0x8 (size before relaxing)
 .ARM.exidx.text._ZL11init_serialv
                0x0003eff4        0x8 common\retarget.o
 .ARM.exidx.text._close
                0x0003effc        0x8 common\retarget.o
 .ARM.exidx.text._write
                0x0003f004        0x8 common\retarget.o
 .ARM.exidx.text._read
                0x0003f00c        0x8 common\retarget.o
 .ARM.exidx.text._isatty
                0x0003f014        0x8 common\retarget.o
 .ARM.exidx.text._lseek
                0x0003f01c        0x8 common\retarget.o
 .ARM.exidx.text._fstat
                0x0003f024        0x8 common\retarget.o
 .ARM.exidx.text.exit
                0x0003f02c        0x8 common\retarget.o
 .ARM.exidx.text.__rtos_malloc_lock
                0x0003f034        0x0 common\retarget.o
                                  0x8 (size before relaxing)
 .ARM.exidx.text.__rtos_malloc_unlock
                0x0003f034        0x0 common\retarget.o
                                  0x8 (size before relaxing)
 .ARM.exidx.text.__malloc_lock
                0x0003f034        0x8 common\retarget.o
 .ARM.exidx.text.__malloc_unlock
                0x0003f03c       0x10 common\retarget.o
                                  0x8 (size before relaxing)
 .ARM.exidx.text._ZN14BufferedSerialC2E7PinNameS0_mmPKc
                0x0003f04c        0x8 flash-esp8266\bufferedSerial\BufferedSerial.o
 .ARM.exidx.text._ZN14BufferedSerialD2Ev
                0x0003f054        0x8 flash-esp8266\bufferedSerial\BufferedSerial.o
 .ARM.exidx.text._ZN14BufferedSerialD0Ev
                0x0003f05c        0x8 flash-esp8266\bufferedSerial\BufferedSerial.o
 .ARM.exidx.text._ZN14BufferedSerial8readableEv
                0x0003f064        0x0 flash-esp8266\bufferedSerial\BufferedSerial.o
                                  0x8 (size before relaxing)
 .ARM.exidx.text._ZN14BufferedSerial9writeableEv
                0x0003f064        0x0 flash-esp8266\bufferedSerial\BufferedSerial.o
                                  0x8 (size before relaxing)
 .ARM.exidx.text._ZN14BufferedSerial4getcEv
                0x0003f064        0x8 flash-esp8266\bufferedSerial\BufferedSerial.o
 .ARM.exidx.text._ZN14BufferedSerial4putcEi
                0x0003f06c        0x8 flash-esp8266\bufferedSerial\BufferedSerial.o
 .ARM.exidx.text._ZN14BufferedSerial4putsEPKc
                0x0003f074        0x8 flash-esp8266\bufferedSerial\BufferedSerial.o
 .ARM.exidx.text._ZN14BufferedSerial6printfEPKcz
                0x0003f07c        0x8 flash-esp8266\bufferedSerial\BufferedSerial.o
 .ARM.exidx.text._ZN14BufferedSerial5writeEPKvj
                0x0003f084        0x8 flash-esp8266\bufferedSerial\BufferedSerial.o
 .ARM.exidx.text._ZN14BufferedSerial5rxIrqEv
                0x0003f08c        0x8 flash-esp8266\bufferedSerial\BufferedSerial.o
 .ARM.exidx.text._ZN14BufferedSerial5txIrqEv
                0x0003f094        0x8 flash-esp8266\bufferedSerial\BufferedSerial.o
 .ARM.exidx.text._ZN14BufferedSerial5primeEv
                0x0003f09c        0x8 flash-esp8266\bufferedSerial\BufferedSerial.o
 .ARM.exidx.text._ZN4mbed10SerialBase6attachI14BufferedSerialEEvPT_MS3_FvvENS0_7IrqTypeE
                0x0003f0a4        0x8 flash-esp8266\bufferedSerial\BufferedSerial.o
 .ARM.exidx.text._ZN8MyBufferIcE9availableEv
                0x0003f0ac        0x8 flash-esp8266\bufferedSerial\BufferedSerial.o
 .ARM.exidx.text._ZN8MyBufferIcEcviEv
                0x0003f0b4        0x0 flash-esp8266\bufferedSerial\BufferedSerial.o
                                  0x8 (size before relaxing)
 .ARM.exidx.text._ZN8MyBufferIcEaSEc
                0x0003f0b4        0x0 flash-esp8266\bufferedSerial\BufferedSerial.o
                                  0x8 (size before relaxing)
 .ARM.exidx.text._ZN8MyBufferIcE3getEv
                0x0003f0b4        0x0 flash-esp8266\bufferedSerial\BufferedSerial.o
                                  0x8 (size before relaxing)
 .ARM.exidx.text._ZN4mbed8CallbackIFvvEEC2I14BufferedSerialEEPT_MS5_FvvE
                0x0003f0b4        0x0 flash-esp8266\bufferedSerial\BufferedSerial.o
                                  0x8 (size before relaxing)
 .ARM.exidx.text._ZN8MyBufferIcE3putEc
                0x0003f0b4        0x0 flash-esp8266\bufferedSerial\BufferedSerial.o
                                  0x8 (size before relaxing)
 .ARM.exidx.text._ZN4mbed8CallbackIFvvEE6attachI14BufferedSerialEEvPT_MS5_FvvE
                0x0003f0b4        0x0 flash-esp8266\bufferedSerial\BufferedSerial.o
                                  0x8 (size before relaxing)
 .ARM.exidx.text._ZN4mbed8CallbackIFvvEE12_methodthunkI14BufferedSerialEEvPvS5_
                0x0003f0b4        0x8 flash-esp8266\bufferedSerial\BufferedSerial.o
 .ARM.exidx.text._ZN8MyBufferIcEC2Em
                0x0003f0bc        0x8 flash-esp8266\bufferedSerial\buffer\MyBuffer.o
 .ARM.exidx.text._ZN8MyBufferIcED2Ev
                0x0003f0c4        0x8 flash-esp8266\bufferedSerial\buffer\MyBuffer.o
 .ARM.exidx.text._ZN8MyBufferIcE5clearEv
                0x0003f0cc        0x0 flash-esp8266\bufferedSerial\buffer\MyBuffer.o
                                  0x8 (size before relaxing)
 .ARM.exidx.text._ZN4mbed9DigitalIncviEv
                0x0003f0cc        0x8 main.o
 .ARM.exidx.text._ZN4mbed10DigitalOutaSEi
                0x0003f0d4        0x8 main.o
 .ARM.exidx.text._ZN4mbed10DigitalOutcviEv
                0x0003f0dc        0x8 main.o
 .ARM.exidx.text._ZN10SLIPPacketI14BufferedSerialED2Ev
                0x0003f0e4        0x8 main.o
 .ARM.exidx.text._ZN10ESPCommandI14BufferedSerialED2Ev
                0x0003f0ec        0x0 main.o
                                  0x8 (size before relaxing)
 .ARM.exidx.text.main
                0x0003f0ec        0x8 main.o
 .ARM.exidx.text._ZN10ESPCommandI14BufferedSerialEC2E7PinNameS2_S2_
                0x0003f0f4        0x8 main.o
 .ARM.exidx.text._ZN10ESPCommandI14BufferedSerialE11flash_writeEmPKhm
                0x0003f0fc        0x8 main.o
 .ARM.exidx.text._ZN10SLIPPacketI14BufferedSerialEC2E7PinNameS2_
                0x0003f104        0x8 main.o